Archive member included to satisfy reference by file (symbol)

C:/ST/STM32CubeIDE_2.0.0/STM32CubeIDE/plugins/com.st.stm32cube.ide.mcu.externaltools.gnu-tools-for-stm32.13.3.rel1.win32_1.0.100.202509120712/tools/bin/../lib/gcc/arm-none-eabi/13.3.1/../../../../arm-none-eabi/lib/thumb/v7-m/nofp\libc_nano.a(libc_a-exit.o)
                              C:/ST/STM32CubeIDE_2.0.0/STM32CubeIDE/plugins/com.st.stm32cube.ide.mcu.externaltools.gnu-tools-for-stm32.13.3.rel1.win32_1.0.100.202509120712/tools/bin/../lib/gcc/arm-none-eabi/13.3.1/../../../../arm-none-eabi/lib/thumb/v7-m/nofp/crt0.o (exit)
C:/ST/STM32CubeIDE_2.0.0/STM32CubeIDE/plugins/com.st.stm32cube.ide.mcu.externaltools.gnu-tools-for-stm32.13.3.rel1.win32_1.0.100.202509120712/tools/bin/../lib/gcc/arm-none-eabi/13.3.1/../../../../arm-none-eabi/lib/thumb/v7-m/nofp\libc_nano.a(libc_a-findfp.o)
                              C:/ST/STM32CubeIDE_2.0.0/STM32CubeIDE/plugins/com.st.stm32cube.ide.mcu.externaltools.gnu-tools-for-stm32.13.3.rel1.win32_1.0.100.202509120712/tools/bin/../lib/gcc/arm-none-eabi/13.3.1/../../../../arm-none-eabi/lib/thumb/v7-m/nofp\libc_nano.a(libc_a-exit.o) (__stdio_exit_handler)
C:/ST/STM32CubeIDE_2.0.0/STM32CubeIDE/plugins/com.st.stm32cube.ide.mcu.externaltools.gnu-tools-for-stm32.13.3.rel1.win32_1.0.100.202509120712/tools/bin/../lib/gcc/arm-none-eabi/13.3.1/../../../../arm-none-eabi/lib/thumb/v7-m/nofp\libc_nano.a(libc_a-fwalk.o)
                              C:/ST/STM32CubeIDE_2.0.0/STM32CubeIDE/plugins/com.st.stm32cube.ide.mcu.externaltools.gnu-tools-for-stm32.13.3.rel1.win32_1.0.100.202509120712/tools/bin/../lib/gcc/arm-none-eabi/13.3.1/../../../../arm-none-eabi/lib/thumb/v7-m/nofp\libc_nano.a(libc_a-findfp.o) (_fwalk_sglue)
C:/ST/STM32CubeIDE_2.0.0/STM32CubeIDE/plugins/com.st.stm32cube.ide.mcu.externaltools.gnu-tools-for-stm32.13.3.rel1.win32_1.0.100.202509120712/tools/bin/../lib/gcc/arm-none-eabi/13.3.1/../../../../arm-none-eabi/lib/thumb/v7-m/nofp\libc_nano.a(libc_a-sprintf.o)
                              ./Core/App/app_ethernet.o (sprintf)
C:/ST/STM32CubeIDE_2.0.0/STM32CubeIDE/plugins/com.st.stm32cube.ide.mcu.externaltools.gnu-tools-for-stm32.13.3.rel1.win32_1.0.100.202509120712/tools/bin/../lib/gcc/arm-none-eabi/13.3.1/../../../../arm-none-eabi/lib/thumb/v7-m/nofp\libc_nano.a(libc_a-sscanf.o)
                              ./Core/App/app_ethernet.o (sscanf)
C:/ST/STM32CubeIDE_2.0.0/STM32CubeIDE/plugins/com.st.stm32cube.ide.mcu.externaltools.gnu-tools-for-stm32.13.3.rel1.win32_1.0.100.202509120712/tools/bin/../lib/gcc/arm-none-eabi/13.3.1/../../../../arm-none-eabi/lib/thumb/v7-m/nofp\libc_nano.a(libc_a-stdio.o)
                              C:/ST/STM32CubeIDE_2.0.0/STM32CubeIDE/plugins/com.st.stm32cube.ide.mcu.externaltools.gnu-tools-for-stm32.13.3.rel1.win32_1.0.100.202509120712/tools/bin/../lib/gcc/arm-none-eabi/13.3.1/../../../../arm-none-eabi/lib/thumb/v7-m/nofp\libc_nano.a(libc_a-findfp.o) (__sread)
C:/ST/STM32CubeIDE_2.0.0/STM32CubeIDE/plugins/com.st.stm32cube.ide.mcu.externaltools.gnu-tools-for-stm32.13.3.rel1.win32_1.0.100.202509120712/tools/bin/../lib/gcc/arm-none-eabi/13.3.1/../../../../arm-none-eabi/lib/thumb/v7-m/nofp\libc_nano.a(libc_a-vsnprintf.o)
                              ./Core/App/app_usb_log.o (vsnprintf)
C:/ST/STM32CubeIDE_2.0.0/STM32CubeIDE/plugins/com.st.stm32cube.ide.mcu.externaltools.gnu-tools-for-stm32.13.3.rel1.win32_1.0.100.202509120712/tools/bin/../lib/gcc/arm-none-eabi/13.3.1/../../../../arm-none-eabi/lib/thumb/v7-m/nofp\libc_nano.a(libc_a-memset.o)
                              C:/ST/STM32CubeIDE_2.0.0/STM32CubeIDE/plugins/com.st.stm32cube.ide.mcu.externaltools.gnu-tools-for-stm32.13.3.rel1.win32_1.0.100.202509120712/tools/bin/../lib/gcc/arm-none-eabi/13.3.1/../../../../arm-none-eabi/lib/thumb/v7-m/nofp/crt0.o (memset)
C:/ST/STM32CubeIDE_2.0.0/STM32CubeIDE/plugins/com.st.stm32cube.ide.mcu.externaltools.gnu-tools-for-stm32.13.3.rel1.win32_1.0.100.202509120712/tools/bin/../lib/gcc/arm-none-eabi/13.3.1/../../../../arm-none-eabi/lib/thumb/v7-m/nofp\libc_nano.a(libc_a-strncmp.o)
                              ./Core/App/app_ethernet.o (strncmp)
C:/ST/STM32CubeIDE_2.0.0/STM32CubeIDE/plugins/com.st.stm32cube.ide.mcu.externaltools.gnu-tools-for-stm32.13.3.rel1.win32_1.0.100.202509120712/tools/bin/../lib/gcc/arm-none-eabi/13.3.1/../../../../arm-none-eabi/lib/thumb/v7-m/nofp\libc_nano.a(libc_a-strstr.o)
                              ./Core/App/app_uart_logic.o (strstr)
C:/ST/STM32CubeIDE_2.0.0/STM32CubeIDE/plugins/com.st.stm32cube.ide.mcu.externaltools.gnu-tools-for-stm32.13.3.rel1.win32_1.0.100.202509120712/tools/bin/../lib/gcc/arm-none-eabi/13.3.1/../../../../arm-none-eabi/lib/thumb/v7-m/nofp\libc_nano.a(libc_a-closer.o)
[...]
Memory Configuration

Name             Origin             Length             Attributes
RAM              0x20000000         0x00005000         xrw
FLASH            0x08000000         0x00010000         xr
*default*        0x00000000         0xffffffff

Linker script and memory map

LOAD C:/ST/STM32CubeIDE_2.0.0/STM32CubeIDE/plugins/com.st.stm32cube.ide.mcu.externaltools.gnu-tools-for-stm32.13.3.rel1.win32_1.0.100.202509120712/tools/bin/../lib/gcc/arm-none-eabi/13.3.1/thumb/v7-m/nofp/crti.o
LOAD C:/ST/STM32CubeIDE_2.0.0/STM32CubeIDE/plugins/com.st.stm32cube.ide.mcu.externaltools.gnu-tools-for-stm32.13.3.rel1.win32_1.0.100.202509120712/tools/bin/../lib/gcc/arm-none-eabi/13.3.1/thumb/v7-m/nofp/crtbegin.o
LOAD C:/ST/STM32CubeIDE_2.0.0/STM32CubeIDE/plugins/com.st.stm32cube.ide.mcu.externaltools.gnu-tools-for-stm32.13.3.rel1.win32_1.0.100.202509120712/tools/bin/../lib/gcc/arm-none-eabi/13.3.1/../../../../arm-none-eabi/lib/thumb/v7-m/nofp/crt0.o
LOAD ./Core/App/app_ethernet.o
LOAD ./Core/App/app_uart_logic.o
LOAD ./Core/App/app_usb_log.o
LOAD ./Core/App/app_usb_logic.o
LOAD ./Core/Src/main.o
LOAD ./Core/Src/stm32f1xx_hal_msp.o
LOAD ./Core/Src/stm32f1xx_it.o
LOAD ./Core/Src/syscalls.o
LOAD ./Core/Src/sysmem.o
LOAD ./Core/Src/system_stm32f1xx.o
LOAD ./Core/Startup/startup_stm32f103c8tx.o
LOAD ./Core/WIZNET/Ethernet/W5100/w5100.o
LOAD ./Core/WIZNET/Ethernet/W5100S/w5100s.o
LOAD ./Core/WIZNET/Ethernet/W5200/w5200.o
LOAD ./Core/WIZNET/Ethernet/W5300/w5300.o
LOAD ./Core/WIZNET/Ethernet/W5500/w5500.o
LOAD ./Core/WIZNET/Ethernet/W6100/w6100.o
LOAD ./Core/WIZNET/Ethernet/W6300/w6300.o
LOAD ./Core/WIZNET/Ethernet/socket.o
LOAD ./Core/WIZNET/Ethernet/wizchip_conf.o
LOAD ./Core/WIZNET/Internet/DHCP/dhcp.o
LOAD ./Drivers/STM32F1xx_HAL_Driver/Src/stm32f1xx_hal.o
LOAD ./Drivers/STM32F1xx_HAL_Driver/Src/stm32f1xx_hal_cortex.o
LOAD ./Drivers/STM32F1xx_HAL_Driver/Src/stm32f1xx_hal_dma.o
LOAD ./Drivers/STM32F1xx_HAL_Driver/Src/stm32f1xx_hal_exti.o
LOAD ./Drivers/STM32F1xx_HAL_Driver/Src/stm32f1xx_hal_flash.o
LOAD ./Drivers/STM32F1xx_HAL_Driver/Src/stm32f1xx_hal_flash_ex.o
LOAD ./Drivers/STM32F1xx_HAL_Driver/Src/stm32f1xx_hal_gpio.o
LOAD ./Drivers/STM32F1xx_HAL_Driver/Src/stm32f1xx_hal_gpio_ex.o
LOAD ./Drivers/STM32F1xx_HAL_Driver/Src/stm32f1xx_hal_pcd.o
LOAD ./Drivers/STM32F1xx_HAL_Driver/Src/stm32f1xx_hal_pcd_ex.o
LOAD ./Drivers/STM32F1xx_HAL_Driver/Src/stm32f1xx_hal_pwr.o
LOAD ./Drivers/STM32F1xx_HAL_Driver/Src/stm32f1xx_hal_rcc.o
LOAD ./Drivers/STM32F1xx_HAL_Driver/Src/stm32f1xx_hal_rcc_ex.o
LOAD ./Drivers/STM32F1xx_HAL_Driver/Src/stm32f1xx_hal_spi.o
LOAD ./Drivers/STM32F1xx_HAL_Driver/Src/stm32f1xx_hal_uart.o
LOAD ./Drivers/STM32F1xx_HAL_Driver/Src/stm32f1xx_ll_usb.o
LOAD ./Middlewares/ST/STM32_USB_Device_Library/Class/CDC/Src/usbd_cdc.o
LOAD ./Middlewares/ST/STM32_USB_Device_Library/Core/Src/usbd_core.o
LOAD ./Middlewares/ST/STM32_USB_Device_Library/Core/Src/usbd_ctlreq.o
LOAD ./Middlewares/ST/STM32_USB_Device_Library/Core/Src/usbd_ioreq.o
LOAD ./USB_DEVICE/App/usb_device.o
LOAD ./USB_DEVICE/App/usbd_cdc_if.o
LOAD ./USB_DEVICE/App/usbd_desc.o
LOAD ./USB_DEVICE/Target/usbd_conf.o
START GROUP
LOAD C:/ST/STM32CubeIDE_2.0.0/STM32CubeIDE/plugins/com.st.stm32cube.ide.mcu.externaltools.gnu-tools-for-stm32.13.3.rel1.win32_1.0.100.202509120712/tools/bin/../lib/gcc/arm-none-eabi/13.3.1/../../../../arm-none-eabi/lib/thumb/v7-m/nofp\libc_nano.a
LOAD C:/ST/STM32CubeIDE_2.0.0/STM32CubeIDE/plugins/com.st.stm32cube.ide.mcu.externaltools.gnu-tools-for-stm32.13.3.rel1.win32_1.0.100.202509120712/tools/bin/../lib/gcc/arm-none-eabi/13.3.1/../../../../arm-none-eabi/lib/thumb/v7-m/nofp\libm.a
END GROUP
START GROUP
LOAD C:/ST/STM32CubeIDE_2.0.0/STM32CubeIDE/plugins/com.st.stm32cube.ide.mcu.externaltools.gnu-tools-for-stm32.13.3.rel1.win32_1.0.100.202509120712/tools/bin/../lib/gcc/arm-none-eabi/13.3.1/thumb/v7-m/nofp\libgcc.a
LOAD C:/ST/STM32CubeIDE_2.0.0/STM32CubeIDE/plugins/com.st.stm32cube.ide.mcu.externaltools.gnu-tools-for-stm32.13.3.rel1.win32_1.0.100.202509120712/tools/bin/../lib/gcc/arm-none-eabi/13.3.1/../../../../arm-none-eabi/lib/thumb/v7-m/nofp\libc_nano.a
END GROUP
START GROUP
LOAD C:/ST/STM32CubeIDE_2.0.0/STM32CubeIDE/plugins/com.st.stm32cube.ide.mcu.externaltools.gnu-tools-for-stm32.13.3.rel1.win32_1.0.100.202509120712/tools/bin/../lib/gcc/arm-none-eabi/13.3.1/thumb/v7-m/nofp\libgcc.a
LOAD C:/ST/STM32CubeIDE_2.0.0/STM32CubeIDE/plugins/com.st.stm32cube.ide.mcu.externaltools.gnu-tools-for-stm32.13.3.rel1.win32_1.0.100.202509120712/tools/bin/../lib/gcc/arm-none-eabi/13.3.1/../../../../arm-none-eabi/lib/thumb/v7-m/nofp\libc_nano.a
LOAD C:/ST/STM32CubeIDE_2.0.0/STM32CubeIDE/plugins/com.st.stm32cube.ide.mcu.externaltools.gnu-tools-for-stm32.13.3.rel1.win32_1.0.100.202509120712/tools/bin/../lib/gcc/arm-none-eabi/13.3.1/../../../../arm-none-eabi/lib/thumb/v7-m/nofp\libnosys.a
END GROUP
START GROUP
LOAD C:/ST/STM32CubeIDE_2.0.0/STM32CubeIDE/plugins/com.st.stm32cube.ide.mcu.externaltools.gnu-tools-for-stm32.13.3.rel1.win32_1.0.100.202509120712/tools/bin/../lib/gcc/arm-none-eabi/13.3.1/thumb/v7-m/nofp\libgcc.a
LOAD C:/ST/STM32CubeIDE_2.0.0/STM32CubeIDE/plugins/com.st.stm32cube.ide.mcu.externaltools.gnu-tools-for-stm32.13.3.rel1.win32_1.0.100.202509120712/tools/bin/../lib/gcc/arm-none-eabi/13.3.1/../../../../arm-none-eabi/lib/thumb/v7-m/nofp\libc_nano.a
LOAD C:/ST/STM32CubeIDE_2.0.0/STM32CubeIDE/plugins/com.st.stm32cube.ide.mcu.externaltools.gnu-tools-for-stm32.13.3.rel1.win32_1.0.100.202509120712/tools/bin/../lib/gcc/arm-none-eabi/13.3.1/../../../../arm-none-eabi/lib/thumb/v7-m/nofp\libnosys.a
END GROUP
LOAD C:/ST/STM32CubeIDE_2.0.0/STM32CubeIDE/plugins/com.st.stm32cube.ide.mcu.externaltools.gnu-tools-for-stm32.13.3.rel1.win32_1.0.100.202509120712/tools/bin/../lib/gcc/arm-none-eabi/13.3.1/thumb/v7-m/nofp/crtend.o
LOAD C:/ST/STM32CubeIDE_2.0.0/STM32CubeIDE/plugins/com.st.stm32cube.ide.mcu.externaltools.gnu-tools-for-stm32.13.3.rel1.win32_1.0.100.202509120712/tools/bin/../lib/gcc/arm-none-eabi/13.3.1/thumb/v7-m/nofp/crtn.o
                0x20005000                        _estack = (ORIGIN (RAM) + LENGTH (RAM))
                0x00000200                        _Min_Heap_Size = 0x200
                0x00000400                        _Min_Stack_Size = 0x400

.isr_vector     0x08000000      0x10c
                0x08000000                        . = ALIGN (0x4)
 *(.isr_vector)
 .isr_vector    0x08000000      0x10c ./Core/Startup/startup_stm32f103c8tx.o
                0x08000000                g_pfnVectors
                0x0800010c                        . = ALIGN (0x4)

.text           0x0800010c     0xdadc
                0x0800010c                        . = ALIGN (0x4)
 *(.text)
 .text          0x0800010c       0x40 C:/ST/STM32CubeIDE_2.0.0/STM32CubeIDE/plugins/com.st.stm32cube.ide.mcu.externaltools.gnu-tools-for-stm32.13.3.rel1.win32_1.0.100.202509120712/tools/bin/../lib/gcc/arm-none-eabi/13.3.1/thumb/v7-m/nofp/crtbegin.o
 .text          0x0800014c       0x10 C:/ST/STM32CubeIDE_2.0.0/STM32CubeIDE/plugins/com.st.stm32cube.ide.mcu.externaltools.gnu-tools-for-stm32.13.3.rel1.win32_1.0.100.202509120712/tools/bin/../lib/gcc/arm-none-eabi/13.3.1/../../../../arm-none-eabi/lib/thumb/v7-m/nofp\libc_nano.a(libc_a-strlen.o)
                0x0800014c                strlen
 *(.text*)
 .text.W5500_Select
                0x0800015c       0x18 ./Core/App/app_ethernet.o
 .text.W5500_Unselect
                0x08000174       0x18 ./Core/App/app_ethernet.o
 .text.W5500_ReadByte
                0x0800018c       0x2c ./Core/App/app_ethernet.o
 .text.W5500_WriteByte
                0x080001b8       0x24 ./Core/App/app_ethernet.o
                0x080001b8                W5500_WriteByte
 .text.Get_Unique_MAC
                0x080001dc       0x4e ./Core/App/app_ethernet.o
 *fill*         0x0800022a        0x2 
 .text.cb_ip_assigned
                0x0800022c       0x5c ./Core/App/app_ethernet.o
 .text.cb_ip_conflict
                0x08000288       0x14 ./Core/App/app_ethernet.o
 .text.App_Ethernet_Init
                0x0800029c       0xd8 ./Core/App/app_ethernet.o
                0x0800029c                App_Ethernet_Init
 .text.App_Ethernet_Process
                0x08000374       0x4c ./Core/App/app_ethernet.o
                0x08000374                App_Ethernet_Process
 .text.Ethernet_Send_Command_To_LED
                0x080003c0       0x74 ./Core/App/app_ethernet.o
                0x080003c0                Ethernet_Send_Command_To_LED
 .text.Ethernet_Master_UDP_Receiver_Task
                0x08000434      0x208 ./Core/App/app_ethernet.o
 .text.Process_UART_Communication
                0x0800063c       0xb8 ./Core/App/app_uart_logic.o
                0x0800063c                Process_UART_Communication
 .text.USB_Printf
                0x080006f4       0x80 ./Core/App/app_usb_log.o
                0x080006f4                USB_Printf
 .text.Process_USB_To_Interfaces
                0x08000774       0x40 ./Core/App/app_usb_logic.o
                0x08000774                Process_USB_To_Interfaces
 .text.main     0x080007b4       0x44 ./Core/Src/main.o
                0x080007b4                main
 .text.SystemClock_Config
                0x080007f8       0xb6 ./Core/Src/main.o
                0x080007f8                SystemClock_Config
 *fill*         0x080008ae        0x2 
 .text.MX_SPI1_Init
                0x080008b0       0x6c ./Core/Src/main.o
 .text.MX_USART2_UART_Init
                0x0800091c       0x54 ./Core/Src/main.o
 .text.MX_GPIO_Init
                0x08000970       0x80 ./Core/Src/main.o
 .text.HAL_UART_RxCpltCallback
                0x080009f0       0xac ./Core/Src/main.o
                0x080009f0                HAL_UART_RxCpltCallback
 .text.Error_Handler
                0x08000a9c        0xc ./Core/Src/main.o
                0x08000a9c                Error_Handler
 .text.HAL_MspInit
                0x08000aa8       0x64 ./Core/Src/stm32f1xx_hal_msp.o
                0x08000aa8                HAL_MspInit
 .text.HAL_SPI_MspInit
                0x08000b0c       0x94 ./Core/Src/stm32f1xx_hal_msp.o
                0x08000b0c                HAL_SPI_MspInit
 .text.HAL_UART_MspInit
                0x08000ba0       0xa4 ./Core/Src/stm32f1xx_hal_msp.o
                0x08000ba0                HAL_UART_MspInit
 .text.NMI_Handler
                0x08000c44        0x8 ./Core/Src/stm32f1xx_it.o
                0x08000c44                NMI_Handler
 .text.HardFault_Handler
                0x08000c4c        0x8 ./Core/Src/stm32f1xx_it.o
                0x08000c4c                HardFault_Handler
 .text.MemManage_Handler
                0x08000c54        0x8 ./Core/Src/stm32f1xx_it.o
                0x08000c54                MemManage_Handler
 .text.BusFault_Handler
                0x08000c5c        0x8 ./Core/Src/stm32f1xx_it.o
                0x08000c5c                BusFault_Handler
 .text.UsageFault_Handler
                0x08000c64        0x8 ./Core/Src/stm32f1xx_it.o
                0x08000c64                UsageFault_Handler
 .text.SVC_Handler
                0x08000c6c        0xc ./Core/Src/stm32f1xx_it.o
                0x08000c6c                SVC_Handler
 .text.DebugMon_Handler
                0x08000c78        0xc ./Core/Src/stm32f1xx_it.o
                0x08000c78                DebugMon_Handler
 .text.PendSV_Handler
                0x08000c84        0xc ./Core/Src/stm32f1xx_it.o
                0x08000c84                PendSV_Handler
 .text.SysTick_Handler
                0x08000c90        0xc ./Core/Src/stm32f1xx_it.o
                0x08000c90                SysTick_Handler
 .text.USB_LP_CAN1_RX0_IRQHandler
                0x08000c9c       0x14 ./Core/Src/stm32f1xx_it.o
                0x08000c9c                USB_LP_CAN1_RX0_IRQHandler
 .text.USART2_IRQHandler
                0x08000cb0       0x14 ./Core/Src/stm32f1xx_it.o
                0x08000cb0                USART2_IRQHandler
 .text._sbrk    0x08000cc4       0x6c ./Core/Src/sysmem.o
                0x08000cc4                _sbrk
 .text.SystemInit
                0x08000d30        0xc ./Core/Src/system_stm32f1xx.o
                0x08000d30                SystemInit
 .text.Reset_Handler
                0x08000d3c       0x48 ./Core/Startup/startup_stm32f103c8tx.o
                0x08000d3c                Reset_Handler
 .text.Default_Handler
                0x08000d84        0x2 ./Core/Startup/startup_stm32f103c8tx.o
                0x08000d84                RTC_Alarm_IRQHandler
                0x08000d84                EXTI2_IRQHandler
                0x08000d84                TIM1_CC_IRQHandler
                0x08000d84                PVD_IRQHandler
                0x08000d84                EXTI3_IRQHandler
                0x08000d84                EXTI0_IRQHandler
                0x08000d84                I2C2_EV_IRQHandler
                0x08000d84                ADC1_2_IRQHandler
                0x08000d84                SPI1_IRQHandler
                0x08000d84                TAMPER_IRQHandler
                0x08000d84                DMA1_Channel4_IRQHandler
                0x08000d84                USART3_IRQHandler
                0x08000d84                RTC_IRQHandler
                0x08000d84                DMA1_Channel7_IRQHandler
                0x08000d84                CAN1_RX1_IRQHandler
                0x08000d84                TIM4_IRQHandler
                0x08000d84                I2C1_EV_IRQHandler
                0x08000d84                DMA1_Channel6_IRQHandler
                0x08000d84                TIM3_IRQHandler
                0x08000d84                RCC_IRQHandler
                0x08000d84                TIM1_TRG_COM_IRQHandler
                0x08000d84                DMA1_Channel1_IRQHandler
                0x08000d84                Default_Handler
                0x08000d84                EXTI15_10_IRQHandler
                0x08000d84                EXTI9_5_IRQHandler
                0x08000d84                SPI2_IRQHandler
                0x08000d84                DMA1_Channel5_IRQHandler
                0x08000d84                EXTI4_IRQHandler
                0x08000d84                USB_HP_CAN1_TX_IRQHandler
                0x08000d84                DMA1_Channel3_IRQHandler
                0x08000d84                TIM1_UP_IRQHandler
                0x08000d84                WWDG_IRQHandler
                0x08000d84                TIM2_IRQHandler
                0x08000d84                TIM1_BRK_IRQHandler
                0x08000d84                EXTI1_IRQHandler
                0x08000d84                I2C2_ER_IRQHandler
                0x08000d84                DMA1_Channel2_IRQHandler
                0x08000d84                CAN1_SCE_IRQHandler
                0x08000d84                FLASH_IRQHandler
                0x08000d84                USART1_IRQHandler
                0x08000d84                I2C1_ER_IRQHandler
                0x08000d84                USBWakeUp_IRQHandler
 *fill*         0x08000d86        0x2 
 .text.WIZCHIP_READ
                0x08000d88       0x98 ./Core/WIZNET/Ethernet/W5500/w5500.o
                0x08000d88                WIZCHIP_READ
 .text.WIZCHIP_WRITE
                0x08000e20       0x9c ./Core/WIZNET/Ethernet/W5500/w5500.o
                0x08000e20                WIZCHIP_WRITE
 .text.WIZCHIP_READ_BUF
                0x08000ebc       0xc0 ./Core/WIZNET/Ethernet/W5500/w5500.o
                0x08000ebc                WIZCHIP_READ_BUF
 .text.WIZCHIP_WRITE_BUF
                0x08000f7c       0xc0 ./Core/WIZNET/Ethernet/W5500/w5500.o
                0x08000f7c                WIZCHIP_WRITE_BUF
 .text.getSn_TX_FSR
                0x0800103c       0x92 ./Core/WIZNET/Ethernet/W5500/w5500.o
                0x0800103c                getSn_TX_FSR
 .text.getSn_RX_RSR
                0x080010ce       0x92 ./Core/WIZNET/Ethernet/W5500/w5500.o
                0x080010ce                getSn_RX_RSR
 .text.wiz_send_data
                0x08001160       0xb4 ./Core/WIZNET/Ethernet/W5500/w5500.o
                0x08001160                wiz_send_data
 .text.wiz_recv_data
                0x08001214       0xb4 ./Core/WIZNET/Ethernet/W5500/w5500.o
                0x08001214                wiz_recv_data
 .text.wiz_recv_ignore
                0x080012c8       0x8c ./Core/WIZNET/Ethernet/W5500/w5500.o
                0x080012c8                wiz_recv_ignore
 .text.socket   0x08001354      0x268 ./Core/WIZNET/Ethernet/socket.o
                0x08001354                socket
 .text.close    0x080015bc       0xdc ./Core/WIZNET/Ethernet/socket.o
                0x080015bc                close
 .text.connect_W5x00
                0x08001698       0x26 ./Core/WIZNET/Ethernet/socket.o
                0x08001698                connect_W5x00
 *fill*         0x080016be        0x2 
 .text.connect_IO_6
                0x080016c0      0x1e4 ./Core/WIZNET/Ethernet/socket.o
 .text.disconnect
                0x080018a4      0x104 ./Core/WIZNET/Ethernet/socket.o
                0x080018a4                disconnect
 .text.send     0x080019a8      0x2a8 ./Core/WIZNET/Ethernet/socket.o
                0x080019a8                send
 .text.sendto_W5x00
                0x08001c50       0x30 ./Core/WIZNET/Ethernet/socket.o
                0x08001c50                sendto_W5x00
 .text.sendto_IO_6
                0x08001c80      0x328 ./Core/WIZNET/Ethernet/socket.o
 .text.recvfrom_W5x00
                0x08001fa8       0x3a ./Core/WIZNET/Ethernet/socket.o
                0x08001fa8                recvfrom_W5x00
 *fill*         0x08001fe2        0x2 
 .text.recvfrom_IO_6
                0x08001fe4      0x420 ./Core/WIZNET/Ethernet/socket.o
 .text.wizchip_cris_enter
                0x08002404        0xc ./Core/WIZNET/Ethernet/wizchip_conf.o
                0x08002404                wizchip_cris_enter
 .text.wizchip_cris_exit
                0x08002410        0xc ./Core/WIZNET/Ethernet/wizchip_conf.o
                0x08002410                wizchip_cris_exit
 .text.wizchip_cs_select
                0x0800241c        0xc ./Core/WIZNET/Ethernet/wizchip_conf.o
                0x0800241c                wizchip_cs_select
 .text.wizchip_cs_deselect
                0x08002428        0xc ./Core/WIZNET/Ethernet/wizchip_conf.o
                0x08002428                wizchip_cs_deselect
 .text.wizchip_bus_readdata
                0x08002434       0x18 ./Core/WIZNET/Ethernet/wizchip_conf.o
                0x08002434                wizchip_bus_readdata
 .text.wizchip_bus_writedata
                0x0800244c       0x1c ./Core/WIZNET/Ethernet/wizchip_conf.o
                0x0800244c                wizchip_bus_writedata
 .text.wizchip_spi_readbyte
                0x08002468        0xe ./Core/WIZNET/Ethernet/wizchip_conf.o
                0x08002468                wizchip_spi_readbyte
 .text.wizchip_spi_writebyte
                0x08002476       0x14 ./Core/WIZNET/Ethernet/wizchip_conf.o
                0x08002476                wizchip_spi_writebyte
 *fill*         0x0800248a        0x2 
 .text.reg_wizchip_cs_cbfunc
                0x0800248c       0x48 ./Core/WIZNET/Ethernet/wizchip_conf.o
                0x0800248c                reg_wizchip_cs_cbfunc
 .text.reg_wizchip_spi_cbfunc
                0x080024d4       0x58 ./Core/WIZNET/Ethernet/wizchip_conf.o
                0x080024d4                reg_wizchip_spi_cbfunc
 .text.wizchip_sw_reset
                0x0800252c       0x98 ./Core/WIZNET/Ethernet/wizchip_conf.o
                0x0800252c                wizchip_sw_reset
 .text.wizchip_init
                0x080025c4      0x118 ./Core/WIZNET/Ethernet/wizchip_conf.o
                0x080025c4                wizchip_init
 .text.wizchip_setnetinfo
                0x080026dc       0x80 ./Core/WIZNET/Ethernet/wizchip_conf.o
                0x080026dc                wizchip_setnetinfo
 .text.default_ip_assign
                0x0800275c       0x38 ./Core/WIZNET/Internet/DHCP/dhcp.o
                0x0800275c                default_ip_assign
 .text.default_ip_update
                0x08002794       0x2c ./Core/WIZNET/Internet/DHCP/dhcp.o
                0x08002794                default_ip_update
 .text.default_ip_conflict
                0x080027c0       0x28 ./Core/WIZNET/Internet/DHCP/dhcp.o
                0x080027c0                default_ip_conflict
 .text.reg_dhcp_cbfunc
                0x080027e8       0x64 ./Core/WIZNET/Internet/DHCP/dhcp.o
                0x080027e8                reg_dhcp_cbfunc
 .text.makeDHCPMSG
                0x0800284c      0x1ec ./Core/WIZNET/Internet/DHCP/dhcp.o
                0x0800284c                makeDHCPMSG
 .text.send_DHCP_DISCOVER
                0x08002a38      0x38c ./Core/WIZNET/Internet/DHCP/dhcp.o
                0x08002a38                send_DHCP_DISCOVER
 .text.send_DHCP_REQUEST
                0x08002dc4      0x514 ./Core/WIZNET/Internet/DHCP/dhcp.o
                0x08002dc4                send_DHCP_REQUEST
 .text.send_DHCP_DECLINE
                0x080032d8      0x2a4 ./Core/WIZNET/Internet/DHCP/dhcp.o
                0x080032d8                send_DHCP_DECLINE
 .text.parseDHCPMSG
                0x0800357c      0x43c ./Core/WIZNET/Internet/DHCP/dhcp.o
                0x0800357c                parseDHCPMSG
 .text.DHCP_run
                0x080039b8      0x234 ./Core/WIZNET/Internet/DHCP/dhcp.o
                0x080039b8                DHCP_run
 .text.check_DHCP_timeout
                0x08003bec       0xc0 ./Core/WIZNET/Internet/DHCP/dhcp.o
                0x08003bec                check_DHCP_timeout
 .text.check_DHCP_leasedIP
                0x08003cac       0x7c ./Core/WIZNET/Internet/DHCP/dhcp.o
                0x08003cac                check_DHCP_leasedIP
 .text.DHCP_init
                0x08003d28      0x128 ./Core/WIZNET/Internet/DHCP/dhcp.o
                0x08003d28                DHCP_init
 .text.reset_DHCP_timeout
                0x08003e50       0x2c ./Core/WIZNET/Internet/DHCP/dhcp.o
                0x08003e50                reset_DHCP_timeout
 .text.DHCP_time_handler
                0x08003e7c       0x1c ./Core/WIZNET/Internet/DHCP/dhcp.o
                0x08003e7c                DHCP_time_handler
 .text.getIPfromDHCP
                0x08003e98       0x3c ./Core/WIZNET/Internet/DHCP/dhcp.o
                0x08003e98                getIPfromDHCP
 .text.getGWfromDHCP
                0x08003ed4       0x3c ./Core/WIZNET/Internet/DHCP/dhcp.o
                0x08003ed4                getGWfromDHCP
 .text.getSNfromDHCP
                0x08003f10       0x3c ./Core/WIZNET/Internet/DHCP/dhcp.o
                0x08003f10                getSNfromDHCP
 .text.getDNSfromDHCP
                0x08003f4c       0x3c ./Core/WIZNET/Internet/DHCP/dhcp.o
                0x08003f4c                getDNSfromDHCP
 .text.NibbleToHex
                0x08003f88       0x30 ./Core/WIZNET/Internet/DHCP/dhcp.o
                0x08003f88                NibbleToHex
 .text.HAL_Init
                0x08003fb8       0x2c ./Drivers/STM32F1xx_HAL_Driver/Src/stm32f1xx_hal.o
                0x08003fb8                HAL_Init
 .text.HAL_InitTick
                0x08003fe4       0x60 ./Drivers/STM32F1xx_HAL_Driver/Src/stm32f1xx_hal.o
                0x08003fe4                HAL_InitTick
 .text.HAL_IncTick
                0x08004044       0x24 ./Drivers/STM32F1xx_HAL_Driver/Src/stm32f1xx_hal.o
                0x08004044                HAL_IncTick
 .text.HAL_GetTick
                0x08004068       0x14 ./Drivers/STM32F1xx_HAL_Driver/Src/stm32f1xx_hal.o
                0x08004068                HAL_GetTick
 .text.HAL_Delay
                0x0800407c       0x48 ./Drivers/STM32F1xx_HAL_Driver/Src/stm32f1xx_hal.o
                0x0800407c                HAL_Delay
 .text.HAL_GetUIDw0
                0x080040c4       0x14 ./Drivers/STM32F1xx_HAL_Driver/Src/stm32f1xx_hal.o
                0x080040c4                HAL_GetUIDw0
 .text.__NVIC_SetPriorityGrouping
                0x080040d8       0x48 ./Drivers/STM32F1xx_HAL_Driver/Src/stm32f1xx_hal_cortex.o
 .text.__NVIC_GetPriorityGrouping
                0x08004120       0x1c ./Drivers/STM32F1xx_HAL_Driver/Src/stm32f1xx_hal_cortex.o
 .text.__NVIC_EnableIRQ
                0x0800413c       0x38 ./Drivers/STM32F1xx_HAL_Driver/Src/stm32f1xx_hal_cortex.o
 .text.__NVIC_SetPriority
                0x08004174       0x54 ./Drivers/STM32F1xx_HAL_Driver/Src/stm32f1xx_hal_cortex.o
 .text.NVIC_EncodePriority
                0x080041c8       0x64 ./Drivers/STM32F1xx_HAL_Driver/Src/stm32f1xx_hal_cortex.o
 .text.SysTick_Config
                0x0800422c       0x44 ./Drivers/STM32F1xx_HAL_Driver/Src/stm32f1xx_hal_cortex.o
 .text.HAL_NVIC_SetPriorityGrouping
                0x08004270       0x16 ./Drivers/STM32F1xx_HAL_Driver/Src/stm32f1xx_hal_cortex.o
                0x08004270                HAL_NVIC_SetPriorityGrouping
 .text.HAL_NVIC_SetPriority
                0x08004286       0x38 ./Drivers/STM32F1xx_HAL_Driver/Src/stm32f1xx_hal_cortex.o
                0x08004286                HAL_NVIC_SetPriority
 .text.HAL_NVIC_EnableIRQ
                0x080042be       0x1c ./Drivers/STM32F1xx_HAL_Driver/Src/stm32f1xx_hal_cortex.o
                0x080042be                HAL_NVIC_EnableIRQ
 .text.HAL_SYSTICK_Config
                0x080042da       0x18 ./Drivers/STM32F1xx_HAL_Driver/Src/stm32f1xx_hal_cortex.o
                0x080042da                HAL_SYSTICK_Config
 .text.HAL_DMA_Abort
                0x080042f2       0x76 ./Drivers/STM32F1xx_HAL_Driver/Src/stm32f1xx_hal_dma.o
                0x080042f2                HAL_DMA_Abort
 .text.HAL_DMA_Abort_IT
                0x08004368       0xf0 ./Drivers/STM32F1xx_HAL_Driver/Src/stm32f1xx_hal_dma.o
                0x08004368                HAL_DMA_Abort_IT
 .text.HAL_GPIO_Init
                0x08004458      0x308 ./Drivers/STM32F1xx_HAL_Driver/Src/stm32f1xx_hal_gpio.o
                0x08004458                HAL_GPIO_Init
 .text.HAL_GPIO_WritePin
                0x08004760       0x30 ./Drivers/STM32F1xx_HAL_Driver/Src/stm32f1xx_hal_gpio.o
                0x08004760                HAL_GPIO_WritePin
 .text.HAL_PCD_Init
                0x08004790      0x1ec ./Drivers/STM32F1xx_HAL_Driver/Src/stm32f1xx_hal_pcd.o
                0x08004790                HAL_PCD_Init
 .text.HAL_PCD_Start
                0x0800497c       0x4c ./Drivers/STM32F1xx_HAL_Driver/Src/stm32f1xx_hal_pcd.o
                0x0800497c                HAL_PCD_Start
 .text.HAL_PCD_IRQHandler
                0x080049c8      0x260 ./Drivers/STM32F1xx_HAL_Driver/Src/stm32f1xx_hal_pcd.o
                0x080049c8                HAL_PCD_IRQHandler
 .text.HAL_PCD_SetAddress
                0x08004c28       0x48 ./Drivers/STM32F1xx_HAL_Driver/Src/stm32f1xx_hal_pcd.o
                0x08004c28                HAL_PCD_SetAddress
 .text.HAL_PCD_EP_Open
                0x08004c70       0xba ./Drivers/STM32F1xx_HAL_Driver/Src/stm32f1xx_hal_pcd.o
                0x08004c70                HAL_PCD_EP_Open
 .text.HAL_PCD_EP_Close
                0x08004d2a       0x90 ./Drivers/STM32F1xx_HAL_Driver/Src/stm32f1xx_hal_pcd.o
                0x08004d2a                HAL_PCD_EP_Close
 .text.HAL_PCD_EP_Receive
                0x08004dba       0x62 ./Drivers/STM32F1xx_HAL_Driver/Src/stm32f1xx_hal_pcd.o
                0x08004dba                HAL_PCD_EP_Receive
 .text.HAL_PCD_EP_GetRxCount
                0x08004e1c       0x2e ./Drivers/STM32F1xx_HAL_Driver/Src/stm32f1xx_hal_pcd.o
                0x08004e1c                HAL_PCD_EP_GetRxCount
 .text.HAL_PCD_EP_Transmit
                0x08004e4a       0x6e ./Drivers/STM32F1xx_HAL_Driver/Src/stm32f1xx_hal_pcd.o
                0x08004e4a                HAL_PCD_EP_Transmit
 .text.HAL_PCD_EP_SetStall
                0x08004eb8       0xc0 ./Drivers/STM32F1xx_HAL_Driver/Src/stm32f1xx_hal_pcd.o
                0x08004eb8                HAL_PCD_EP_SetStall
 .text.HAL_PCD_EP_ClrStall
                0x08004f78       0xa8 ./Drivers/STM32F1xx_HAL_Driver/Src/stm32f1xx_hal_pcd.o
                0x08004f78                HAL_PCD_EP_ClrStall
 .text.PCD_EP_ISR_Handler
                0x08005020      0x79e ./Drivers/STM32F1xx_HAL_Driver/Src/stm32f1xx_hal_pcd.o
 .text.HAL_PCD_EP_DB_Receive
                0x080057be      0x21a ./Drivers/STM32F1xx_HAL_Driver/Src/stm32f1xx_hal_pcd.o
 .text.HAL_PCD_EP_DB_Transmit
                0x080059d8      0x7f4 ./Drivers/STM32F1xx_HAL_Driver/Src/stm32f1xx_hal_pcd.o
 .text.HAL_PCDEx_PMAConfig
                0x080061cc       0x84 ./Drivers/STM32F1xx_HAL_Driver/Src/stm32f1xx_hal_pcd_ex.o
                0x080061cc                HAL_PCDEx_PMAConfig
 .text.HAL_RCC_OscConfig
                0x08006250      0x504 ./Drivers/STM32F1xx_HAL_Driver/Src/stm32f1xx_hal_rcc.o
                0x08006250                HAL_RCC_OscConfig
 .text.HAL_RCC_ClockConfig
                0x08006754      0x1d4 ./Drivers/STM32F1xx_HAL_Driver/Src/stm32f1xx_hal_rcc.o
                0x08006754                HAL_RCC_ClockConfig
 .text.HAL_RCC_GetSysClockFreq
                0x08006928       0xa8 ./Drivers/STM32F1xx_HAL_Driver/Src/stm32f1xx_hal_rcc.o
                0x08006928                HAL_RCC_GetSysClockFreq
 .text.HAL_RCC_GetHCLKFreq
                0x080069d0       0x14 ./Drivers/STM32F1xx_HAL_Driver/Src/stm32f1xx_hal_rcc.o
                0x080069d0                HAL_RCC_GetHCLKFreq
 .text.HAL_RCC_GetPCLK1Freq
                0x080069e4       0x28 ./Drivers/STM32F1xx_HAL_Driver/Src/stm32f1xx_hal_rcc.o
                0x080069e4                HAL_RCC_GetPCLK1Freq
 .text.HAL_RCC_GetPCLK2Freq
                0x08006a0c       0x28 ./Drivers/STM32F1xx_HAL_Driver/Src/stm32f1xx_hal_rcc.o
                0x08006a0c                HAL_RCC_GetPCLK2Freq
 .text.RCC_Delay
                0x08006a34       0x3c ./Drivers/STM32F1xx_HAL_Driver/Src/stm32f1xx_hal_rcc.o
 .text.HAL_RCCEx_PeriphCLKConfig
                0x08006a70      0x16c ./Drivers/STM32F1xx_HAL_Driver/Src/stm32f1xx_hal_rcc_ex.o
                0x08006a70                HAL_RCCEx_PeriphCLKConfig
 .text.HAL_SPI_Init
                0x08006bdc      0x108 ./Drivers/STM32F1xx_HAL_Driver/Src/stm32f1xx_hal_spi.o
                0x08006bdc                HAL_SPI_Init
 .text.HAL_SPI_Transmit
                0x08006ce4      0x288 ./Drivers/STM32F1xx_HAL_Driver/Src/stm32f1xx_hal_spi.o
                0x08006ce4                HAL_SPI_Transmit
 .text.HAL_SPI_TransmitReceive
                0x08006f6c      0x352 ./Drivers/STM32F1xx_HAL_Driver/Src/stm32f1xx_hal_spi.o
                0x08006f6c                HAL_SPI_TransmitReceive
 *fill*         0x080072be        0x2 
 .text.SPI_WaitFlagStateUntilTimeout
                0x080072c0      0x110 ./Drivers/STM32F1xx_HAL_Driver/Src/stm32f1xx_hal_spi.o
 .text.SPI_EndRxTxTransaction
                0x080073d0       0x62 ./Drivers/STM32F1xx_HAL_Driver/Src/stm32f1xx_hal_spi.o
 .text.HAL_UART_Init
                0x08007432       0xa0 ./Drivers/STM32F1xx_HAL_Driver/Src/stm32f1xx_hal_uart.o
                0x08007432                HAL_UART_Init
 .text.HAL_UART_Transmit
                0x080074d2      0x116 ./Drivers/STM32F1xx_HAL_Driver/Src/stm32f1xx_hal_uart.o
                0x080074d2                HAL_UART_Transmit
 .text.HAL_UART_Receive_IT
                0x080075e8       0x4a ./Drivers/STM32F1xx_HAL_Driver/Src/stm32f1xx_hal_uart.o
                0x080075e8                HAL_UART_Receive_IT
 *fill*         0x08007632        0x2 
 .text.HAL_UART_IRQHandler
                0x08007634      0x524 ./Drivers/STM32F1xx_HAL_Driver/Src/stm32f1xx_hal_uart.o
                0x08007634                HAL_UART_IRQHandler
 .text.HAL_UART_TxCpltCallback
                0x08007b58       0x12 ./Drivers/STM32F1xx_HAL_Driver/Src/stm32f1xx_hal_uart.o
                0x08007b58                HAL_UART_TxCpltCallback
 .text.HAL_UART_ErrorCallback
                0x08007b6a       0x12 ./Drivers/STM32F1xx_HAL_Driver/Src/stm32f1xx_hal_uart.o
                0x08007b6a                HAL_UART_ErrorCallback
 .text.HAL_UARTEx_RxEventCallback
                0x08007b7c       0x16 ./Drivers/STM32F1xx_HAL_Driver/Src/stm32f1xx_hal_uart.o
                0x08007b7c                HAL_UARTEx_RxEventCallback
 .text.UART_WaitOnFlagUntilTimeout
                0x08007b92       0xb2 ./Drivers/STM32F1xx_HAL_Driver/Src/stm32f1xx_hal_uart.o
 .text.UART_Start_Receive_IT
                0x08007c44       0x72 ./Drivers/STM32F1xx_HAL_Driver/Src/stm32f1xx_hal_uart.o
                0x08007c44                UART_Start_Receive_IT
 .text.UART_EndRxTransfer
                0x08007cb6       0xc4 ./Drivers/STM32F1xx_HAL_Driver/Src/stm32f1xx_hal_uart.o
 .text.UART_DMAAbortOnError
                0x08007d7a       0x28 ./Drivers/STM32F1xx_HAL_Driver/Src/stm32f1xx_hal_uart.o
 .text.UART_Transmit_IT
                0x08007da2       0x9e ./Drivers/STM32F1xx_HAL_Driver/Src/stm32f1xx_hal_uart.o
 .text.UART_EndTransmit_IT
                0x08007e40       0x30 ./Drivers/STM32F1xx_HAL_Driver/Src/stm32f1xx_hal_uart.o
 .text.UART_Receive_IT
                0x08007e70      0x17c ./Drivers/STM32F1xx_HAL_Driver/Src/stm32f1xx_hal_uart.o
 .text.UART_SetConfig
                0x08007fec      0x11c ./Drivers/STM32F1xx_HAL_Driver/Src/stm32f1xx_hal_uart.o
 .text.USB_CoreInit
                0x08008108       0x1a ./Drivers/STM32F1xx_HAL_Driver/Src/stm32f1xx_ll_usb.o
                0x08008108                USB_CoreInit
 .text.USB_EnableGlobalInt
                0x08008122       0x2c ./Drivers/STM32F1xx_HAL_Driver/Src/stm32f1xx_ll_usb.o
                0x08008122                USB_EnableGlobalInt
 .text.USB_DisableGlobalInt
                0x0800814e       0x34 ./Drivers/STM32F1xx_HAL_Driver/Src/stm32f1xx_ll_usb.o
                0x0800814e                USB_DisableGlobalInt
 .text.USB_SetCurrentMode
                0x08008182       0x18 ./Drivers/STM32F1xx_HAL_Driver/Src/stm32f1xx_ll_usb.o
                0x08008182                USB_SetCurrentMode
 .text.USB_DevInit
                0x0800819a       0x3a ./Drivers/STM32F1xx_HAL_Driver/Src/stm32f1xx_ll_usb.o
                0x0800819a                USB_DevInit
 .text.USB_ActivateEndpoint
                0x080081d4      0x780 ./Drivers/STM32F1xx_HAL_Driver/Src/stm32f1xx_ll_usb.o
                0x080081d4                USB_ActivateEndpoint
 .text.USB_DeactivateEndpoint
                0x08008954      0x3d8 ./Drivers/STM32F1xx_HAL_Driver/Src/stm32f1xx_ll_usb.o
                0x08008954                USB_DeactivateEndpoint
 .text.USB_EPStartXfer
                0x08008d2c     0x1762 ./Drivers/STM32F1xx_HAL_Driver/Src/stm32f1xx_ll_usb.o
                0x08008d2c                USB_EPStartXfer
 .text.USB_EPSetStall
                0x0800a48e       0xa0 ./Drivers/STM32F1xx_HAL_Driver/Src/stm32f1xx_ll_usb.o
                0x0800a48e                USB_EPSetStall
 .text.USB_EPClearStall
                0x0800a52e      0x15a ./Drivers/STM32F1xx_HAL_Driver/Src/stm32f1xx_ll_usb.o
                0x0800a52e                USB_EPClearStall
 .text.USB_SetDevAddress
                0x0800a688       0x26 ./Drivers/STM32F1xx_HAL_Driver/Src/stm32f1xx_ll_usb.o
                0x0800a688                USB_SetDevAddress
 .text.USB_DevConnect
                0x0800a6ae       0x14 ./Drivers/STM32F1xx_HAL_Driver/Src/stm32f1xx_ll_usb.o
                0x0800a6ae                USB_DevConnect
 .text.USB_DevDisconnect
                0x0800a6c2       0x14 ./Drivers/STM32F1xx_HAL_Driver/Src/stm32f1xx_ll_usb.o
                0x0800a6c2                USB_DevDisconnect
 .text.USB_ReadInterrupts
                0x0800a6d6       0x1e ./Drivers/STM32F1xx_HAL_Driver/Src/stm32f1xx_ll_usb.o
                0x0800a6d6                USB_ReadInterrupts
 .text.USB_EP0_OutStart
                0x0800a6f4       0x16 ./Drivers/STM32F1xx_HAL_Driver/Src/stm32f1xx_ll_usb.o
                0x0800a6f4                USB_EP0_OutStart
 .text.USB_WritePMA
                0x0800a70a       0x8c ./Drivers/STM32F1xx_HAL_Driver/Src/stm32f1xx_ll_usb.o
                0x0800a70a                USB_WritePMA
 .text.USB_ReadPMA
                0x0800a796       0x9e ./Drivers/STM32F1xx_HAL_Driver/Src/stm32f1xx_ll_usb.o
                0x0800a796                USB_ReadPMA
 .text.USBD_CDC_Init
                0x0800a834       0xf4 ./Middlewares/ST/STM32_USB_Device_Library/Class/CDC/Src/usbd_cdc.o
 .text.USBD_CDC_DeInit
                0x0800a928       0x6e ./Middlewares/ST/STM32_USB_Device_Library/Class/CDC/Src/usbd_cdc.o
 .text.USBD_CDC_Setup
                0x0800a996      0x146 ./Middlewares/ST/STM32_USB_Device_Library/Class/CDC/Src/usbd_cdc.o
 .text.USBD_CDC_DataIn
                0x0800aadc       0xa6 ./Middlewares/ST/STM32_USB_Device_Library/Class/CDC/Src/usbd_cdc.o
 .text.USBD_CDC_DataOut
                0x0800ab82       0x56 ./Middlewares/ST/STM32_USB_Device_Library/Class/CDC/Src/usbd_cdc.o
 .text.USBD_CDC_EP0_RxReady
                0x0800abd8       0x4e ./Middlewares/ST/STM32_USB_Device_Library/Class/CDC/Src/usbd_cdc.o
 *fill*         0x0800ac26        0x2 
 .text.USBD_CDC_GetFSCfgDesc
                0x0800ac28       0x20 ./Middlewares/ST/STM32_USB_Device_Library/Class/CDC/Src/usbd_cdc.o
 .text.USBD_CDC_GetHSCfgDesc
                0x0800ac48       0x20 ./Middlewares/ST/STM32_USB_Device_Library/Class/CDC/Src/usbd_cdc.o
 .text.USBD_CDC_GetOtherSpeedCfgDesc
                0x0800ac68       0x20 ./Middlewares/ST/STM32_USB_Device_Library/Class/CDC/Src/usbd_cdc.o
 .text.USBD_CDC_GetDeviceQualifierDescriptor
                0x0800ac88       0x20 ./Middlewares/ST/STM32_USB_Device_Library/Class/CDC/Src/usbd_cdc.o
                0x0800ac88                USBD_CDC_GetDeviceQualifierDescriptor
 .text.USBD_CDC_RegisterInterface
                0x0800aca8       0x2c ./Middlewares/ST/STM32_USB_Device_Library/Class/CDC/Src/usbd_cdc.o
                0x0800aca8                USBD_CDC_RegisterInterface
 .text.USBD_CDC_SetTxBuffer
                0x0800acd4       0x32 ./Middlewares/ST/STM32_USB_Device_Library/Class/CDC/Src/usbd_cdc.o
                0x0800acd4                USBD_CDC_SetTxBuffer
 .text.USBD_CDC_SetRxBuffer
                0x0800ad06       0x26 ./Middlewares/ST/STM32_USB_Device_Library/Class/CDC/Src/usbd_cdc.o
                0x0800ad06                USBD_CDC_SetRxBuffer
 .text.USBD_CDC_TransmitPacket
                0x0800ad2c       0x5e ./Middlewares/ST/STM32_USB_Device_Library/Class/CDC/Src/usbd_cdc.o
                0x0800ad2c                USBD_CDC_TransmitPacket
 .text.USBD_CDC_ReceivePacket
                0x0800ad8a       0x54 ./Middlewares/ST/STM32_USB_Device_Library/Class/CDC/Src/usbd_cdc.o
                0x0800ad8a                USBD_CDC_ReceivePacket
 .text.USBD_Init
                0x0800adde       0x56 ./Middlewares/ST/STM32_USB_Device_Library/Core/Src/usbd_core.o
                0x0800adde                USBD_Init
 .text.USBD_RegisterClass
                0x0800ae34       0x32 ./Middlewares/ST/STM32_USB_Device_Library/Core/Src/usbd_core.o
                0x0800ae34                USBD_RegisterClass
 .text.USBD_Start
                0x0800ae66       0x18 ./Middlewares/ST/STM32_USB_Device_Library/Core/Src/usbd_core.o
                0x0800ae66                USBD_Start
 .text.USBD_RunTestMode
                0x0800ae7e       0x14 ./Middlewares/ST/STM32_USB_Device_Library/Core/Src/usbd_core.o
                0x0800ae7e                USBD_RunTestMode
 .text.USBD_SetClassConfig
                0x0800ae92       0x3e ./Middlewares/ST/STM32_USB_Device_Library/Core/Src/usbd_core.o
                0x0800ae92                USBD_SetClassConfig
 .text.USBD_ClrClassConfig
                0x0800aed0       0x26 ./Middlewares/ST/STM32_USB_Device_Library/Core/Src/usbd_core.o
                0x0800aed0                USBD_ClrClassConfig
 .text.USBD_LL_SetupStage
                0x0800aef6       0x9a ./Middlewares/ST/STM32_USB_Device_Library/Core/Src/usbd_core.o
                0x0800aef6                USBD_LL_SetupStage
 .text.USBD_LL_DataOutStage
                0x0800af90       0xe2 ./Middlewares/ST/STM32_USB_Device_Library/Core/Src/usbd_core.o
                0x0800af90                USBD_LL_DataOutStage
 .text.USBD_LL_DataInStage
                0x0800b072      0x14a ./Middlewares/ST/STM32_USB_Device_Library/Core/Src/usbd_core.o
                0x0800b072                USBD_LL_DataInStage
 .text.USBD_LL_Reset
                0x0800b1bc       0x82 ./Middlewares/ST/STM32_USB_Device_Library/Core/Src/usbd_core.o
                0x0800b1bc                USBD_LL_Reset
 .text.USBD_LL_SetSpeed
                0x0800b23e       0x1e ./Middlewares/ST/STM32_USB_Device_Library/Core/Src/usbd_core.o
                0x0800b23e                USBD_LL_SetSpeed
 .text.USBD_LL_Suspend
                0x0800b25c       0x28 ./Middlewares/ST/STM32_USB_Device_Library/Core/Src/usbd_core.o
                0x0800b25c                USBD_LL_Suspend
 .text.USBD_LL_Resume
                0x0800b284       0x2a ./Middlewares/ST/STM32_USB_Device_Library/Core/Src/usbd_core.o
                0x0800b284                USBD_LL_Resume
 .text.USBD_LL_SOF
                0x0800b2ae       0x34 ./Middlewares/ST/STM32_USB_Device_Library/Core/Src/usbd_core.o
                0x0800b2ae                USBD_LL_SOF
 *fill*         0x0800b2e2        0x2 
 .text.USBD_StdDevReq
                0x0800b2e4       0xd4 ./Middlewares/ST/STM32_USB_Device_Library/Core/Src/usbd_ctlreq.o
                0x0800b2e4                USBD_StdDevReq
 .text.USBD_StdItfReq
                0x0800b3b8       0x90 ./Middlewares/ST/STM32_USB_Device_Library/Core/Src/usbd_ctlreq.o
                0x0800b3b8                USBD_StdItfReq
 .text.USBD_StdEPReq
                0x0800b448      0x2c6 ./Middlewares/ST/STM32_USB_Device_Library/Core/Src/usbd_ctlreq.o
                0x0800b448                USBD_StdEPReq
 *fill*         0x0800b70e        0x2 
 .text.USBD_GetDescriptor
                0x0800b710      0x2d0 ./Middlewares/ST/STM32_USB_Device_Library/Core/Src/usbd_ctlreq.o
 .text.USBD_SetAddress
                0x0800b9e0       0x86 ./Middlewares/ST/STM32_USB_Device_Library/Core/Src/usbd_ctlreq.o
 *fill*         0x0800ba66        0x2 
 .text.USBD_SetConfig
                0x0800ba68      0x11c ./Middlewares/ST/STM32_USB_Device_Library/Core/Src/usbd_ctlreq.o
 .text.USBD_GetConfig
                0x0800bb84       0x6a ./Middlewares/ST/STM32_USB_Device_Library/Core/Src/usbd_ctlreq.o
 .text.USBD_GetStatus
                0x0800bbee       0x66 ./Middlewares/ST/STM32_USB_Device_Library/Core/Src/usbd_ctlreq.o
 .text.USBD_SetFeature
                0x0800bc54       0x28 ./Middlewares/ST/STM32_USB_Device_Library/Core/Src/usbd_ctlreq.o
 .text.USBD_ClrFeature
                0x0800bc7c       0x42 ./Middlewares/ST/STM32_USB_Device_Library/Core/Src/usbd_ctlreq.o
 .text.USBD_ParseSetupRequest
                0x0800bcbe       0x72 ./Middlewares/ST/STM32_USB_Device_Library/Core/Src/usbd_ctlreq.o
                0x0800bcbe                USBD_ParseSetupRequest
 .text.USBD_CtlError
                0x0800bd30       0x22 ./Middlewares/ST/STM32_USB_Device_Library/Core/Src/usbd_ctlreq.o
                0x0800bd30                USBD_CtlError
 .text.USBD_GetString
                0x0800bd52       0x84 ./Middlewares/ST/STM32_USB_Device_Library/Core/Src/usbd_ctlreq.o
                0x0800bd52                USBD_GetString
 .text.USBD_GetLen
                0x0800bdd6       0x2e ./Middlewares/ST/STM32_USB_Device_Library/Core/Src/usbd_ctlreq.o
 .text.USBD_CtlSendData
                0x0800be04       0x38 ./Middlewares/ST/STM32_USB_Device_Library/Core/Src/usbd_ioreq.o
                0x0800be04                USBD_CtlSendData
 .text.USBD_CtlContinueSendData
                0x0800be3c       0x24 ./Middlewares/ST/STM32_USB_Device_Library/Core/Src/usbd_ioreq.o
                0x0800be3c                USBD_CtlContinueSendData
 .text.USBD_CtlPrepareRx
                0x0800be60       0x3c ./Middlewares/ST/STM32_USB_Device_Library/Core/Src/usbd_ioreq.o
                0x0800be60                USBD_CtlPrepareRx
 .text.USBD_CtlContinueRx
                0x0800be9c       0x24 ./Middlewares/ST/STM32_USB_Device_Library/Core/Src/usbd_ioreq.o
                0x0800be9c                USBD_CtlContinueRx
 .text.USBD_CtlSendStatus
                0x0800bec0       0x26 ./Middlewares/ST/STM32_USB_Device_Library/Core/Src/usbd_ioreq.o
                0x0800bec0                USBD_CtlSendStatus
 .text.USBD_CtlReceiveStatus
                0x0800bee6       0x26 ./Middlewares/ST/STM32_USB_Device_Library/Core/Src/usbd_ioreq.o
                0x0800bee6                USBD_CtlReceiveStatus
 .text.MX_USB_DEVICE_Init
                0x0800bf0c       0x60 ./USB_DEVICE/App/usb_device.o
                0x0800bf0c                MX_USB_DEVICE_Init
 .text.CDC_Init_FS
                0x0800bf6c       0x28 ./USB_DEVICE/App/usbd_cdc_if.o
 .text.CDC_DeInit_FS
                0x0800bf94        0xe ./USB_DEVICE/App/usbd_cdc_if.o
 *fill*         0x0800bfa2        0x2 
 .text.CDC_Control_FS
                0x0800bfa4       0xbc ./USB_DEVICE/App/usbd_cdc_if.o
 .text.CDC_Receive_FS
                0x0800c060       0x40 ./USB_DEVICE/App/usbd_cdc_if.o
 .text.CDC_Transmit_FS
                0x0800c0a0       0x4c ./USB_DEVICE/App/usbd_cdc_if.o
                0x0800c0a0                CDC_Transmit_FS
 .text.USBD_FS_DeviceDescriptor
                0x0800c0ec       0x24 ./USB_DEVICE/App/usbd_desc.o
                0x0800c0ec                USBD_FS_DeviceDescriptor
 .text.USBD_FS_LangIDStrDescriptor
                0x0800c110       0x24 ./USB_DEVICE/App/usbd_desc.o
                0x0800c110                USBD_FS_LangIDStrDescriptor
 .text.USBD_FS_ProductStrDescriptor
                0x0800c134       0x3c ./USB_DEVICE/App/usbd_desc.o
                0x0800c134                USBD_FS_ProductStrDescriptor
 .text.USBD_FS_ManufacturerStrDescriptor
                0x0800c170       0x28 ./USB_DEVICE/App/usbd_desc.o
                0x0800c170                USBD_FS_ManufacturerStrDescriptor
 .text.USBD_FS_SerialStrDescriptor
                0x0800c198       0x24 ./USB_DEVICE/App/usbd_desc.o
                0x0800c198                USBD_FS_SerialStrDescriptor
 .text.USBD_FS_ConfigStrDescriptor
                0x0800c1bc       0x3c ./USB_DEVICE/App/usbd_desc.o
                0x0800c1bc                USBD_FS_ConfigStrDescriptor
 .text.USBD_FS_InterfaceStrDescriptor
                0x0800c1f8       0x3c ./USB_DEVICE/App/usbd_desc.o
                0x0800c1f8                USBD_FS_InterfaceStrDescriptor
 .text.Get_SerialNum
                0x0800c234       0x58 ./USB_DEVICE/App/usbd_desc.o
 .text.IntToUnicode
                0x0800c28c       0x7c ./USB_DEVICE/App/usbd_desc.o
 .text.HAL_PCD_MspInit
                0x0800c308       0x4c ./USB_DEVICE/Target/usbd_conf.o
                0x0800c308                HAL_PCD_MspInit
 .text.HAL_PCD_SetupStageCallback
                0x0800c354       0x24 ./USB_DEVICE/Target/usbd_conf.o
                0x0800c354                HAL_PCD_SetupStageCallback
 .text.HAL_PCD_DataOutStageCallback
                0x0800c378       0x36 ./USB_DEVICE/Target/usbd_conf.o
                0x0800c378                HAL_PCD_DataOutStageCallback
 .text.HAL_PCD_DataInStageCallback
                0x0800c3ae       0x34 ./USB_DEVICE/Target/usbd_conf.o
                0x0800c3ae                HAL_PCD_DataInStageCallback
 .text.HAL_PCD_SOFCallback
                0x0800c3e2       0x1c ./USB_DEVICE/Target/usbd_conf.o
                0x0800c3e2                HAL_PCD_SOFCallback
 .text.HAL_PCD_ResetCallback
                0x0800c3fe       0x3c ./USB_DEVICE/Target/usbd_conf.o
                0x0800c3fe                HAL_PCD_ResetCallback
 *fill*         0x0800c43a        0x2 
 .text.HAL_PCD_SuspendCallback
                0x0800c43c       0x34 ./USB_DEVICE/Target/usbd_conf.o
                0x0800c43c                HAL_PCD_SuspendCallback
 .text.HAL_PCD_ResumeCallback
                0x0800c470       0x1c ./USB_DEVICE/Target/usbd_conf.o
                0x0800c470                HAL_PCD_ResumeCallback
 .text.USBD_LL_Init
                0x0800c48c       0xb4 ./USB_DEVICE/Target/usbd_conf.o
                0x0800c48c                USBD_LL_Init
 .text.USBD_LL_Start
                0x0800c540       0x36 ./USB_DEVICE/Target/usbd_conf.o
                0x0800c540                USBD_LL_Start
 .text.USBD_LL_OpenEP
                0x0800c576       0x4c ./USB_DEVICE/Target/usbd_conf.o
                0x0800c576                USBD_LL_OpenEP
 .text.USBD_LL_CloseEP
                0x0800c5c2       0x3e ./USB_DEVICE/Target/usbd_conf.o
                0x0800c5c2                USBD_LL_CloseEP
 .text.USBD_LL_StallEP
                0x0800c600       0x3e ./USB_DEVICE/Target/usbd_conf.o
                0x0800c600                USBD_LL_StallEP
 .text.USBD_LL_ClearStallEP
                0x0800c63e       0x3e ./USB_DEVICE/Target/usbd_conf.o
                0x0800c63e                USBD_LL_ClearStallEP
 .text.USBD_LL_IsStallEP
                0x0800c67c       0x56 ./USB_DEVICE/Target/usbd_conf.o
                0x0800c67c                USBD_LL_IsStallEP
 .text.USBD_LL_SetUSBAddress
                0x0800c6d2       0x3e ./USB_DEVICE/Target/usbd_conf.o
                0x0800c6d2                USBD_LL_SetUSBAddress
 .text.USBD_LL_Transmit
                0x0800c710       0x46 ./USB_DEVICE/Target/usbd_conf.o
                0x0800c710                USBD_LL_Transmit
 .text.USBD_LL_PrepareReceive
                0x0800c756       0x46 ./USB_DEVICE/Target/usbd_conf.o
                0x0800c756                USBD_LL_PrepareReceive
 .text.USBD_LL_GetRxDataSize
                0x0800c79c       0x26 ./USB_DEVICE/Target/usbd_conf.o
                0x0800c79c                USBD_LL_GetRxDataSize
 *fill*         0x0800c7c2        0x2 
 .text.USBD_static_malloc
                0x0800c7c4       0x18 ./USB_DEVICE/Target/usbd_conf.o
                0x0800c7c4                USBD_static_malloc
 .text.USBD_static_free
                0x0800c7dc       0x12 ./USB_DEVICE/Target/usbd_conf.o
                0x0800c7dc                USBD_static_free
 .text.HAL_PCDEx_SetConnectionState
                0x0800c7ee       0x16 ./USB_DEVICE/Target/usbd_conf.o
                0x0800c7ee                HAL_PCDEx_SetConnectionState
 .text.USBD_Get_USB_Status
                0x0800c804       0x58 ./USB_DEVICE/Target/usbd_conf.o
 .text.sprintf  0x0800c85c       0x44 C:/ST/STM32CubeIDE_2.0.0/STM32CubeIDE/plugins/com.st.stm32cube.ide.mcu.externaltools.gnu-tools-for-stm32.13.3.rel1.win32_1.0.100.202509120712/tools/bin/../lib/gcc/arm-none-eabi/13.3.1/../../../../arm-none-eabi/lib/thumb/v7-m/nofp\libc_nano.a(libc_a-sprintf.o)
                0x0800c85c                siprintf
                0x0800c85c                sprintf
 .text.sscanf   0x0800c8a0       0x58 C:/ST/STM32CubeIDE_2.0.0/STM32CubeIDE/plugins/com.st.stm32cube.ide.mcu.externaltools.gnu-tools-for-stm32.13.3.rel1.win32_1.0.100.202509120712/tools/bin/../lib/gcc/arm-none-eabi/13.3.1/../../../../arm-none-eabi/lib/thumb/v7-m/nofp\libc_nano.a(libc_a-sscanf.o)
                0x0800c8a0                siscanf
                0x0800c8a0                sscanf
 .text.__seofread
                0x0800c8f8        0x4 C:/ST/STM32CubeIDE_2.0.0/STM32CubeIDE/plugins/com.st.stm32cube.ide.mcu.externaltools.gnu-tools-for-stm32.13.3.rel1.win32_1.0.100.202509120712/tools/bin/../lib/gcc/arm-none-eabi/13.3.1/../../../../arm-none-eabi/lib/thumb/v7-m/nofp\libc_nano.a(libc_a-stdio.o)
                0x0800c8f8                __seofread
 .text._vsnprintf_r
                0x0800c8fc       0x5c C:/ST/STM32CubeIDE_2.0.0/STM32CubeIDE/plugins/com.st.stm32cube.ide.mcu.externaltools.gnu-tools-for-stm32.13.3.rel1.win32_1.0.100.202509120712/tools/bin/../lib/gcc/arm-none-eabi/13.3.1/../../../../arm-none-eabi/lib/thumb/v7-m/nofp\libc_nano.a(libc_a-vsnprintf.o)
                0x0800c8fc                _vsniprintf_r
                0x0800c8fc                _vsnprintf_r
 .text.vsnprintf
                0x0800c958       0x1c C:/ST/STM32CubeIDE_2.0.0/STM32CubeIDE/plugins/com.st.stm32cube.ide.mcu.externaltools.gnu-tools-for-stm32.13.3.rel1.win32_1.0.100.202509120712/tools/bin/../lib/gcc/arm-none-eabi/13.3.1/../../../../arm-none-eabi/lib/thumb/v7-m/nofp\libc_nano.a(libc_a-vsnprintf.o)
                0x0800c958                vsniprintf
                0x0800c958                vsnprintf
 .text.memset   0x0800c974       0x10 C:/ST/STM32CubeIDE_2.0.0/STM32CubeIDE/plugins/com.st.stm32cube.ide.mcu.externaltools.gnu-tools-for-stm32.13.3.rel1.win32_1.0.100.202509120712/tools/bin/../lib/gcc/arm-none-eabi/13.3.1/../../../../arm-none-eabi/lib/thumb/v7-m/nofp\libc_nano.a(libc_a-memset.o)
                0x0800c974                memset
 .text.strncmp  0x0800c984       0x24 C:/ST/STM32CubeIDE_2.0.0/STM32CubeIDE/plugins/com.st.stm32cube.ide.mcu.externaltools.gnu-tools-for-stm32.13.3.rel1.win32_1.0.100.202509120712/tools/bin/../lib/gcc/arm-none-eabi/13.3.1/../../../../arm-none-eabi/lib/thumb/v7-m/nofp\libc_nano.a(libc_a-strncmp.o)
                0x0800c984                strncmp
 .text.strstr   0x0800c9a8       0x2c C:/ST/STM32CubeIDE_2.0.0/STM32CubeIDE/plugins/com.st.stm32cube.ide.mcu.externaltools.gnu-tools-for-stm32.13.3.rel1.win32_1.0.100.202509120712/tools/bin/../lib/gcc/arm-none-eabi/13.3.1/../../../../arm-none-eabi/lib/thumb/v7-m/nofp\libc_nano.a(libc_a-strstr.o)
                0x0800c9a8                strstr
 .text.__errno  0x0800c9d4        0xc C:/ST/STM32CubeIDE_2.0.0/STM32CubeIDE/plugins/com.st.stm32cube.ide.mcu.externaltools.gnu-tools-for-stm32.13.3.rel1.win32_1.0.100.202509120712/tools/bin/../lib/gcc/arm-none-eabi/13.3.1/../../../../arm-none-eabi/lib/thumb/v7-m/nofp\libc_nano.a(libc_a-errno.o)
                0x0800c9d4                __errno
 .text.__libc_init_array
                0x0800c9e0       0x48 C:/ST/STM32CubeIDE_2.0.0/STM32CubeIDE/plugins/com.st.stm32cube.ide.mcu.externaltools.gnu-tools-for-stm32.13.3.rel1.win32_1.0.100.202509120712/tools/bin/../lib/gcc/arm-none-eabi/13.3.1/../../../../arm-none-eabi/lib/thumb/v7-m/nofp\libc_nano.a(libc_a-init.o)
                0x0800c9e0                __libc_init_array
 .text.__retarget_lock_acquire_recursive
                0x0800ca28        0x2 C:/ST/STM32CubeIDE_2.0.0/STM32CubeIDE/plugins/com.st.stm32cube.ide.mcu.externaltools.gnu-tools-for-stm32.13.3.rel1.win32_1.0.100.202509120712/tools/bin/../lib/gcc/arm-none-eabi/13.3.1/../../../../arm-none-eabi/lib/thumb/v7-m/nofp\libc_nano.a(libc_a-lock.o)
                0x0800ca28                __retarget_lock_acquire_recursive
 .text.__retarget_lock_release_recursive
                0x0800ca2a        0x2 C:/ST/STM32CubeIDE_2.0.0/STM32CubeIDE/plugins/com.st.stm32cube.ide.mcu.externaltools.gnu-tools-for-stm32.13.3.rel1.win32_1.0.100.202509120712/tools/bin/../lib/gcc/arm-none-eabi/13.3.1/../../../../arm-none-eabi/lib/thumb/v7-m/nofp\libc_nano.a(libc_a-lock.o)
                0x0800ca2a                __retarget_lock_release_recursive
 .text._free_r  0x0800ca2c       0x90 C:/ST/STM32CubeIDE_2.0.0/STM32CubeIDE/plugins/com.st.stm32cube.ide.mcu.externaltools.gnu-tools-for-stm32.13.3.rel1.win32_1.0.100.202509120712/tools/bin/../lib/gcc/arm-none-eabi/13.3.1/../../../../arm-none-eabi/lib/thumb/v7-m/nofp\libc_nano.a(libc_a-freer.o)
                0x0800ca2c                _free_r
 .text.sbrk_aligned
                0x0800cabc       0x44 C:/ST/STM32CubeIDE_2.0.0/STM32CubeIDE/plugins/com.st.stm32cube.ide.mcu.externaltools.gnu-tools-for-stm32.13.3.rel1.win32_1.0.100.202509120712/tools/bin/../lib/gcc/arm-none-eabi/13.3.1/../../../../arm-none-eabi/lib/thumb/v7-m/nofp\libc_nano.a(libc_a-mallocr.o)
 .text._malloc_r
                0x0800cb00      0x100 C:/ST/STM32CubeIDE_2.0.0/STM32CubeIDE/plugins/com.st.stm32cube.ide.mcu.externaltools.gnu-tools-for-stm32.13.3.rel1.win32_1.0.100.202509120712/tools/bin/../lib/gcc/arm-none-eabi/13.3.1/../../../../arm-none-eabi/lib/thumb/v7-m/nofp\libc_nano.a(libc_a-mallocr.o)
                0x0800cb00                _malloc_r
 .text.__malloc_lock
                0x0800cc00        0xc C:/ST/STM32CubeIDE_2.0.0/STM32CubeIDE/plugins/com.st.stm32cube.ide.mcu.externaltools.gnu-tools-for-stm32.13.3.rel1.win32_1.0.100.202509120712/tools/bin/../lib/gcc/arm-none-eabi/13.3.1/../../../../arm-none-eabi/lib/thumb/v7-m/nofp\libc_nano.a(libc_a-mlock.o)
                0x0800cc00                __malloc_lock
 .text.__malloc_unlock
                0x0800cc0c        0xc C:/ST/STM32CubeIDE_2.0.0/STM32CubeIDE/plugins/com.st.stm32cube.ide.mcu.externaltools.gnu-tools-for-stm32.13.3.rel1.win32_1.0.100.202509120712/tools/bin/../lib/gcc/arm-none-eabi/13.3.1/../../../../arm-none-eabi/lib/thumb/v7-m/nofp\libc_nano.a(libc_a-mlock.o)
                0x0800cc0c                __malloc_unlock
 .text.__ssputs_r
                0x0800cc18       0xb6 C:/ST/STM32CubeIDE_2.0.0/STM32CubeIDE/plugins/com.st.stm32cube.ide.mcu.externaltools.gnu-tools-for-stm32.13.3.rel1.win32_1.0.100.202509120712/tools/bin/../lib/gcc/arm-none-eabi/13.3.1/../../../../arm-none-eabi/lib/thumb/v7-m/nofp\libc_nano.a(libc_a-nano-svfprintf.o)
                0x0800cc18                __ssputs_r
 *fill*         0x0800ccce        0x2 
 .text._svfprintf_r
                0x0800ccd0      0x1f8 C:/ST/STM32CubeIDE_2.0.0/STM32CubeIDE/plugins/com.st.stm32cube.ide.mcu.externaltools.gnu-tools-for-stm32.13.3.rel1.win32_1.0.100.202509120712/tools/bin/../lib/gcc/arm-none-eabi/13.3.1/../../../../arm-none-eabi/lib/thumb/v7-m/nofp\libc_nano.a(libc_a-nano-svfprintf.o)
                0x0800ccd0                _svfiprintf_r
                0x0800ccd0                _svfprintf_r
 .text._sungetc_r
                0x0800cec8       0x7a C:/ST/STM32CubeIDE_2.0.0/STM32CubeIDE/plugins/com.st.stm32cube.ide.mcu.externaltools.gnu-tools-for-stm32.13.3.rel1.win32_1.0.100.202509120712/tools/bin/../lib/gcc/arm-none-eabi/13.3.1/../../../../arm-none-eabi/lib/thumb/v7-m/nofp\libc_nano.a(libc_a-nano-svfscanf.o)
                0x0800cec8                _sungetc_r
 .text.__ssrefill_r
                0x0800cf42       0x3a C:/ST/STM32CubeIDE_2.0.0/STM32CubeIDE/plugins/com.st.stm32cube.ide.mcu.externaltools.gnu-tools-for-stm32.13.3.rel1.win32_1.0.100.202509120712/tools/bin/../lib/gcc/arm-none-eabi/13.3.1/../../../../arm-none-eabi/lib/thumb/v7-m/nofp\libc_nano.a(libc_a-nano-svfscanf.o)
                0x0800cf42                __ssrefill_r
 .text.__ssvfscanf_r
                0x0800cf7c      0x2e8 C:/ST/STM32CubeIDE_2.0.0/STM32CubeIDE/plugins/com.st.stm32cube.ide.mcu.externaltools.gnu-tools-for-stm32.13.3.rel1.win32_1.0.100.202509120712/tools/bin/../lib/gcc/arm-none-eabi/13.3.1/../../../../arm-none-eabi/lib/thumb/v7-m/nofp\libc_nano.a(libc_a-nano-svfscanf.o)
                0x0800cf7c                __ssvfiscanf_r
                0x0800cf7c                __ssvfscanf_r
 .text._printf_common
                0x0800d264       0xe4 C:/ST/STM32CubeIDE_2.0.0/STM32CubeIDE/plugins/com.st.stm32cube.ide.mcu.externaltools.gnu-tools-for-stm32.13.3.rel1.win32_1.0.100.202509120712/tools/bin/../lib/gcc/arm-none-eabi/13.3.1/../../../../arm-none-eabi/lib/thumb/v7-m/nofp\libc_nano.a(libc_a-nano-vfprintf_i.o)
                0x0800d264                _printf_common
 .text._printf_i
                0x0800d348      0x23c C:/ST/STM32CubeIDE_2.0.0/STM32CubeIDE/plugins/com.st.stm32cube.ide.mcu.externaltools.gnu-tools-for-stm32.13.3.rel1.win32_1.0.100.202509120712/tools/bin/../lib/gcc/arm-none-eabi/13.3.1/../../../../arm-none-eabi/lib/thumb/v7-m/nofp\libc_nano.a(libc_a-nano-vfprintf_i.o)
                0x0800d348                _printf_i
 .text._scanf_chars
                0x0800d584       0xb4 C:/ST/STM32CubeIDE_2.0.0/STM32CubeIDE/plugins/com.st.stm32cube.ide.mcu.externaltools.gnu-tools-for-stm32.13.3.rel1.win32_1.0.100.202509120712/tools/bin/../lib/gcc/arm-none-eabi/13.3.1/../../../../arm-none-eabi/lib/thumb/v7-m/nofp\libc_nano.a(libc_a-nano-vfscanf_i.o)
                0x0800d584                _scanf_chars
 .text._scanf_i
                0x0800d638      0x1e4 C:/ST/STM32CubeIDE_2.0.0/STM32CubeIDE/plugins/com.st.stm32cube.ide.mcu.externaltools.gnu-tools-for-stm32.13.3.rel1.win32_1.0.100.202509120712/tools/bin/../lib/gcc/arm-none-eabi/13.3.1/../../../../arm-none-eabi/lib/thumb/v7-m/nofp\libc_nano.a(libc_a-nano-vfscanf_i.o)
                0x0800d638                _scanf_i
 .text.__sccl   0x0800d81c       0x72 C:/ST/STM32CubeIDE_2.0.0/STM32CubeIDE/plugins/com.st.stm32cube.ide.mcu.externaltools.gnu-tools-for-stm32.13.3.rel1.win32_1.0.100.202509120712/tools/bin/../lib/gcc/arm-none-eabi/13.3.1/../../../../arm-none-eabi/lib/thumb/v7-m/nofp\libc_nano.a(libc_a-sccl.o)
                0x0800d81c                __sccl
 .text.__submore
                0x0800d88e       0x70 C:/ST/STM32CubeIDE_2.0.0/STM32CubeIDE/plugins/com.st.stm32cube.ide.mcu.externaltools.gnu-tools-for-stm32.13.3.rel1.win32_1.0.100.202509120712/tools/bin/../lib/gcc/arm-none-eabi/13.3.1/../../../../arm-none-eabi/lib/thumb/v7-m/nofp\libc_nano.a(libc_a-ungetc.o)
                0x0800d88e                __submore
 .text.memmove  0x0800d8fe       0x34 C:/ST/STM32CubeIDE_2.0.0/STM32CubeIDE/plugins/com.st.stm32cube.ide.mcu.externaltools.gnu-tools-for-stm32.13.3.rel1.win32_1.0.100.202509120712/tools/bin/../lib/gcc/arm-none-eabi/13.3.1/../../../../arm-none-eabi/lib/thumb/v7-m/nofp\libc_nano.a(libc_a-memmove.o)
                0x0800d8fe                memmove
 *fill*         0x0800d932        0x2 
 .text._sbrk_r  0x0800d934       0x20 C:/ST/STM32CubeIDE_2.0.0/STM32CubeIDE/plugins/com.st.stm32cube.ide.mcu.externaltools.gnu-tools-for-stm32.13.3.rel1.win32_1.0.100.202509120712/tools/bin/../lib/gcc/arm-none-eabi/13.3.1/../../../../arm-none-eabi/lib/thumb/v7-m/nofp\libc_nano.a(libc_a-sbrkr.o)
                0x0800d934                _sbrk_r
 .text.memchr   0x0800d954       0x1c C:/ST/STM32CubeIDE_2.0.0/STM32CubeIDE/plugins/com.st.stm32cube.ide.mcu.externaltools.gnu-tools-for-stm32.13.3.rel1.win32_1.0.100.202509120712/tools/bin/../lib/gcc/arm-none-eabi/13.3.1/../../../../arm-none-eabi/lib/thumb/v7-m/nofp\libc_nano.a(libc_a-memchr-stub.o)
                0x0800d954                memchr
 .text.memcpy   0x0800d970       0x1c C:/ST/STM32CubeIDE_2.0.0/STM32CubeIDE/plugins/com.st.stm32cube.ide.mcu.externaltools.gnu-tools-for-stm32.13.3.rel1.win32_1.0.100.202509120712/tools/bin/../lib/gcc/arm-none-eabi/13.3.1/../../../../arm-none-eabi/lib/thumb/v7-m/nofp\libc_nano.a(libc_a-memcpy-stub.o)
                0x0800d970                memcpy
 .text._realloc_r
                0x0800d98c       0x5c C:/ST/STM32CubeIDE_2.0.0/STM32CubeIDE/plugins/com.st.stm32cube.ide.mcu.externaltools.gnu-tools-for-stm32.13.3.rel1.win32_1.0.100.202509120712/tools/bin/../lib/gcc/arm-none-eabi/13.3.1/../../../../arm-none-eabi/lib/thumb/v7-m/nofp\libc_nano.a(libc_a-reallocr.o)
                0x0800d98c                _realloc_r
 .text._strtol_l.isra.0
                0x0800d9e8       0xf4 C:/ST/STM32CubeIDE_2.0.0/STM32CubeIDE/plugins/com.st.stm32cube.ide.mcu.externaltools.gnu-tools-for-stm32.13.3.rel1.win32_1.0.100.202509120712/tools/bin/../lib/gcc/arm-none-eabi/13.3.1/../../../../arm-none-eabi/lib/thumb/v7-m/nofp\libc_nano.a(libc_a-strtol.o)
 .text._strtol_r
                0x0800dadc        0x4 C:/ST/STM32CubeIDE_2.0.0/STM32CubeIDE/plugins/com.st.stm32cube.ide.mcu.externaltools.gnu-tools-for-stm32.13.3.rel1.win32_1.0.100.202509120712/tools/bin/../lib/gcc/arm-none-eabi/13.3.1/../../../../arm-none-eabi/lib/thumb/v7-m/nofp\libc_nano.a(libc_a-strtol.o)
                0x0800dadc                _strtol_r
 .text._strtoul_l.isra.0
                0x0800dae0       0xdc C:/ST/STM32CubeIDE_2.0.0/STM32CubeIDE/plugins/com.st.stm32cube.ide.mcu.externaltools.gnu-tools-for-stm32.13.3.rel1.win32_1.0.100.202509120712/tools/bin/../lib/gcc/arm-none-eabi/13.3.1/../../../../arm-none-eabi/lib/thumb/v7-m/nofp\libc_nano.a(libc_a-strtoul.o)
 .text._strtoul_r
                0x0800dbbc        0x4 C:/ST/STM32CubeIDE_2.0.0/STM32CubeIDE/plugins/com.st.stm32cube.ide.mcu.externaltools.gnu-tools-for-stm32.13.3.rel1.win32_1.0.100.202509120712/tools/bin/../lib/gcc/arm-none-eabi/13.3.1/../../../../arm-none-eabi/lib/thumb/v7-m/nofp\libc_nano.a(libc_a-strtoul.o)
                0x0800dbbc                _strtoul_r
 .text._malloc_usable_size_r
                0x0800dbc0       0x10 C:/ST/STM32CubeIDE_2.0.0/STM32CubeIDE/plugins/com.st.stm32cube.ide.mcu.externaltools.gnu-tools-for-stm32.13.3.rel1.win32_1.0.100.202509120712/tools/bin/../lib/gcc/arm-none-eabi/13.3.1/../../../../arm-none-eabi/lib/thumb/v7-m/nofp\libc_nano.a(libc_a-msizer.o)
                0x0800dbc0                _malloc_usable_size_r
 *(.glue_7)
 .glue_7        0x0800dbd0        0x0 linker stubs
 *(.glue_7t)
 .glue_7t       0x0800dbd0        0x0 linker stubs
 *(.eh_frame)
 .eh_frame      0x0800dbd0        0x0 C:/ST/STM32CubeIDE_2.0.0/STM32CubeIDE/plugins/com.st.stm32cube.ide.mcu.externaltools.gnu-tools-for-stm32.13.3.rel1.win32_1.0.100.202509120712/tools/bin/../lib/gcc/arm-none-eabi/13.3.1/thumb/v7-m/nofp/crtbegin.o
 *(.init)
 .init          0x0800dbd0        0x4 C:/ST/STM32CubeIDE_2.0.0/STM32CubeIDE/plugins/com.st.stm32cube.ide.mcu.externaltools.gnu-tools-for-stm32.13.3.rel1.win32_1.0.100.202509120712/tools/bin/../lib/gcc/arm-none-eabi/13.3.1/thumb/v7-m/nofp/crti.o
                0x0800dbd0                _init
 .init          0x0800dbd4        0x8 C:/ST/STM32CubeIDE_2.0.0/STM32CubeIDE/plugins/com.st.stm32cube.ide.mcu.externaltools.gnu-tools-for-stm32.13.3.rel1.win32_1.0.100.202509120712/tools/bin/../lib/gcc/arm-none-eabi/13.3.1/thumb/v7-m/nofp/crtn.o
 *(.fini)
 .fini          0x0800dbdc        0x4 C:/ST/STM32CubeIDE_2.0.0/STM32CubeIDE/plugins/com.st.stm32cube.ide.mcu.externaltools.gnu-tools-for-stm32.13.3.rel1.win32_1.0.100.202509120712/tools/bin/../lib/gcc/arm-none-eabi/13.3.1/thumb/v7-m/nofp/crti.o
                0x0800dbdc                _fini
 .fini          0x0800dbe0        0x8 C:/ST/STM32CubeIDE_2.0.0/STM32CubeIDE/plugins/com.st.stm32cube.ide.mcu.externaltools.gnu-tools-for-stm32.13.3.rel1.win32_1.0.100.202509120712/tools/bin/../lib/gcc/arm-none-eabi/13.3.1/thumb/v7-m/nofp/crtn.o
                0x0800dbe8                        . = ALIGN (0x4)
                0x0800dbe8                        _etext = .

.vfp11_veneer   0x0800dbe8        0x0
 .vfp11_veneer  0x0800dbe8        0x0 linker stubs

.v4_bx          0x0800dbe8        0x0
 .v4_bx         0x0800dbe8        0x0 linker stubs

.iplt           0x0800dbe8        0x0
 .iplt          0x0800dbe8        0x0 C:/ST/STM32CubeIDE_2.0.0/STM32CubeIDE/plugins/com.st.stm32cube.ide.mcu.externaltools.gnu-tools-for-stm32.13.3.rel1.win32_1.0.100.202509120712/tools/bin/../lib/gcc/arm-none-eabi/13.3.1/thumb/v7-m/nofp/crtbegin.o

.rodata         0x0800dbe8      0x2f0
                0x0800dbe8                        . = ALIGN (0x4)
 *(.rodata)
 .rodata        0x0800dbe8       0xac ./Core/App/app_ethernet.o
 .rodata        0x0800dc94       0x5a ./Core/App/app_uart_logic.o
 *fill*         0x0800dcee        0x2 
 .rodata        0x0800dcf0        0x3 ./Core/App/app_usb_logic.o
 *fill*         0x0800dcf3        0x1 
 .rodata        0x0800dcf4       0x12 ./Core/WIZNET/Internet/DHCP/dhcp.o
 *fill*         0x0800dd06        0x2 
 .rodata        0x0800dd08       0x46 ./USB_DEVICE/App/usbd_desc.o
 *fill*         0x0800dd4e        0x2 
 .rodata        0x0800dd50        0xc C:/ST/STM32CubeIDE_2.0.0/STM32CubeIDE/plugins/com.st.stm32cube.ide.mcu.externaltools.gnu-tools-for-stm32.13.3.rel1.win32_1.0.100.202509120712/tools/bin/../lib/gcc/arm-none-eabi/13.3.1/../../../../arm-none-eabi/lib/thumb/v7-m/nofp\libc_nano.a(libc_a-nano-vfscanf_i.o)
 *(.rodata*)
 .rodata.AHBPrescTable
                0x0800dd5c       0x10 ./Core/Src/system_stm32f1xx.o
                0x0800dd5c                AHBPrescTable
 .rodata.APBPrescTable
                0x0800dd6c        0x8 ./Core/Src/system_stm32f1xx.o
                0x0800dd6c                APBPrescTable
 .rodata.aPLLMULFactorTable.1
                0x0800dd74       0x10 ./Drivers/STM32F1xx_HAL_Driver/Src/stm32f1xx_hal_rcc.o
 .rodata.aPredivFactorTable.0
                0x0800dd84        0x2 ./Drivers/STM32F1xx_HAL_Driver/Src/stm32f1xx_hal_rcc.o
 .rodata._svfprintf_r.str1.1
                0x0800dd86       0x4e C:/ST/STM32CubeIDE_2.0.0/STM32CubeIDE/plugins/com.st.stm32cube.ide.mcu.externaltools.gnu-tools-for-stm32.13.3.rel1.win32_1.0.100.202509120712/tools/bin/../lib/gcc/arm-none-eabi/13.3.1/../../../../arm-none-eabi/lib/thumb/v7-m/nofp\libc_nano.a(libc_a-nano-svfprintf.o)
                                 0x11 (size before relaxing)
 .rodata.__ssvfscanf_r.str1.1
                0x0800ddd4        0x0 C:/ST/STM32CubeIDE_2.0.0/STM32CubeIDE/plugins/com.st.stm32cube.ide.mcu.externaltools.gnu-tools-for-stm32.13.3.rel1.win32_1.0.100.202509120712/tools/bin/../lib/gcc/arm-none-eabi/13.3.1/../../../../arm-none-eabi/lib/thumb/v7-m/nofp\libc_nano.a(libc_a-nano-svfscanf.o)
                                  0x4 (size before relaxing)
 .rodata._printf_i.str1.1
                0x0800ddd4        0x0 C:/ST/STM32CubeIDE_2.0.0/STM32CubeIDE/plugins/com.st.stm32cube.ide.mcu.externaltools.gnu-tools-for-stm32.13.3.rel1.win32_1.0.100.202509120712/tools/bin/../lib/gcc/arm-none-eabi/13.3.1/../../../../arm-none-eabi/lib/thumb/v7-m/nofp\libc_nano.a(libc_a-nano-vfprintf_i.o)
                                 0x22 (size before relaxing)
 .rodata._scanf_i.str1.1
                0x0800ddd4        0x0 C:/ST/STM32CubeIDE_2.0.0/STM32CubeIDE/plugins/com.st.stm32cube.ide.mcu.externaltools.gnu-tools-for-stm32.13.3.rel1.win32_1.0.100.202509120712/tools/bin/../lib/gcc/arm-none-eabi/13.3.1/../../../../arm-none-eabi/lib/thumb/v7-m/nofp\libc_nano.a(libc_a-nano-vfscanf_i.o)
                                 0x12 (size before relaxing)
 .rodata.str1.1
                0x0800ddd4        0x0 C:/ST/STM32CubeIDE_2.0.0/STM32CubeIDE/plugins/com.st.stm32cube.ide.mcu.externaltools.gnu-tools-for-stm32.13.3.rel1.win32_1.0.100.202509120712/tools/bin/../lib/gcc/arm-none-eabi/13.3.1/../../../../arm-none-eabi/lib/thumb/v7-m/nofp\libc_nano.a(libc_a-nano-vfscanf_i.o)
                                  0x9 (size before relaxing)
 .rodata._ctype_
                0x0800ddd4      0x101 C:/ST/STM32CubeIDE_2.0.0/STM32CubeIDE/plugins/com.st.stm32cube.ide.mcu.externaltools.gnu-tools-for-stm32.13.3.rel1.win32_1.0.100.202509120712/tools/bin/../lib/gcc/arm-none-eabi/13.3.1/../../../../arm-none-eabi/lib/thumb/v7-m/nofp\libc_nano.a(libc_a-ctype_.o)
                0x0800ddd4                _ctype_
                0x0800ded8                        . = ALIGN (0x4)
 *fill*         0x0800ded5        0x3 

.ARM.extab      0x0800ded8        0x0
                0x0800ded8                        . = ALIGN (0x4)
 *(.ARM.extab* .gnu.linkonce.armextab.*)
                0x0800ded8                        . = ALIGN (0x4)

.ARM            0x0800ded8        0x8
                0x0800ded8                        . = ALIGN (0x4)
                0x0800ded8                        __exidx_start = .
 *(.ARM.exidx*)
 .ARM.exidx     0x0800ded8        0x8 C:/ST/STM32CubeIDE_2.0.0/STM32CubeIDE/plugins/com.st.stm32cube.ide.mcu.externaltools.gnu-tools-for-stm32.13.3.rel1.win32_1.0.100.202509120712/tools/bin/../lib/gcc/arm-none-eabi/13.3.1/../../../../arm-none-eabi/lib/thumb/v7-m/nofp\libc_nano.a(libc_a-strlen.o)
                0x0800dee0                        __exidx_end = .
                0x0800dee0                        . = ALIGN (0x4)

.preinit_array  0x0800dee0        0x0
                0x0800dee0                        . = ALIGN (0x4)
                0x0800dee0                        PROVIDE (__preinit_array_start = .)
 *(.preinit_array*)
                0x0800dee0                        PROVIDE (__preinit_array_end = .)
                0x0800dee0                        . = ALIGN (0x4)

.init_array     0x0800dee0        0x4
                0x0800dee0                        . = ALIGN (0x4)
                0x0800dee0                        PROVIDE (__init_array_start = .)
 *(SORT_BY_NAME(.init_array.*))
 *(.init_array*)
 .init_array    0x0800dee0        0x4 C:/ST/STM32CubeIDE_2.0.0/STM32CubeIDE/plugins/com.st.stm32cube.ide.mcu.externaltools.gnu-tools-for-stm32.13.3.rel1.win32_1.0.100.202509120712/tools/bin/../lib/gcc/arm-none-eabi/13.3.1/thumb/v7-m/nofp/crtbegin.o
                0x0800dee4                        PROVIDE (__init_array_end = .)
                0x0800dee4                        . = ALIGN (0x4)

.fini_array     0x0800dee4        0x4
                0x0800dee4                        . = ALIGN (0x4)
                [!provide]                        PROVIDE (__fini_array_start = .)
 *(SORT_BY_NAME(.fini_array.*))
 *(.fini_array*)
 .fini_array    0x0800dee4        0x4 C:/ST/STM32CubeIDE_2.0.0/STM32CubeIDE/plugins/com.st.stm32cube.ide.mcu.externaltools.gnu-tools-for-stm32.13.3.rel1.win32_1.0.100.202509120712/tools/bin/../lib/gcc/arm-none-eabi/13.3.1/thumb/v7-m/nofp/crtbegin.o
                [!provide]                        PROVIDE (__fini_array_end = .)
                0x0800dee8                        . = ALIGN (0x4)
                0x0800dee8                        _sidata = LOADADDR (.data)

.rel.dyn        0x0800dee8        0x0
 .rel.iplt      0x0800dee8        0x0 C:/ST/STM32CubeIDE_2.0.0/STM32CubeIDE/plugins/com.st.stm32cube.ide.mcu.externaltools.gnu-tools-for-stm32.13.3.rel1.win32_1.0.100.202509120712/tools/bin/../lib/gcc/arm-none-eabi/13.3.1/thumb/v7-m/nofp/crtbegin.o

.data           0x20000000      0x218 load address 0x0800dee8
                0x20000000                        . = ALIGN (0x4)
                0x20000000                        _sdata = .
 *(.data)
 *(.data*)
 .data.SystemCoreClock
                0x20000000        0x4 ./Core/Src/system_stm32f1xx.o
                0x20000000                SystemCoreClock
 .data.sock_any_port
                0x20000004        0x2 ./Core/WIZNET/Ethernet/socket.o
 *fill*         0x20000006        0x2 
 .data.WIZCHIP  0x20000008       0x2c ./Core/WIZNET/Ethernet/wizchip_conf.o
                0x20000008                WIZCHIP
 .data.dhcp_lease_time
                0x20000034        0x4 ./Core/WIZNET/Internet/DHCP/dhcp.o
                0x20000034                dhcp_lease_time
 .data.dhcp_tick_next
                0x20000038        0x4 ./Core/WIZNET/Internet/DHCP/dhcp.o
                0x20000038                dhcp_tick_next
 .data.HOST_NAME
                0x2000003c        0x8 ./Core/WIZNET/Internet/DHCP/dhcp.o
                0x2000003c                HOST_NAME
 .data.dhcp_ip_assign
                0x20000044        0x4 ./Core/WIZNET/Internet/DHCP/dhcp.o
                0x20000044                dhcp_ip_assign
 .data.dhcp_ip_update
                0x20000048        0x4 ./Core/WIZNET/Internet/DHCP/dhcp.o
                0x20000048                dhcp_ip_update
 .data.dhcp_ip_conflict
                0x2000004c        0x4 ./Core/WIZNET/Internet/DHCP/dhcp.o
                0x2000004c                dhcp_ip_conflict
 .data.uwTickPrio
                0x20000050        0x4 ./Drivers/STM32F1xx_HAL_Driver/Src/stm32f1xx_hal.o
                0x20000050                uwTickPrio
 .data.uwTickFreq
                0x20000054        0x1 ./Drivers/STM32F1xx_HAL_Driver/Src/stm32f1xx_hal.o
                0x20000054                uwTickFreq
 *fill*         0x20000055        0x3 
 .data.USBD_CDC_DeviceQualifierDesc
                0x20000058        0xa ./Middlewares/ST/STM32_USB_Device_Library/Class/CDC/Src/usbd_cdc.o
 *fill*         0x20000062        0x2 
 .data.USBD_CDC
                0x20000064       0x38 ./Middlewares/ST/STM32_USB_Device_Library/Class/CDC/Src/usbd_cdc.o
                0x20000064                USBD_CDC
 .data.USBD_CDC_CfgHSDesc
                0x2000009c       0x43 ./Middlewares/ST/STM32_USB_Device_Library/Class/CDC/Src/usbd_cdc.o
                0x2000009c                USBD_CDC_CfgHSDesc
 *fill*         0x200000df        0x1 
 .data.USBD_CDC_CfgFSDesc
                0x200000e0       0x43 ./Middlewares/ST/STM32_USB_Device_Library/Class/CDC/Src/usbd_cdc.o
                0x200000e0                USBD_CDC_CfgFSDesc
 *fill*         0x20000123        0x1 
 .data.USBD_CDC_OtherSpeedCfgDesc
                0x20000124       0x43 ./Middlewares/ST/STM32_USB_Device_Library/Class/CDC/Src/usbd_cdc.o
                0x20000124                USBD_CDC_OtherSpeedCfgDesc
 *fill*         0x20000167        0x1 
 .data.USBD_Interface_fops_FS
                0x20000168       0x10 ./USB_DEVICE/App/usbd_cdc_if.o
                0x20000168                USBD_Interface_fops_FS
 .data.FS_Desc  0x20000178       0x1c ./USB_DEVICE/App/usbd_desc.o
                0x20000178                FS_Desc
 .data.USBD_FS_DeviceDesc
                0x20000194       0x12 ./USB_DEVICE/App/usbd_desc.o
                0x20000194                USBD_FS_DeviceDesc
 *fill*         0x200001a6        0x2 
 .data.USBD_LangIDDesc
                0x200001a8        0x4 ./USB_DEVICE/App/usbd_desc.o
                0x200001a8                USBD_LangIDDesc
 .data.USBD_StringSerial
                0x200001ac       0x1a ./USB_DEVICE/App/usbd_desc.o
                0x200001ac                USBD_StringSerial
 *fill*         0x200001c6        0x2 
 .data._impure_ptr
                0x200001c8        0x4 C:/ST/STM32CubeIDE_2.0.0/STM32CubeIDE/plugins/com.st.stm32cube.ide.mcu.externaltools.gnu-tools-for-stm32.13.3.rel1.win32_1.0.100.202509120712/tools/bin/../lib/gcc/arm-none-eabi/13.3.1/../../../../arm-none-eabi/lib/thumb/v7-m/nofp\libc_nano.a(libc_a-impure.o)
                0x200001c8                _impure_ptr
 .data._impure_data
                0x200001cc       0x4c C:/ST/STM32CubeIDE_2.0.0/STM32CubeIDE/plugins/com.st.stm32cube.ide.mcu.externaltools.gnu-tools-for-stm32.13.3.rel1.win32_1.0.100.202509120712/tools/bin/../lib/gcc/arm-none-eabi/13.3.1/../../../../arm-none-eabi/lib/thumb/v7-m/nofp\libc_nano.a(libc_a-impure.o)
                0x200001cc                _impure_data
 *(.RamFunc)
 *(.RamFunc*)
                0x20000218                        . = ALIGN (0x4)
                0x20000218                        _edata = .

.igot.plt       0x20000218        0x0 load address 0x0800e100
 .igot.plt      0x20000218        0x0 C:/ST/STM32CubeIDE_2.0.0/STM32CubeIDE/plugins/com.st.stm32cube.ide.mcu.externaltools.gnu-tools-for-stm32.13.3.rel1.win32_1.0.100.202509120712/tools/bin/../lib/gcc/arm-none-eabi/13.3.1/thumb/v7-m/nofp/crtbegin.o
                0x20000218                        . = ALIGN (0x4)

.bss            0x20000218     0x1884 load address 0x0800e100
                0x20000218                        _sbss = .
                0x20000218                        __bss_start__ = _sbss
 *(.bss)
 .bss           0x20000218       0x1c C:/ST/STM32CubeIDE_2.0.0/STM32CubeIDE/plugins/com.st.stm32cube.ide.mcu.externaltools.gnu-tools-for-stm32.13.3.rel1.win32_1.0.100.202509120712/tools/bin/../lib/gcc/arm-none-eabi/13.3.1/thumb/v7-m/nofp/crtbegin.o
 *(.bss*)
 .bss.dhcp_buffer
                0x20000234      0x400 ./Core/App/app_ethernet.o
 .bss.ip_assigned
                0x20000634        0x1 ./Core/App/app_ethernet.o
 *fill*         0x20000635        0x3 
 .bss.neighbor_ip
                0x20000638        0x4 ./Core/App/app_ethernet.o
 .bss.last_dhcp_tick.2
                0x2000063c        0x4 ./Core/App/app_ethernet.o
 .bss.last_log.1
                0x20000640        0x4 ./Core/App/app_ethernet.o
 .bss.last_beacon_time.0
                0x20000644        0x4 ./Core/App/app_ethernet.o
 .bss.hspi1     0x20000648       0x58 ./Core/Src/main.o
                0x20000648                hspi1
 .bss.huart2    0x200006a0       0x48 ./Core/Src/main.o
                0x200006a0                huart2
 .bss.uart_rx_data
                0x200006e8        0x1 ./Core/Src/main.o
                0x200006e8                uart_rx_data
 *fill*         0x200006e9        0x3 
 .bss.uart_rx_buffer
                0x200006ec       0x40 ./Core/Src/main.o
                0x200006ec                uart_rx_buffer
 .bss.uart_rx_index
                0x2000072c        0x1 ./Core/Src/main.o
                0x2000072c                uart_rx_index
 .bss.uart_is_collecting
                0x2000072d        0x1 ./Core/Src/main.o
                0x2000072d                uart_is_collecting
 .bss.uart_msg_ready
                0x2000072e        0x1 ./Core/Src/main.o
                0x2000072e                uart_msg_ready
 *fill*         0x2000072f        0x1 
 .bss.__sbrk_heap_end
                0x20000730        0x4 ./Core/Src/sysmem.o
 .bss.sock_io_mode
                0x20000734        0x2 ./Core/WIZNET/Ethernet/socket.o
 .bss.sock_is_sending
                0x20000736        0x2 ./Core/WIZNET/Ethernet/socket.o
 .bss.sock_remained_size
                0x20000738       0x10 ./Core/WIZNET/Ethernet/socket.o
 .bss.sock_pack_info
                0x20000748        0x8 ./Core/WIZNET/Ethernet/socket.o
                0x20000748                sock_pack_info
 .bss._DNS_     0x20000750        0x4 ./Core/WIZNET/Ethernet/wizchip_conf.o
 .bss._DHCP_    0x20000754        0x1 ./Core/WIZNET/Ethernet/wizchip_conf.o
 .bss.DHCP_SOCKET
                0x20000755        0x1 ./Core/WIZNET/Internet/DHCP/dhcp.o
                0x20000755                DHCP_SOCKET
 *fill*         0x20000756        0x2 
 .bss.DHCP_SIP  0x20000758        0x4 ./Core/WIZNET/Internet/DHCP/dhcp.o
                0x20000758                DHCP_SIP
 .bss.DHCP_REAL_SIP
                0x2000075c        0x4 ./Core/WIZNET/Internet/DHCP/dhcp.o
                0x2000075c                DHCP_REAL_SIP
 .bss.OLD_allocated_ip
                0x20000760        0x4 ./Core/WIZNET/Internet/DHCP/dhcp.o
                0x20000760                OLD_allocated_ip
 .bss.DHCP_allocated_ip
                0x20000764        0x4 ./Core/WIZNET/Internet/DHCP/dhcp.o
                0x20000764                DHCP_allocated_ip
 .bss.DHCP_allocated_gw
                0x20000768        0x4 ./Core/WIZNET/Internet/DHCP/dhcp.o
                0x20000768                DHCP_allocated_gw
 .bss.DHCP_allocated_sn
                0x2000076c        0x4 ./Core/WIZNET/Internet/DHCP/dhcp.o
                0x2000076c                DHCP_allocated_sn
 .bss.DHCP_allocated_dns
                0x20000770        0x4 ./Core/WIZNET/Internet/DHCP/dhcp.o
                0x20000770                DHCP_allocated_dns
 .bss.dhcp_state
                0x20000774        0x1 ./Core/WIZNET/Internet/DHCP/dhcp.o
                0x20000774                dhcp_state
 .bss.dhcp_retry_count
                0x20000775        0x1 ./Core/WIZNET/Internet/DHCP/dhcp.o
                0x20000775                dhcp_retry_count
 *fill*         0x20000776        0x2 
 .bss.dhcp_tick_1s
                0x20000778        0x4 ./Core/WIZNET/Internet/DHCP/dhcp.o
                0x20000778                dhcp_tick_1s
 .bss.DHCP_XID  0x2000077c        0x4 ./Core/WIZNET/Internet/DHCP/dhcp.o
                0x2000077c                DHCP_XID
 .bss.pDHCPMSG  0x20000780        0x4 ./Core/WIZNET/Internet/DHCP/dhcp.o
                0x20000780                pDHCPMSG
 .bss.DHCP_CHADDR
                0x20000784        0x6 ./Core/WIZNET/Internet/DHCP/dhcp.o
                0x20000784                DHCP_CHADDR
 *fill*         0x2000078a        0x2 
 .bss.uwTick    0x2000078c        0x4 ./Drivers/STM32F1xx_HAL_Driver/Src/stm32f1xx_hal.o
                0x2000078c                uwTick
 .bss.cfgidx.0  0x20000790        0x1 ./Middlewares/ST/STM32_USB_Device_Library/Core/Src/usbd_ctlreq.o
 *fill*         0x20000791        0x3 
 .bss.hUsbDeviceFS
                0x20000794      0x2c4 ./USB_DEVICE/App/usb_device.o
                0x20000794                hUsbDeviceFS
 .bss.rx_flag   0x20000a58        0x1 ./USB_DEVICE/App/usbd_cdc_if.o
                0x20000a58                rx_flag
 .bss.rx_data   0x20000a59        0x1 ./USB_DEVICE/App/usbd_cdc_if.o
                0x20000a59                rx_data
 *fill*         0x20000a5a        0x2 
 .bss.UserRxBufferFS
                0x20000a5c      0x400 ./USB_DEVICE/App/usbd_cdc_if.o
                0x20000a5c                UserRxBufferFS
 .bss.UserTxBufferFS
                0x20000e5c      0x400 ./USB_DEVICE/App/usbd_cdc_if.o
                0x20000e5c                UserTxBufferFS
 .bss.USBD_StrDesc
                0x2000125c      0x200 ./USB_DEVICE/App/usbd_desc.o
                0x2000125c                USBD_StrDesc
 .bss.hpcd_USB_FS
                0x2000145c      0x2d8 ./USB_DEVICE/Target/usbd_conf.o
                0x2000145c                hpcd_USB_FS
 .bss.mem.0     0x20001734      0x220 ./USB_DEVICE/Target/usbd_conf.o
 .bss.__sf      0x20001954      0x138 C:/ST/STM32CubeIDE_2.0.0/STM32CubeIDE/plugins/com.st.stm32cube.ide.mcu.externaltools.gnu-tools-for-stm32.13.3.rel1.win32_1.0.100.202509120712/tools/bin/../lib/gcc/arm-none-eabi/13.3.1/../../../../arm-none-eabi/lib/thumb/v7-m/nofp\libc_nano.a(libc_a-findfp.o)
                0x20001954                __sf
 .bss.errno     0x20001a8c        0x4 C:/ST/STM32CubeIDE_2.0.0/STM32CubeIDE/plugins/com.st.stm32cube.ide.mcu.externaltools.gnu-tools-for-stm32.13.3.rel1.win32_1.0.100.202509120712/tools/bin/../lib/gcc/arm-none-eabi/13.3.1/../../../../arm-none-eabi/lib/thumb/v7-m/nofp\libc_nano.a(libc_a-reent.o)
                0x20001a8c                errno
 .bss.__lock___malloc_recursive_mutex
                0x20001a90        0x1 C:/ST/STM32CubeIDE_2.0.0/STM32CubeIDE/plugins/com.st.stm32cube.ide.mcu.externaltools.gnu-tools-for-stm32.13.3.rel1.win32_1.0.100.202509120712/tools/bin/../lib/gcc/arm-none-eabi/13.3.1/../../../../arm-none-eabi/lib/thumb/v7-m/nofp\libc_nano.a(libc_a-lock.o)
                0x20001a90                __lock___malloc_recursive_mutex
 *fill*         0x20001a91        0x3 
 .bss.__malloc_sbrk_start
                0x20001a94        0x4 C:/ST/STM32CubeIDE_2.0.0/STM32CubeIDE/plugins/com.st.stm32cube.ide.mcu.externaltools.gnu-tools-for-stm32.13.3.rel1.win32_1.0.100.202509120712/tools/bin/../lib/gcc/arm-none-eabi/13.3.1/../../../../arm-none-eabi/lib/thumb/v7-m/nofp\libc_nano.a(libc_a-mallocr.o)
                0x20001a94                __malloc_sbrk_start
 .bss.__malloc_free_list
                0x20001a98        0x4 C:/ST/STM32CubeIDE_2.0.0/STM32CubeIDE/plugins/com.st.stm32cube.ide.mcu.externaltools.gnu-tools-for-stm32.13.3.rel1.win32_1.0.100.202509120712/tools/bin/../lib/gcc/arm-none-eabi/13.3.1/../../../../arm-none-eabi/lib/thumb/v7-m/nofp\libc_nano.a(libc_a-mallocr.o)
                0x20001a98                __malloc_free_list
 *(COMMON)
                0x20001a9c                        . = ALIGN (0x4)
                0x20001a9c                        _ebss = .
                0x20001a9c                        __bss_end__ = _ebss

._user_heap_stack
                0x20001a9c      0x604 load address 0x0800e100
                0x20001aa0                        . = ALIGN (0x8)
 *fill*         0x20001a9c        0x4 
                [!provide]                        PROVIDE (end = .)
                0x20001aa0                        PROVIDE (_end = .)
                0x20001ca0                        . = (. + _Min_Heap_Size)
 *fill*         0x20001aa0      0x200 
                0x200020a0                        . = (. + _Min_Stack_Size)
 *fill*         0x20001ca0      0x400 
                0x200020a0                        . = ALIGN (0x8)

/DISCARD/
 libc.a(*)
 libm.a(*)
 libgcc.a(*)

.ARM.attributes
                0x00000000       0x29
 *(.ARM.attributes)
 .ARM.attributes
                0x00000000       0x1d C:/ST/STM32CubeIDE_2.0.0/STM32CubeIDE/plugins/com.st.stm32cube.ide.mcu.externaltools.gnu-tools-for-stm32.13.3.rel1.win32_1.0.100.202509120712/tools/bin/../lib/gcc/arm-none-eabi/13.3.1/thumb/v7-m/nofp/crti.o
 .ARM.attributes
                0x0000001d       0x2d C:/ST/STM32CubeIDE_2.0.0/STM32CubeIDE/plugins/com.st.stm32cube.ide.mcu.externaltools.gnu-tools-for-stm32.13.3.rel1.win32_1.0.100.202509120712/tools/bin/../lib/gcc/arm-none-eabi/13.3.1/thumb/v7-m/nofp/crtbegin.o
 .ARM.attributes
                0x0000004a       0x2d ./Core/App/app_ethernet.o
 .ARM.attributes
                0x00000077       0x2d ./Core/App/app_uart_logic.o
 .ARM.attributes
                0x000000a4       0x2d ./Core/App/app_usb_log.o
 .ARM.attributes
                0x000000d1       0x2d ./Core/App/app_usb_logic.o
 .ARM.attributes
                0x000000fe       0x2d ./Core/Src/main.o
 .ARM.attributes
                0x0000012b       0x2d ./Core/Src/stm32f1xx_hal_msp.o
 .ARM.attributes
                0x00000158       0x2d ./Core/Src/stm32f1xx_it.o
 .ARM.attributes
                0x00000185       0x2d ./Core/Src/sysmem.o
 .ARM.attributes
                0x000001b2       0x2d ./Core/Src/system_stm32f1xx.o
 .ARM.attributes
                0x000001df       0x21 ./Core/Startup/startup_stm32f103c8tx.o
 .ARM.attributes
                0x00000200       0x2d ./Core/WIZNET/Ethernet/W5500/w5500.o
 .ARM.attributes
                0x0000022d       0x2d ./Core/WIZNET/Ethernet/socket.o
 .ARM.attributes
                0x0000025a       0x2d ./Core/WIZNET/Ethernet/wizchip_conf.o
 .ARM.attributes
                0x00000287       0x2d ./Core/WIZNET/Internet/DHCP/dhcp.o
 .ARM.attributes
                0x000002b4       0x2d ./Drivers/STM32F1xx_HAL_Driver/Src/stm32f1xx_hal.o
 .ARM.attributes
                0x000002e1       0x2d ./Drivers/STM32F1xx_HAL_Driver/Src/stm32f1xx_hal_cortex.o
 .ARM.attributes
                0x0000030e       0x2d ./Drivers/STM32F1xx_HAL_Driver/Src/stm32f1xx_hal_dma.o
 .ARM.attributes
                0x0000033b       0x2d ./Drivers/STM32F1xx_HAL_Driver/Src/stm32f1xx_hal_gpio.o
 .ARM.attributes
                0x00000368       0x2d ./Drivers/STM32F1xx_HAL_Driver/Src/stm32f1xx_hal_pcd.o
 .ARM.attributes
                0x00000395       0x2d ./Drivers/STM32F1xx_HAL_Driver/Src/stm32f1xx_hal_pcd_ex.o
 .ARM.attributes
                0x000003c2       0x2d ./Drivers/STM32F1xx_HAL_Driver/Src/stm32f1xx_hal_rcc.o
 .ARM.attributes
                0x000003ef       0x2d ./Drivers/STM32F1xx_HAL_Driver/Src/stm32f1xx_hal_rcc_ex.o
 .ARM.attributes
                0x0000041c       0x2d ./Drivers/STM32F1xx_HAL_Driver/Src/stm32f1xx_hal_spi.o
 .ARM.attributes
                0x00000449       0x2d ./Drivers/STM32F1xx_HAL_Driver/Src/stm32f1xx_hal_uart.o
 .ARM.attributes
                0x00000476       0x2d ./Drivers/STM32F1xx_HAL_Driver/Src/stm32f1xx_ll_usb.o
 .ARM.attributes
                0x000004a3       0x2d ./Middlewares/ST/STM32_USB_Device_Library/Class/CDC/Src/usbd_cdc.o
 .ARM.attributes
                0x000004d0       0x2d ./Middlewares/ST/STM32_USB_Device_Library/Core/Src/usbd_core.o
 .ARM.attributes
                0x000004fd       0x2d ./Middlewares/ST/STM32_USB_Device_Library/Core/Src/usbd_ctlreq.o
 .ARM.attributes
                0x0000052a       0x2d ./Middlewares/ST/STM32_USB_Device_Library/Core/Src/usbd_ioreq.o
 .ARM.attributes
                0x00000557       0x2d ./USB_DEVICE/App/usb_device.o
 .ARM.attributes
                0x00000584       0x2d ./USB_DEVICE/App/usbd_cdc_if.o
 .ARM.attributes
                0x000005b1       0x2d ./USB_DEVICE/App/usbd_desc.o
 .ARM.attributes
                0x000005de       0x2d ./USB_DEVICE/Target/usbd_conf.o
 .ARM.attributes
                0x0000060b       0x2d C:/ST/STM32CubeIDE_2.0.0/STM32CubeIDE/plugins/com.st.stm32cube.ide.mcu.externaltools.gnu-tools-for-stm32.13.3.rel1.win32_1.0.100.202509120712/tools/bin/../lib/gcc/arm-none-eabi/13.3.1/../../../../arm-none-eabi/lib/thumb/v7-m/nofp\libc_nano.a(libc_a-findfp.o)
 .ARM.attributes
                0x00000638       0x2d C:/ST/STM32CubeIDE_2.0.0/STM32CubeIDE/plugins/com.st.stm32cube.ide.mcu.externaltools.gnu-tools-for-stm32.13.3.rel1.win32_1.0.100.202509120712/tools/bin/../lib/gcc/arm-none-eabi/13.3.1/../../../../arm-none-eabi/lib/thumb/v7-m/nofp\libc_nano.a(libc_a-sprintf.o)
 .ARM.attributes
                0x00000665       0x2d C:/ST/STM32CubeIDE_2.0.0/STM32CubeIDE/plugins/com.st.stm32cube.ide.mcu.externaltools.gnu-tools-for-stm32.13.3.rel1.win32_1.0.100.202509120712/tools/bin/../lib/gcc/arm-none-eabi/13.3.1/../../../../arm-none-eabi/lib/thumb/v7-m/nofp\libc_nano.a(libc_a-sscanf.o)
 .ARM.attributes
                0x00000692       0x2d C:/ST/STM32CubeIDE_2.0.0/STM32CubeIDE/plugins/com.st.stm32cube.ide.mcu.externaltools.gnu-tools-for-stm32.13.3.rel1.win32_1.0.100.202509120712/tools/bin/../lib/gcc/arm-none-eabi/13.3.1/../../../../arm-none-eabi/lib/thumb/v7-m/nofp\libc_nano.a(libc_a-stdio.o)
 .ARM.attributes
                0x000006bf       0x2d C:/ST/STM32CubeIDE_2.0.0/STM32CubeIDE/plugins/com.st.stm32cube.ide.mcu.externaltools.gnu-tools-for-stm32.13.3.rel1.win32_1.0.100.202509120712/tools/bin/../lib/gcc/arm-none-eabi/13.3.1/../../../../arm-none-eabi/lib/thumb/v7-m/nofp\libc_nano.a(libc_a-vsnprintf.o)
 .ARM.attributes
                0x000006ec       0x2d C:/ST/STM32CubeIDE_2.0.0/STM32CubeIDE/plugins/com.st.stm32cube.ide.mcu.externaltools.gnu-tools-for-stm32.13.3.rel1.win32_1.0.100.202509120712/tools/bin/../lib/gcc/arm-none-eabi/13.3.1/../../../../arm-none-eabi/lib/thumb/v7-m/nofp\libc_nano.a(libc_a-memset.o)
 .ARM.attributes
                0x00000719       0x2d C:/ST/STM32CubeIDE_2.0.0/STM32CubeIDE/plugins/com.st.stm32cube.ide.mcu.externaltools.gnu-tools-for-stm32.13.3.rel1.win32_1.0.100.202509120712/tools/bin/../lib/gcc/arm-none-eabi/13.3.1/../../../../arm-none-eabi/lib/thumb/v7-m/nofp\libc_nano.a(libc_a-strncmp.o)
 .ARM.attributes
                0x00000746       0x2d C:/ST/STM32CubeIDE_2.0.0/STM32CubeIDE/plugins/com.st.stm32cube.ide.mcu.externaltools.gnu-tools-for-stm32.13.3.rel1.win32_1.0.100.202509120712/tools/bin/../lib/gcc/arm-none-eabi/13.3.1/../../../../arm-none-eabi/lib/thumb/v7-m/nofp\libc_nano.a(libc_a-strstr.o)
 .ARM.attributes
                0x00000773       0x2d C:/ST/STM32CubeIDE_2.0.0/STM32CubeIDE/plugins/com.st.stm32cube.ide.mcu.externaltools.gnu-tools-for-stm32.13.3.rel1.win32_1.0.100.202509120712/tools/bin/../lib/gcc/arm-none-eabi/13.3.1/../../../../arm-none-eabi/lib/thumb/v7-m/nofp\libc_nano.a(libc_a-reent.o)
 .ARM.attributes
                0x000007a0       0x2d C:/ST/STM32CubeIDE_2.0.0/STM32CubeIDE/plugins/com.st.stm32cube.ide.mcu.externaltools.gnu-tools-for-stm32.13.3.rel1.win32_1.0.100.202509120712/tools/bin/../lib/gcc/arm-none-eabi/13.3.1/../../../../arm-none-eabi/lib/thumb/v7-m/nofp\libc_nano.a(libc_a-impure.o)
 .ARM.attributes
                0x000007cd       0x2d C:/ST/STM32CubeIDE_2.0.0/STM32CubeIDE/plugins/com.st.stm32cube.ide.mcu.externaltools.gnu-tools-for-stm32.13.3.rel1.win32_1.0.100.202509120712/tools/bin/../lib/gcc/arm-none-eabi/13.3.1/../../../../arm-none-eabi/lib/thumb/v7-m/nofp\libc_nano.a(libc_a-errno.o)
 .ARM.attributes
                0x000007fa       0x2d C:/ST/STM32CubeIDE_2.0.0/STM32CubeIDE/plugins/com.st.stm32cube.ide.mcu.externaltools.gnu-tools-for-stm32.13.3.rel1.win32_1.0.100.202509120712/tools/bin/../lib/gcc/arm-none-eabi/13.3.1/../../../../arm-none-eabi/lib/thumb/v7-m/nofp\libc_nano.a(libc_a-init.o)
 .ARM.attributes