Archive member included to satisfy reference by file (symbol)

C:/ST/STM32CubeIDE_2.0.0/STM32CubeIDE/plugins/com.st.stm32cube.ide.mcu.externaltools.gnu-tools-for-stm32.13.3.rel1.win32_1.0.100.202509120712/tools/bin/../lib/gcc/arm-none-eabi/13.3.1/../../../../arm-none-eabi/lib/thumb/v7-m/nofp\libc_nano.a(libc_a-exit.o)
                              C:/ST/STM32CubeIDE_2.0.0/STM32CubeIDE/plugins/com.st.stm32cube.ide.mcu.externaltools.gnu-tools-for-stm32.13.3.rel1.win32_1.0.100.202509120712/tools/bin/../lib/gcc/arm-none-eabi/13.3.1/../../../../arm-none-eabi/lib/thumb/v7-m/nofp/crt0.o (exit)
C:/ST/STM32CubeIDE_2.0.0/STM32CubeIDE/plugins/com.st.stm32cube.ide.mcu.externaltools.gnu-tools-for-stm32.13.3.rel1.win32_1.0.100.202509120712/tools/bin/../lib/gcc/arm-none-eabi/13.3.1/../../../../arm-none-eabi/lib/thumb/v7-m/nofp\libc_nano.a(libc_a-findfp.o)
                              C:/ST/STM32CubeIDE_2.0.0/STM32CubeIDE/plugins/com.st.stm32cube.ide.mcu.externaltools.gnu-tools-for-stm32.13.3.rel1.win32_1.0.100.202509120712/tools/bin/../lib/gcc/arm-none-eabi/13.3.1/../../../../arm-none-eabi/lib/thumb/v7-m/nofp\libc_nano.a(libc_a-exit.o) (__stdio_exit_handler)
C:/ST/STM32CubeIDE_2.0.0/STM32CubeIDE/plugins/com.st.stm32cube.ide.mcu.externaltools.gnu-tools-for-stm32.13.3.rel1.win32_1.0.100.202509120712/tools/bin/../lib/gcc/arm-none-eabi/13.3.1/../../../../arm-none-eabi/lib/thumb/v7-m/nofp\libc_nano.a(libc_a-fwalk.o)
                              C:/ST/STM32CubeIDE_2.0.0/STM32CubeIDE/plugins/com.st.stm32cube.ide.mcu.externaltools.gnu-tools-for-stm32.13.3.rel1.win32_1.0.100.202509120712/tools/bin/../lib/gcc/arm-none-eabi/13.3.1/../../../../arm-none-eabi/lib/thumb/v7-m/nofp\libc_nano.a(libc_a-findfp.o) (_fwalk_sglue)
C:/ST/STM32CubeIDE_2.0.0/STM32CubeIDE/plugins/com.st.stm32cube.ide.mcu.externaltools.gnu-tools-for-stm32.13.3.rel1.win32_1.0.100.202509120712/tools/bin/../lib/gcc/arm-none-eabi/13.3.1/../../../../arm-none-eabi/lib/thumb/v7-m/nofp\libc_nano.a(libc_a-sprintf.o)
                              ./Core/App/app_ethernet.o (sprintf)
C:/ST/STM32CubeIDE_2.0.0/STM32CubeIDE/plugins/com.st.stm32cube.ide.mcu.externaltools.gnu-tools-for-stm32.13.3.rel1.win32_1.0.100.202509120712/tools/bin/../lib/gcc/arm-none-eabi/13.3.1/../../../../arm-none-eabi/lib/thumb/v7-m/nofp\libc_nano.a(libc_a-sscanf.o)
                              ./Core/App/app_ethernet.o (sscanf)
C:/ST/STM32CubeIDE_2.0.0/STM32CubeIDE/plugins/com.st.stm32cube.ide.mcu.externaltools.gnu-tools-for-stm32.13.3.rel1.win32_1.0.100.202509120712/tools/bin/../lib/gcc/arm-none-eabi/13.3.1/../../../../arm-none-eabi/lib/thumb/v7-m/nofp\libc_nano.a(libc_a-stdio.o)
                              C:/ST/STM32CubeIDE_2.0.0/STM32CubeIDE/plugins/com.st.stm32cube.ide.mcu.externaltools.gnu-tools-for-stm32.13.3.rel1.win32_1.0.100.202509120712/tools/bin/../lib/gcc/arm-none-eabi/13.3.1/../../../../arm-none-eabi/lib/thumb/v7-m/nofp\libc_nano.a(libc_a-findfp.o) (__sread)
C:/ST/STM32CubeIDE_2.0.0/STM32CubeIDE/plugins/com.st.stm32cube.ide.mcu.externaltools.gnu-tools-for-stm32.13.3.rel1.win32_1.0.100.202509120712/tools/bin/../lib/gcc/arm-none-eabi/13.3.1/../../../../arm-none-eabi/lib/thumb/v7-m/nofp\libc_nano.a(libc_a-vsnprintf.o)
                              ./Core/App/app_usb_log.o (vsnprintf)
C:/ST/STM32CubeIDE_2.0.0/STM32CubeIDE/plugins/com.st.stm32cube.ide.mcu.externaltools.gnu-tools-for-stm32.13.3.rel1.win32_1.0.100.202509120712/tools/bin/../lib/gcc/arm-none-eabi/13.3.1/../../../../arm-none-eabi/lib/thumb/v7-m/nofp\libc_nano.a(libc_a-memset.o)
                              C:/ST/STM32CubeIDE_2.0.0/STM32CubeIDE/plugins/com.st.stm32cube.ide.mcu.externaltools.gnu-tools-for-stm32.13.3.rel1.win32_1.0.100.202509120712/tools/bin/../lib/gcc/arm-none-eabi/13.3.1/../../../../arm-none-eabi/lib/thumb/v7-m/nofp/crt0.o (memset)
C:/ST/STM32CubeIDE_2.0.0/STM32CubeIDE/plugins/com.st.stm32cube.ide.mcu.externaltools.gnu-tools-for-stm32.13.3.rel1.win32_1.0.100.202509120712/tools/bin/../lib/gcc/arm-none-eabi/13.3.1/../../../../arm-none-eabi/lib/thumb/v7-m/nofp\libc_nano.a(libc_a-strncmp.o)
                              ./Core/App/app_ethernet.o (strncmp)
C:/ST/STM32CubeIDE_2.0.0/STM32CubeIDE/plugins/com.st.stm32cube.ide.mcu.externaltools.gnu-tools-for-stm32.13.3.rel1.win32_1.0.100.202509120712/tools/bin/../lib/gcc/arm-none-eabi/13.3.1/../../../../arm-none-eabi/lib/thumb/v7-m/nofp\libc_nano.a(libc_a-strstr.o)
                              ./Core/App/app_uart_logic.o (strstr)
C:/ST/STM32CubeIDE_2.0.0/STM32CubeIDE/plugins/com.st.stm32cube.ide.mcu.externaltools.gnu-tools-for-stm32.13.3.rel1.win32_1.0.100.202509120712/tools/bin/../lib/gcc/arm-none-eabi/13.3.1/../../../../arm-none-eabi/lib/thumb/v7-m/nofp\libc_nano.a(libc_a-closer.o)
[...]
Memory Configuration

Name             Origin             Length             Attributes
RAM              0x20000000         0x00005000         xrw
FLASH            0x08000000         0x00010000         xr
*default*        0x00000000         0xffffffff

Linker script and memory map

LOAD C:/ST/STM32CubeIDE_2.0.0/STM32CubeIDE/plugins/com.st.stm32cube.ide.mcu.externaltools.gnu-tools-for-stm32.13.3.rel1.win32_1.0.100.202509120712/tools/bin/../lib/gcc/arm-none-eabi/13.3.1/thumb/v7-m/nofp/crti.o
LOAD C:/ST/STM32CubeIDE_2.0.0/STM32CubeIDE/plugins/com.st.stm32cube.ide.mcu.externaltools.gnu-tools-for-stm32.13.3.rel1.win32_1.0.100.202509120712/tools/bin/../lib/gcc/arm-none-eabi/13.3.1/thumb/v7-m/nofp/crtbegin.o
LOAD C:/ST/STM32CubeIDE_2.0.0/STM32CubeIDE/plugins/com.st.stm32cube.ide.mcu.externaltools.gnu-tools-for-stm32.13.3.rel1.win32_1.0.100.202509120712/tools/bin/../lib/gcc/arm-none-eabi/13.3.1/../../../../arm-none-eabi/lib/thumb/v7-m/nofp/crt0.o
LOAD ./Core/App/app_ethernet.o
LOAD ./Core/App/app_uart_logic.o
LOAD ./Core/App/app_usb_log.o
LOAD ./Core/App/app_usb_logic.o
LOAD ./Core/Src/main.o
LOAD ./Core/Src/stm32f1xx_hal_msp.o
LOAD ./Core/Src/stm32f1xx_it.o
LOAD ./Core/Src/syscalls.o
LOAD ./Core/Src/sysmem.o
LOAD ./Core/Src/system_stm32f1xx.o
LOAD ./Core/Startup/startup_stm32f103c8tx.o
LOAD ./Core/WIZNET/Ethernet/W5100/w5100.o
LOAD ./Core/WIZNET/Ethernet/W5100S/w5100s.o
LOAD ./Core/WIZNET/Ethernet/W5200/w5200.o
LOAD ./Core/WIZNET/Ethernet/W5300/w5300.o
LOAD ./Core/WIZNET/Ethernet/W5500/w5500.o
LOAD ./Core/WIZNET/Ethernet/W6100/w6100.o
LOAD ./Core/WIZNET/Ethernet/W6300/w6300.o
LOAD ./Core/WIZNET/Ethernet/socket.o
LOAD ./Core/WIZNET/Ethernet/wizchip_conf.o
LOAD ./Core/WIZNET/Internet/DHCP/dhcp.o
LOAD ./Drivers/STM32F1xx_HAL_Driver/Src/stm32f1xx_hal.o
LOAD ./Drivers/STM32F1xx_HAL_Driver/Src/stm32f1xx_hal_cortex.o
LOAD ./Drivers/STM32F1xx_HAL_Driver/Src/stm32f1xx_hal_dma.o
LOAD ./Drivers/STM32F1xx_HAL_Driver/Src/stm32f1xx_hal_exti.o
LOAD ./Drivers/STM32F1xx_HAL_Driver/Src/stm32f1xx_hal_flash.o
LOAD ./Drivers/STM32F1xx_HAL_Driver/Src/stm32f1xx_hal_flash_ex.o
LOAD ./Drivers/STM32F1xx_HAL_Driver/Src/stm32f1xx_hal_gpio.o
LOAD ./Drivers/STM32F1xx_HAL_Driver/Src/stm32f1xx_hal_gpio_ex.o
LOAD ./Drivers/STM32F1xx_HAL_Driver/Src/stm32f1xx_hal_pcd.o
LOAD ./Drivers/STM32F1xx_HAL_Driver/Src/stm32f1xx_hal_pcd_ex.o
LOAD ./Drivers/STM32F1xx_HAL_Driver/Src/stm32f1xx_hal_pwr.o
LOAD ./Drivers/STM32F1xx_HAL_Driver/Src/stm32f1xx_hal_rcc.o
LOAD ./Drivers/STM32F1xx_HAL_Driver/Src/stm32f1xx_hal_rcc_ex.o
LOAD ./Drivers/STM32F1xx_HAL_Driver/Src/stm32f1xx_hal_spi.o
LOAD ./Drivers/STM32F1xx_HAL_Driver/Src/stm32f1xx_hal_uart.o
LOAD ./Drivers/STM32F1xx_HAL_Driver/Src/stm32f1xx_ll_usb.o
LOAD ./Middlewares/ST/STM32_USB_Device_Library/Class/CDC/Src/usbd_cdc.o
LOAD ./Middlewares/ST/STM32_USB_Device_Library/Core/Src/usbd_core.o
LOAD ./Middlewares/ST/STM32_USB_Device_Library/Core/Src/usbd_ctlreq.o
LOAD ./Middlewares/ST/STM32_USB_Device_Library/Core/Src/usbd_ioreq.o
LOAD ./USB_DEVICE/App/usb_device.o
LOAD ./USB_DEVICE/App/usbd_cdc_if.o
LOAD ./USB_DEVICE/App/usbd_desc.o
LOAD ./USB_DEVICE/Target/usbd_conf.o
START GROUP
LOAD C:/ST/STM32CubeIDE_2.0.0/STM32CubeIDE/plugins/com.st.stm32cube.ide.mcu.externaltools.gnu-tools-for-stm32.13.3.rel1.win32_1.0.100.202509120712/tools/bin/../lib/gcc/arm-none-eabi/13.3.1/../../../../arm-none-eabi/lib/thumb/v7-m/nofp\libc_nano.a
LOAD C:/ST/STM32CubeIDE_2.0.0/STM32CubeIDE/plugins/com.st.stm32cube.ide.mcu.externaltools.gnu-tools-for-stm32.13.3.rel1.win32_1.0.100.202509120712/tools/bin/../lib/gcc/arm-none-eabi/13.3.1/../../../../arm-none-eabi/lib/thumb/v7-m/nofp\libm.a
END GROUP
START GROUP
LOAD C:/ST/STM32CubeIDE_2.0.0/STM32CubeIDE/plugins/com.st.stm32cube.ide.mcu.externaltools.gnu-tools-for-stm32.13.3.rel1.win32_1.0.100.202509120712/tools/bin/../lib/gcc/arm-none-eabi/13.3.1/thumb/v7-m/nofp\libgcc.a
LOAD C:/ST/STM32CubeIDE_2.0.0/STM32CubeIDE/plugins/com.st.stm32cube.ide.mcu.externaltools.gnu-tools-for-stm32.13.3.rel1.win32_1.0.100.202509120712/tools/bin/../lib/gcc/arm-none-eabi/13.3.1/../../../../arm-none-eabi/lib/thumb/v7-m/nofp\libc_nano.a
END GROUP
START GROUP
LOAD C:/ST/STM32CubeIDE_2.0.0/STM32CubeIDE/plugins/com.st.stm32cube.ide.mcu.externaltools.gnu-tools-for-stm32.13.3.rel1.win32_1.0.100.202509120712/tools/bin/../lib/gcc/arm-none-eabi/13.3.1/thumb/v7-m/nofp\libgcc.a
LOAD C:/ST/STM32CubeIDE_2.0.0/STM32CubeIDE/plugins/com.st.stm32cube.ide.mcu.externaltools.gnu-tools-for-stm32.13.3.rel1.win32_1.0.100.202509120712/tools/bin/../lib/gcc/arm-none-eabi/13.3.1/../../../../arm-none-eabi/lib/thumb/v7-m/nofp\libc_nano.a
LOAD C:/ST/STM32CubeIDE_2.0.0/STM32CubeIDE/plugins/com.st.stm32cube.ide.mcu.externaltools.gnu-tools-for-stm32.13.3.rel1.win32_1.0.100.202509120712/tools/bin/../lib/gcc/arm-none-eabi/13.3.1/../../../../arm-none-eabi/lib/thumb/v7-m/nofp\libnosys.a
END GROUP
START GROUP
LOAD C:/ST/STM32CubeIDE_2.0.0/STM32CubeIDE/plugins/com.st.stm32cube.ide.mcu.externaltools.gnu-tools-for-stm32.13.3.rel1.win32_1.0.100.202509120712/tools/bin/../lib/gcc/arm-none-eabi/13.3.1/thumb/v7-m/nofp\libgcc.a
LOAD C:/ST/STM32CubeIDE_2.0.0/STM32CubeIDE/plugins/com.st.stm32cube.ide.mcu.externaltools.gnu-tools-for-stm32.13.3.rel1.win32_1.0.100.202509120712/tools/bin/../lib/gcc/arm-none-eabi/13.3.1/../../../../arm-none-eabi/lib/thumb/v7-m/nofp\libc_nano.a
LOAD C:/ST/STM32CubeIDE_2.0.0/STM32CubeIDE/plugins/com.st.stm32cube.ide.mcu.externaltools.gnu-tools-for-stm32.13.3.rel1.win32_1.0.100.202509120712/tools/bin/../lib/gcc/arm-none-eabi/13.3.1/../../../../arm-none-eabi/lib/thumb/v7-m/nofp\libnosys.a
END GROUP
LOAD C:/ST/STM32CubeIDE_2.0.0/STM32CubeIDE/plugins/com.st.stm32cube.ide.mcu.externaltools.gnu-tools-for-stm32.13.3.rel1.win32_1.0.100.202509120712/tools/bin/../lib/gcc/arm-none-eabi/13.3.1/thumb/v7-m/nofp/crtend.o
LOAD C:/ST/STM32CubeIDE_2.0.0/STM32CubeIDE/plugins/com.st.stm32cube.ide.mcu.externaltools.gnu-tools-for-stm32.13.3.rel1.win32_1.0.100.202509120712/tools/bin/../lib/gcc/arm-none-eabi/13.3.1/thumb/v7-m/nofp/crtn.o
                0x20005000                        _estack = (ORIGIN (RAM) + LENGTH (RAM))
                0x00000200                        _Min_Heap_Size = 0x200
                0x00000400                        _Min_Stack_Size = 0x400

.isr_vector     0x08000000      0x10c
                0x08000000                        . = ALIGN (0x4)
 *(.isr_vector)
 .isr_vector    0x08000000      0x10c ./Core/Startup/startup_stm32f103c8tx.o
                0x08000000                g_pfnVectors
                0x0800010c                        . = ALIGN (0x4)

.text           0x0800010c     0xdea8
                0x0800010c                        . = ALIGN (0x4)
 *(.text)
 .text          0x0800010c       0x40 C:/ST/STM32CubeIDE_2.0.0/STM32CubeIDE/plugins/com.st.stm32cube.ide.mcu.externaltools.gnu-tools-for-stm32.13.3.rel1.win32_1.0.100.202509120712/tools/bin/../lib/gcc/arm-none-eabi/13.3.1/thumb/v7-m/nofp/crtbegin.o
 .text          0x0800014c       0x14 C:/ST/STM32CubeIDE_2.0.0/STM32CubeIDE/plugins/com.st.stm32cube.ide.mcu.externaltools.gnu-tools-for-stm32.13.3.rel1.win32_1.0.100.202509120712/tools/bin/../lib/gcc/arm-none-eabi/13.3.1/../../../../arm-none-eabi/lib/thumb/v7-m/nofp\libc_nano.a(libc_a-strcmp.o)
                0x0800014c                strcmp
 .text          0x08000160       0x10 C:/ST/STM32CubeIDE_2.0.0/STM32CubeIDE/plugins/com.st.stm32cube.ide.mcu.externaltools.gnu-tools-for-stm32.13.3.rel1.win32_1.0.100.202509120712/tools/bin/../lib/gcc/arm-none-eabi/13.3.1/../../../../arm-none-eabi/lib/thumb/v7-m/nofp\libc_nano.a(libc_a-strlen.o)
                0x08000160                strlen
 *(.text*)
 .text.W5500_Select
                0x08000170       0x18 ./Core/App/app_ethernet.o
                0x08000170                W5500_Select
 .text.W5500_Unselect
                0x08000188       0x18 ./Core/App/app_ethernet.o
                0x08000188                W5500_Unselect
 .text.W5500_ReadByte
                0x080001a0       0x2c ./Core/App/app_ethernet.o
                0x080001a0                W5500_ReadByte
 .text.W5500_WriteByte
                0x080001cc       0x24 ./Core/App/app_ethernet.o
                0x080001cc                W5500_WriteByte
 .text.App_Ethernet_Init
                0x080001f0       0xd8 ./Core/App/app_ethernet.o
                0x080001f0                App_Ethernet_Init
 .text.App_Ethernet_Process
                0x080002c8       0x40 ./Core/App/app_ethernet.o
                0x080002c8                App_Ethernet_Process
 .text.Process_Encoder_Sync_Server
                0x08000308      0x1ac ./Core/App/app_ethernet.o
 .text.Ethernet_Send_Command_To_LED
                0x080004b4       0x74 ./Core/App/app_ethernet.o
                0x080004b4                Ethernet_Send_Command_To_LED
 .text.Get_Unique_MAC
                0x08000528       0x4e ./Core/App/app_ethernet.o
 *fill*         0x08000576        0x2 
 .text.cb_ip_assigned
                0x08000578       0x5c ./Core/App/app_ethernet.o
 .text.cb_ip_conflict
                0x080005d4       0x14 ./Core/App/app_ethernet.o
 .text.Ethernet_Master_UDP_Receiver_Task
                0x080005e8      0x208 ./Core/App/app_ethernet.o
                0x080005e8                Ethernet_Master_UDP_Receiver_Task
 .text.Process_UART_Communication
                0x080007f0       0xb8 ./Core/App/app_uart_logic.o
                0x080007f0                Process_UART_Communication
 .text.USB_Printf
                0x080008a8       0x80 ./Core/App/app_usb_log.o
                0x080008a8                USB_Printf
 .text.Process_USB_To_Interfaces
                0x08000928       0x40 ./Core/App/app_usb_logic.o
                0x08000928                Process_USB_To_Interfaces
 .text.main     0x08000968       0x48 ./Core/Src/main.o
                0x08000968                main
 .text.SystemClock_Config
                0x080009b0       0xb6 ./Core/Src/main.o
                0x080009b0                SystemClock_Config
 *fill*         0x08000a66        0x2 
 .text.MX_SPI1_Init
                0x08000a68       0x6c ./Core/Src/main.o
 .text.MX_USART2_UART_Init
                0x08000ad4       0x54 ./Core/Src/main.o
 .text.MX_GPIO_Init
                0x08000b28       0x80 ./Core/Src/main.o
 .text.HAL_UART_RxCpltCallback
                0x08000ba8       0xac ./Core/Src/main.o
                0x08000ba8                HAL_UART_RxCpltCallback
 .text.Error_Handler
                0x08000c54        0xc ./Core/Src/main.o
                0x08000c54                Error_Handler
 .text.HAL_MspInit
                0x08000c60       0x64 ./Core/Src/stm32f1xx_hal_msp.o
                0x08000c60                HAL_MspInit
 .text.HAL_SPI_MspInit
                0x08000cc4       0x94 ./Core/Src/stm32f1xx_hal_msp.o
                0x08000cc4                HAL_SPI_MspInit
 .text.HAL_UART_MspInit
                0x08000d58       0xa4 ./Core/Src/stm32f1xx_hal_msp.o
                0x08000d58                HAL_UART_MspInit
 .text.NMI_Handler
                0x08000dfc        0x8 ./Core/Src/stm32f1xx_it.o
                0x08000dfc                NMI_Handler
 .text.HardFault_Handler
                0x08000e04        0x8 ./Core/Src/stm32f1xx_it.o
                0x08000e04                HardFault_Handler
 .text.MemManage_Handler
                0x08000e0c        0x8 ./Core/Src/stm32f1xx_it.o
                0x08000e0c                MemManage_Handler
 .text.BusFault_Handler
                0x08000e14        0x8 ./Core/Src/stm32f1xx_it.o
                0x08000e14                BusFault_Handler
 .text.UsageFault_Handler
                0x08000e1c        0x8 ./Core/Src/stm32f1xx_it.o
                0x08000e1c                UsageFault_Handler
 .text.SVC_Handler
                0x08000e24        0xc ./Core/Src/stm32f1xx_it.o
                0x08000e24                SVC_Handler
 .text.DebugMon_Handler
                0x08000e30        0xc ./Core/Src/stm32f1xx_it.o
                0x08000e30                DebugMon_Handler
 .text.PendSV_Handler
                0x08000e3c        0xc ./Core/Src/stm32f1xx_it.o
                0x08000e3c                PendSV_Handler
 .text.SysTick_Handler
                0x08000e48        0xc ./Core/Src/stm32f1xx_it.o
                0x08000e48                SysTick_Handler
 .text.USB_LP_CAN1_RX0_IRQHandler
                0x08000e54       0x14 ./Core/Src/stm32f1xx_it.o
                0x08000e54                USB_LP_CAN1_RX0_IRQHandler
 .text.USART2_IRQHandler
                0x08000e68       0x14 ./Core/Src/stm32f1xx_it.o
                0x08000e68                USART2_IRQHandler
 .text._sbrk    0x08000e7c       0x6c ./Core/Src/sysmem.o
                0x08000e7c                _sbrk
 .text.SystemInit
                0x08000ee8        0xc ./Core/Src/system_stm32f1xx.o
                0x08000ee8                SystemInit
 .text.Reset_Handler
                0x08000ef4       0x48 ./Core/Startup/startup_stm32f103c8tx.o
                0x08000ef4                Reset_Handler
 .text.Default_Handler
                0x08000f3c        0x2 ./Core/Startup/startup_stm32f103c8tx.o
                0x08000f3c                RTC_Alarm_IRQHandler
                0x08000f3c                EXTI2_IRQHandler
                0x08000f3c                TIM1_CC_IRQHandler
                0x08000f3c                PVD_IRQHandler
                0x08000f3c                EXTI3_IRQHandler
                0x08000f3c                EXTI0_IRQHandler
                0x08000f3c                I2C2_EV_IRQHandler
                0x08000f3c                ADC1_2_IRQHandler
                0x08000f3c                SPI1_IRQHandler
                0x08000f3c                TAMPER_IRQHandler
                0x08000f3c                DMA1_Channel4_IRQHandler
                0x08000f3c                USART3_IRQHandler
                0x08000f3c                RTC_IRQHandler
                0x08000f3c                DMA1_Channel7_IRQHandler
                0x08000f3c                CAN1_RX1_IRQHandler
                0x08000f3c                TIM4_IRQHandler
                0x08000f3c                I2C1_EV_IRQHandler
                0x08000f3c                DMA1_Channel6_IRQHandler
                0x08000f3c                TIM3_IRQHandler
                0x08000f3c                RCC_IRQHandler
                0x08000f3c                TIM1_TRG_COM_IRQHandler
                0x08000f3c                DMA1_Channel1_IRQHandler
                0x08000f3c                Default_Handler
                0x08000f3c                EXTI15_10_IRQHandler
                0x08000f3c                EXTI9_5_IRQHandler
                0x08000f3c                SPI2_IRQHandler
                0x08000f3c                DMA1_Channel5_IRQHandler
                0x08000f3c                EXTI4_IRQHandler
                0x08000f3c                USB_HP_CAN1_TX_IRQHandler
                0x08000f3c                DMA1_Channel3_IRQHandler
                0x08000f3c                TIM1_UP_IRQHandler
                0x08000f3c                WWDG_IRQHandler
                0x08000f3c                TIM2_IRQHandler
                0x08000f3c                TIM1_BRK_IRQHandler
                0x08000f3c                EXTI1_IRQHandler
                0x08000f3c                I2C2_ER_IRQHandler
                0x08000f3c                DMA1_Channel2_IRQHandler
                0x08000f3c                CAN1_SCE_IRQHandler
                0x08000f3c                FLASH_IRQHandler
                0x08000f3c                USART1_IRQHandler
                0x08000f3c                I2C1_ER_IRQHandler
                0x08000f3c                USBWakeUp_IRQHandler
 *fill*         0x08000f3e        0x2 
 .text.WIZCHIP_READ
                0x08000f40       0x98 ./Core/WIZNET/Ethernet/W5500/w5500.o
                0x08000f40                WIZCHIP_READ
 .text.WIZCHIP_WRITE
                0x08000fd8       0x9c ./Core/WIZNET/Ethernet/W5500/w5500.o
                0x08000fd8                WIZCHIP_WRITE
 .text.WIZCHIP_READ_BUF
                0x08001074       0xc0 ./Core/WIZNET/Ethernet/W5500/w5500.o
                0x08001074                WIZCHIP_READ_BUF
 .text.WIZCHIP_WRITE_BUF
                0x08001134       0xc0 ./Core/WIZNET/Ethernet/W5500/w5500.o
                0x08001134                WIZCHIP_WRITE_BUF
 .text.getSn_TX_FSR
                0x080011f4       0x92 ./Core/WIZNET/Ethernet/W5500/w5500.o
                0x080011f4                getSn_TX_FSR
 .text.getSn_RX_RSR
                0x08001286       0x92 ./Core/WIZNET/Ethernet/W5500/w5500.o
                0x08001286                getSn_RX_RSR
 .text.wiz_send_data
                0x08001318       0xb4 ./Core/WIZNET/Ethernet/W5500/w5500.o
                0x08001318                wiz_send_data
 .text.wiz_recv_data
                0x080013cc       0xb4 ./Core/WIZNET/Ethernet/W5500/w5500.o
                0x080013cc                wiz_recv_data
 .text.wiz_recv_ignore
                0x08001480       0x8c ./Core/WIZNET/Ethernet/W5500/w5500.o
                0x08001480                wiz_recv_ignore
 .text.socket   0x0800150c      0x268 ./Core/WIZNET/Ethernet/socket.o
                0x0800150c                socket
 .text.close    0x08001774       0xdc ./Core/WIZNET/Ethernet/socket.o
                0x08001774                close
 .text.listen   0x08001850       0xb2 ./Core/WIZNET/Ethernet/socket.o
                0x08001850                listen
 .text.connect_W5x00
                0x08001902       0x26 ./Core/WIZNET/Ethernet/socket.o
                0x08001902                connect_W5x00
 .text.connect_IO_6
                0x08001928      0x1e4 ./Core/WIZNET/Ethernet/socket.o
 .text.disconnect
                0x08001b0c      0x104 ./Core/WIZNET/Ethernet/socket.o
                0x08001b0c                disconnect
 .text.send     0x08001c10      0x2a8 ./Core/WIZNET/Ethernet/socket.o
                0x08001c10                send
 .text.recv     0x08001eb8      0x164 ./Core/WIZNET/Ethernet/socket.o
                0x08001eb8                recv
 .text.sendto_W5x00
                0x0800201c       0x30 ./Core/WIZNET/Ethernet/socket.o
                0x0800201c                sendto_W5x00
 .text.sendto_IO_6
                0x0800204c      0x328 ./Core/WIZNET/Ethernet/socket.o
 .text.recvfrom_W5x00
                0x08002374       0x3a ./Core/WIZNET/Ethernet/socket.o
                0x08002374                recvfrom_W5x00
 *fill*         0x080023ae        0x2 
 .text.recvfrom_IO_6
                0x080023b0      0x420 ./Core/WIZNET/Ethernet/socket.o
 .text.wizchip_cris_enter
                0x080027d0        0xc ./Core/WIZNET/Ethernet/wizchip_conf.o
                0x080027d0                wizchip_cris_enter
 .text.wizchip_cris_exit
                0x080027dc        0xc ./Core/WIZNET/Ethernet/wizchip_conf.o
                0x080027dc                wizchip_cris_exit
 .text.wizchip_cs_select
                0x080027e8        0xc ./Core/WIZNET/Ethernet/wizchip_conf.o
                0x080027e8                wizchip_cs_select
 .text.wizchip_cs_deselect
                0x080027f4        0xc ./Core/WIZNET/Ethernet/wizchip_conf.o
                0x080027f4                wizchip_cs_deselect
 .text.wizchip_bus_readdata
                0x08002800       0x18 ./Core/WIZNET/Ethernet/wizchip_conf.o
                0x08002800                wizchip_bus_readdata
 .text.wizchip_bus_writedata
                0x08002818       0x1c ./Core/WIZNET/Ethernet/wizchip_conf.o
                0x08002818                wizchip_bus_writedata
 .text.wizchip_spi_readbyte
                0x08002834        0xe ./Core/WIZNET/Ethernet/wizchip_conf.o
                0x08002834                wizchip_spi_readbyte
 .text.wizchip_spi_writebyte
                0x08002842       0x14 ./Core/WIZNET/Ethernet/wizchip_conf.o
                0x08002842                wizchip_spi_writebyte
 *fill*         0x08002856        0x2 
 .text.reg_wizchip_cs_cbfunc
                0x08002858       0x48 ./Core/WIZNET/Ethernet/wizchip_conf.o
                0x08002858                reg_wizchip_cs_cbfunc
 .text.reg_wizchip_spi_cbfunc
                0x080028a0       0x58 ./Core/WIZNET/Ethernet/wizchip_conf.o
                0x080028a0                reg_wizchip_spi_cbfunc
 .text.wizchip_sw_reset
                0x080028f8       0x98 ./Core/WIZNET/Ethernet/wizchip_conf.o
                0x080028f8                wizchip_sw_reset
 .text.wizchip_init
                0x08002990      0x118 ./Core/WIZNET/Ethernet/wizchip_conf.o
                0x08002990                wizchip_init
 .text.wizchip_setnetinfo
                0x08002aa8       0x80 ./Core/WIZNET/Ethernet/wizchip_conf.o
                0x08002aa8                wizchip_setnetinfo
 .text.default_ip_assign
                0x08002b28       0x38 ./Core/WIZNET/Internet/DHCP/dhcp.o
                0x08002b28                default_ip_assign
 .text.default_ip_update
                0x08002b60       0x2c ./Core/WIZNET/Internet/DHCP/dhcp.o
                0x08002b60                default_ip_update
 .text.default_ip_conflict
                0x08002b8c       0x28 ./Core/WIZNET/Internet/DHCP/dhcp.o
                0x08002b8c                default_ip_conflict
 .text.reg_dhcp_cbfunc
                0x08002bb4       0x64 ./Core/WIZNET/Internet/DHCP/dhcp.o
                0x08002bb4                reg_dhcp_cbfunc
 .text.makeDHCPMSG
                0x08002c18      0x1ec ./Core/WIZNET/Internet/DHCP/dhcp.o
                0x08002c18                makeDHCPMSG
 .text.send_DHCP_DISCOVER
                0x08002e04      0x38c ./Core/WIZNET/Internet/DHCP/dhcp.o
                0x08002e04                send_DHCP_DISCOVER
 .text.send_DHCP_REQUEST
                0x08003190      0x514 ./Core/WIZNET/Internet/DHCP/dhcp.o
                0x08003190                send_DHCP_REQUEST
 .text.send_DHCP_DECLINE
                0x080036a4      0x2a4 ./Core/WIZNET/Internet/DHCP/dhcp.o
                0x080036a4                send_DHCP_DECLINE
 .text.parseDHCPMSG
                0x08003948      0x43c ./Core/WIZNET/Internet/DHCP/dhcp.o
                0x08003948                parseDHCPMSG
 .text.DHCP_run
                0x08003d84      0x234 ./Core/WIZNET/Internet/DHCP/dhcp.o
                0x08003d84                DHCP_run
 .text.check_DHCP_timeout
                0x08003fb8       0xc0 ./Core/WIZNET/Internet/DHCP/dhcp.o
                0x08003fb8                check_DHCP_timeout
 .text.check_DHCP_leasedIP
                0x08004078       0x7c ./Core/WIZNET/Internet/DHCP/dhcp.o
                0x08004078                check_DHCP_leasedIP
 .text.DHCP_init
                0x080040f4      0x128 ./Core/WIZNET/Internet/DHCP/dhcp.o
                0x080040f4                DHCP_init
 .text.reset_DHCP_timeout
                0x0800421c       0x2c ./Core/WIZNET/Internet/DHCP/dhcp.o
                0x0800421c                reset_DHCP_timeout
 .text.DHCP_time_handler
                0x08004248       0x1c ./Core/WIZNET/Internet/DHCP/dhcp.o
                0x08004248                DHCP_time_handler
 .text.getIPfromDHCP
                0x08004264       0x3c ./Core/WIZNET/Internet/DHCP/dhcp.o
                0x08004264                getIPfromDHCP
 .text.getGWfromDHCP
                0x080042a0       0x3c ./Core/WIZNET/Internet/DHCP/dhcp.o
                0x080042a0                getGWfromDHCP
 .text.getSNfromDHCP
                0x080042dc       0x3c ./Core/WIZNET/Internet/DHCP/dhcp.o
                0x080042dc                getSNfromDHCP
 .text.getDNSfromDHCP
                0x08004318       0x3c ./Core/WIZNET/Internet/DHCP/dhcp.o
                0x08004318                getDNSfromDHCP
 .text.NibbleToHex
                0x08004354       0x30 ./Core/WIZNET/Internet/DHCP/dhcp.o
                0x08004354                NibbleToHex
 .text.HAL_Init
                0x08004384       0x2c ./Drivers/STM32F1xx_HAL_Driver/Src/stm32f1xx_hal.o
                0x08004384                HAL_Init
 .text.HAL_InitTick
                0x080043b0       0x60 ./Drivers/STM32F1xx_HAL_Driver/Src/stm32f1xx_hal.o
                0x080043b0                HAL_InitTick
 .text.HAL_IncTick
                0x08004410       0x24 ./Drivers/STM32F1xx_HAL_Driver/Src/stm32f1xx_hal.o
                0x08004410                HAL_IncTick
 .text.HAL_GetTick
                0x08004434       0x14 ./Drivers/STM32F1xx_HAL_Driver/Src/stm32f1xx_hal.o
                0x08004434                HAL_GetTick
 .text.HAL_Delay
                0x08004448       0x48 ./Drivers/STM32F1xx_HAL_Driver/Src/stm32f1xx_hal.o
                0x08004448                HAL_Delay
 .text.HAL_GetUIDw0
                0x08004490       0x14 ./Drivers/STM32F1xx_HAL_Driver/Src/stm32f1xx_hal.o
                0x08004490                HAL_GetUIDw0
 .text.__NVIC_SetPriorityGrouping
                0x080044a4       0x48 ./Drivers/STM32F1xx_HAL_Driver/Src/stm32f1xx_hal_cortex.o
 .text.__NVIC_GetPriorityGrouping
                0x080044ec       0x1c ./Drivers/STM32F1xx_HAL_Driver/Src/stm32f1xx_hal_cortex.o
 .text.__NVIC_EnableIRQ
                0x08004508       0x38 ./Drivers/STM32F1xx_HAL_Driver/Src/stm32f1xx_hal_cortex.o
 .text.__NVIC_SetPriority
                0x08004540       0x54 ./Drivers/STM32F1xx_HAL_Driver/Src/stm32f1xx_hal_cortex.o
 .text.NVIC_EncodePriority
                0x08004594       0x64 ./Drivers/STM32F1xx_HAL_Driver/Src/stm32f1xx_hal_cortex.o
 .text.SysTick_Config
                0x080045f8       0x44 ./Drivers/STM32F1xx_HAL_Driver/Src/stm32f1xx_hal_cortex.o
 .text.HAL_NVIC_SetPriorityGrouping
                0x0800463c       0x16 ./Drivers/STM32F1xx_HAL_Driver/Src/stm32f1xx_hal_cortex.o
                0x0800463c                HAL_NVIC_SetPriorityGrouping
 .text.HAL_NVIC_SetPriority
                0x08004652       0x38 ./Drivers/STM32F1xx_HAL_Driver/Src/stm32f1xx_hal_cortex.o
                0x08004652                HAL_NVIC_SetPriority
 .text.HAL_NVIC_EnableIRQ
                0x0800468a       0x1c ./Drivers/STM32F1xx_HAL_Driver/Src/stm32f1xx_hal_cortex.o
                0x0800468a                HAL_NVIC_EnableIRQ
 .text.HAL_SYSTICK_Config
                0x080046a6       0x18 ./Drivers/STM32F1xx_HAL_Driver/Src/stm32f1xx_hal_cortex.o
                0x080046a6                HAL_SYSTICK_Config
 .text.HAL_DMA_Abort
                0x080046be       0x76 ./Drivers/STM32F1xx_HAL_Driver/Src/stm32f1xx_hal_dma.o
                0x080046be                HAL_DMA_Abort
 .text.HAL_DMA_Abort_IT
                0x08004734       0xf0 ./Drivers/STM32F1xx_HAL_Driver/Src/stm32f1xx_hal_dma.o
                0x08004734                HAL_DMA_Abort_IT
 .text.HAL_GPIO_Init
                0x08004824      0x308 ./Drivers/STM32F1xx_HAL_Driver/Src/stm32f1xx_hal_gpio.o
                0x08004824                HAL_GPIO_Init
 .text.HAL_GPIO_WritePin
                0x08004b2c       0x30 ./Drivers/STM32F1xx_HAL_Driver/Src/stm32f1xx_hal_gpio.o
                0x08004b2c                HAL_GPIO_WritePin
 .text.HAL_PCD_Init
                0x08004b5c      0x1ec ./Drivers/STM32F1xx_HAL_Driver/Src/stm32f1xx_hal_pcd.o
                0x08004b5c                HAL_PCD_Init
 .text.HAL_PCD_Start
                0x08004d48       0x4c ./Drivers/STM32F1xx_HAL_Driver/Src/stm32f1xx_hal_pcd.o
                0x08004d48                HAL_PCD_Start
 .text.HAL_PCD_IRQHandler
                0x08004d94      0x260 ./Drivers/STM32F1xx_HAL_Driver/Src/stm32f1xx_hal_pcd.o
                0x08004d94                HAL_PCD_IRQHandler
 .text.HAL_PCD_SetAddress
                0x08004ff4       0x48 ./Drivers/STM32F1xx_HAL_Driver/Src/stm32f1xx_hal_pcd.o
                0x08004ff4                HAL_PCD_SetAddress
 .text.HAL_PCD_EP_Open
                0x0800503c       0xba ./Drivers/STM32F1xx_HAL_Driver/Src/stm32f1xx_hal_pcd.o
                0x0800503c                HAL_PCD_EP_Open
 .text.HAL_PCD_EP_Close
                0x080050f6       0x90 ./Drivers/STM32F1xx_HAL_Driver/Src/stm32f1xx_hal_pcd.o
                0x080050f6                HAL_PCD_EP_Close
 .text.HAL_PCD_EP_Receive
                0x08005186       0x62 ./Drivers/STM32F1xx_HAL_Driver/Src/stm32f1xx_hal_pcd.o
                0x08005186                HAL_PCD_EP_Receive
 .text.HAL_PCD_EP_GetRxCount
                0x080051e8       0x2e ./Drivers/STM32F1xx_HAL_Driver/Src/stm32f1xx_hal_pcd.o
                0x080051e8                HAL_PCD_EP_GetRxCount
 .text.HAL_PCD_EP_Transmit
                0x08005216       0x6e ./Drivers/STM32F1xx_HAL_Driver/Src/stm32f1xx_hal_pcd.o
                0x08005216                HAL_PCD_EP_Transmit
 .text.HAL_PCD_EP_SetStall
                0x08005284       0xc0 ./Drivers/STM32F1xx_HAL_Driver/Src/stm32f1xx_hal_pcd.o
                0x08005284                HAL_PCD_EP_SetStall
 .text.HAL_PCD_EP_ClrStall
                0x08005344       0xa8 ./Drivers/STM32F1xx_HAL_Driver/Src/stm32f1xx_hal_pcd.o
                0x08005344                HAL_PCD_EP_ClrStall
 .text.PCD_EP_ISR_Handler
                0x080053ec      0x79e ./Drivers/STM32F1xx_HAL_Driver/Src/stm32f1xx_hal_pcd.o
 .text.HAL_PCD_EP_DB_Receive
                0x08005b8a      0x21a ./Drivers/STM32F1xx_HAL_Driver/Src/stm32f1xx_hal_pcd.o
 .text.HAL_PCD_EP_DB_Transmit
                0x08005da4      0x7f4 ./Drivers/STM32F1xx_HAL_Driver/Src/stm32f1xx_hal_pcd.o
 .text.HAL_PCDEx_PMAConfig
                0x08006598       0x84 ./Drivers/STM32F1xx_HAL_Driver/Src/stm32f1xx_hal_pcd_ex.o
                0x08006598                HAL_PCDEx_PMAConfig
 .text.HAL_RCC_OscConfig
                0x0800661c      0x504 ./Drivers/STM32F1xx_HAL_Driver/Src/stm32f1xx_hal_rcc.o
                0x0800661c                HAL_RCC_OscConfig
 .text.HAL_RCC_ClockConfig
                0x08006b20      0x1d4 ./Drivers/STM32F1xx_HAL_Driver/Src/stm32f1xx_hal_rcc.o
                0x08006b20                HAL_RCC_ClockConfig
 .text.HAL_RCC_GetSysClockFreq
                0x08006cf4       0xa8 ./Drivers/STM32F1xx_HAL_Driver/Src/stm32f1xx_hal_rcc.o
                0x08006cf4                HAL_RCC_GetSysClockFreq
 .text.HAL_RCC_GetHCLKFreq
                0x08006d9c       0x14 ./Drivers/STM32F1xx_HAL_Driver/Src/stm32f1xx_hal_rcc.o
                0x08006d9c                HAL_RCC_GetHCLKFreq
 .text.HAL_RCC_GetPCLK1Freq
                0x08006db0       0x28 ./Drivers/STM32F1xx_HAL_Driver/Src/stm32f1xx_hal_rcc.o
                0x08006db0                HAL_RCC_GetPCLK1Freq
 .text.HAL_RCC_GetPCLK2Freq
                0x08006dd8       0x28 ./Drivers/STM32F1xx_HAL_Driver/Src/stm32f1xx_hal_rcc.o
                0x08006dd8                HAL_RCC_GetPCLK2Freq
 .text.RCC_Delay
                0x08006e00       0x3c ./Drivers/STM32F1xx_HAL_Driver/Src/stm32f1xx_hal_rcc.o
 .text.HAL_RCCEx_PeriphCLKConfig
                0x08006e3c      0x16c ./Drivers/STM32F1xx_HAL_Driver/Src/stm32f1xx_hal_rcc_ex.o
                0x08006e3c                HAL_RCCEx_PeriphCLKConfig
 .text.HAL_SPI_Init
                0x08006fa8      0x108 ./Drivers/STM32F1xx_HAL_Driver/Src/stm32f1xx_hal_spi.o
                0x08006fa8                HAL_SPI_Init
 .text.HAL_SPI_Transmit
                0x080070b0      0x288 ./Drivers/STM32F1xx_HAL_Driver/Src/stm32f1xx_hal_spi.o
                0x080070b0                HAL_SPI_Transmit
 .text.HAL_SPI_TransmitReceive
                0x08007338      0x352 ./Drivers/STM32F1xx_HAL_Driver/Src/stm32f1xx_hal_spi.o
                0x08007338                HAL_SPI_TransmitReceive
 *fill*         0x0800768a        0x2 
 .text.SPI_WaitFlagStateUntilTimeout
                0x0800768c      0x110 ./Drivers/STM32F1xx_HAL_Driver/Src/stm32f1xx_hal_spi.o
 .text.SPI_EndRxTxTransaction
                0x0800779c       0x62 ./Drivers/STM32F1xx_HAL_Driver/Src/stm32f1xx_hal_spi.o
 .text.HAL_UART_Init
                0x080077fe       0xa0 ./Drivers/STM32F1xx_HAL_Driver/Src/stm32f1xx_hal_uart.o
                0x080077fe                HAL_UART_Init
 .text.HAL_UART_Transmit
                0x0800789e      0x116 ./Drivers/STM32F1xx_HAL_Driver/Src/stm32f1xx_hal_uart.o
                0x0800789e                HAL_UART_Transmit
 .text.HAL_UART_Receive_IT
                0x080079b4       0x4a ./Drivers/STM32F1xx_HAL_Driver/Src/stm32f1xx_hal_uart.o
                0x080079b4                HAL_UART_Receive_IT
 *fill*         0x080079fe        0x2 
 .text.HAL_UART_IRQHandler
                0x08007a00      0x524 ./Drivers/STM32F1xx_HAL_Driver/Src/stm32f1xx_hal_uart.o
                0x08007a00                HAL_UART_IRQHandler
 .text.HAL_UART_TxCpltCallback
                0x08007f24       0x12 ./Drivers/STM32F1xx_HAL_Driver/Src/stm32f1xx_hal_uart.o
                0x08007f24                HAL_UART_TxCpltCallback
 .text.HAL_UART_ErrorCallback
                0x08007f36       0x12 ./Drivers/STM32F1xx_HAL_Driver/Src/stm32f1xx_hal_uart.o
                0x08007f36                HAL_UART_ErrorCallback
 .text.HAL_UARTEx_RxEventCallback
                0x08007f48       0x16 ./Drivers/STM32F1xx_HAL_Driver/Src/stm32f1xx_hal_uart.o
                0x08007f48                HAL_UARTEx_RxEventCallback
 .text.UART_WaitOnFlagUntilTimeout
                0x08007f5e       0xb2 ./Drivers/STM32F1xx_HAL_Driver/Src/stm32f1xx_hal_uart.o
 .text.UART_Start_Receive_IT
                0x08008010       0x72 ./Drivers/STM32F1xx_HAL_Driver/Src/stm32f1xx_hal_uart.o
                0x08008010                UART_Start_Receive_IT
 .text.UART_EndRxTransfer
                0x08008082       0xc4 ./Drivers/STM32F1xx_HAL_Driver/Src/stm32f1xx_hal_uart.o
 .text.UART_DMAAbortOnError
                0x08008146       0x28 ./Drivers/STM32F1xx_HAL_Driver/Src/stm32f1xx_hal_uart.o
 .text.UART_Transmit_IT
                0x0800816e       0x9e ./Drivers/STM32F1xx_HAL_Driver/Src/stm32f1xx_hal_uart.o
 .text.UART_EndTransmit_IT
                0x0800820c       0x30 ./Drivers/STM32F1xx_HAL_Driver/Src/stm32f1xx_hal_uart.o
 .text.UART_Receive_IT
                0x0800823c      0x17c ./Drivers/STM32F1xx_HAL_Driver/Src/stm32f1xx_hal_uart.o
 .text.UART_SetConfig
                0x080083b8      0x11c ./Drivers/STM32F1xx_HAL_Driver/Src/stm32f1xx_hal_uart.o
 .text.USB_CoreInit
                0x080084d4       0x1a ./Drivers/STM32F1xx_HAL_Driver/Src/stm32f1xx_ll_usb.o
                0x080084d4                USB_CoreInit
 .text.USB_EnableGlobalInt
                0x080084ee       0x2c ./Drivers/STM32F1xx_HAL_Driver/Src/stm32f1xx_ll_usb.o
                0x080084ee                USB_EnableGlobalInt
 .text.USB_DisableGlobalInt
                0x0800851a       0x34 ./Drivers/STM32F1xx_HAL_Driver/Src/stm32f1xx_ll_usb.o
                0x0800851a                USB_DisableGlobalInt
 .text.USB_SetCurrentMode
                0x0800854e       0x18 ./Drivers/STM32F1xx_HAL_Driver/Src/stm32f1xx_ll_usb.o
                0x0800854e                USB_SetCurrentMode
 .text.USB_DevInit
                0x08008566       0x3a ./Drivers/STM32F1xx_HAL_Driver/Src/stm32f1xx_ll_usb.o
                0x08008566                USB_DevInit
 .text.USB_ActivateEndpoint
                0x080085a0      0x780 ./Drivers/STM32F1xx_HAL_Driver/Src/stm32f1xx_ll_usb.o
                0x080085a0                USB_ActivateEndpoint
 .text.USB_DeactivateEndpoint
                0x08008d20      0x3d8 ./Drivers/STM32F1xx_HAL_Driver/Src/stm32f1xx_ll_usb.o
                0x08008d20                USB_DeactivateEndpoint
 .text.USB_EPStartXfer
                0x080090f8     0x1762 ./Drivers/STM32F1xx_HAL_Driver/Src/stm32f1xx_ll_usb.o
                0x080090f8                USB_EPStartXfer
 .text.USB_EPSetStall
                0x0800a85a       0xa0 ./Drivers/STM32F1xx_HAL_Driver/Src/stm32f1xx_ll_usb.o
                0x0800a85a                USB_EPSetStall
 .text.USB_EPClearStall
                0x0800a8fa      0x15a ./Drivers/STM32F1xx_HAL_Driver/Src/stm32f1xx_ll_usb.o
                0x0800a8fa                USB_EPClearStall
 .text.USB_SetDevAddress
                0x0800aa54       0x26 ./Drivers/STM32F1xx_HAL_Driver/Src/stm32f1xx_ll_usb.o
                0x0800aa54                USB_SetDevAddress
 .text.USB_DevConnect
                0x0800aa7a       0x14 ./Drivers/STM32F1xx_HAL_Driver/Src/stm32f1xx_ll_usb.o
                0x0800aa7a                USB_DevConnect
 .text.USB_DevDisconnect
                0x0800aa8e       0x14 ./Drivers/STM32F1xx_HAL_Driver/Src/stm32f1xx_ll_usb.o
                0x0800aa8e                USB_DevDisconnect
 .text.USB_ReadInterrupts
                0x0800aaa2       0x1e ./Drivers/STM32F1xx_HAL_Driver/Src/stm32f1xx_ll_usb.o
                0x0800aaa2                USB_ReadInterrupts
 .text.USB_EP0_OutStart
                0x0800aac0       0x16 ./Drivers/STM32F1xx_HAL_Driver/Src/stm32f1xx_ll_usb.o
                0x0800aac0                USB_EP0_OutStart
 .text.USB_WritePMA
                0x0800aad6       0x8c ./Drivers/STM32F1xx_HAL_Driver/Src/stm32f1xx_ll_usb.o
                0x0800aad6                USB_WritePMA
 .text.USB_ReadPMA
                0x0800ab62       0x9e ./Drivers/STM32F1xx_HAL_Driver/Src/stm32f1xx_ll_usb.o
                0x0800ab62                USB_ReadPMA
 .text.USBD_CDC_Init
                0x0800ac00       0xf4 ./Middlewares/ST/STM32_USB_Device_Library/Class/CDC/Src/usbd_cdc.o
 .text.USBD_CDC_DeInit
                0x0800acf4       0x6e ./Middlewares/ST/STM32_USB_Device_Library/Class/CDC/Src/usbd_cdc.o
 .text.USBD_CDC_Setup
                0x0800ad62      0x146 ./Middlewares/ST/STM32_USB_Device_Library/Class/CDC/Src/usbd_cdc.o
 .text.USBD_CDC_DataIn
                0x0800aea8       0xa6 ./Middlewares/ST/STM32_USB_Device_Library/Class/CDC/Src/usbd_cdc.o
 .text.USBD_CDC_DataOut
                0x0800af4e       0x56 ./Middlewares/ST/STM32_USB_Device_Library/Class/CDC/Src/usbd_cdc.o
 .text.USBD_CDC_EP0_RxReady
                0x0800afa4       0x4e ./Middlewares/ST/STM32_USB_Device_Library/Class/CDC/Src/usbd_cdc.o
 *fill*         0x0800aff2        0x2 
 .text.USBD_CDC_GetFSCfgDesc
                0x0800aff4       0x20 ./Middlewares/ST/STM32_USB_Device_Library/Class/CDC/Src/usbd_cdc.o
 .text.USBD_CDC_GetHSCfgDesc
                0x0800b014       0x20 ./Middlewares/ST/STM32_USB_Device_Library/Class/CDC/Src/usbd_cdc.o
 .text.USBD_CDC_GetOtherSpeedCfgDesc
                0x0800b034       0x20 ./Middlewares/ST/STM32_USB_Device_Library/Class/CDC/Src/usbd_cdc.o
 .text.USBD_CDC_GetDeviceQualifierDescriptor
                0x0800b054       0x20 ./Middlewares/ST/STM32_USB_Device_Library/Class/CDC/Src/usbd_cdc.o
                0x0800b054                USBD_CDC_GetDeviceQualifierDescriptor
 .text.USBD_CDC_RegisterInterface
                0x0800b074       0x2c ./Middlewares/ST/STM32_USB_Device_Library/Class/CDC/Src/usbd_cdc.o
                0x0800b074                USBD_CDC_RegisterInterface
 .text.USBD_CDC_SetTxBuffer
                0x0800b0a0       0x32 ./Middlewares/ST/STM32_USB_Device_Library/Class/CDC/Src/usbd_cdc.o
                0x0800b0a0                USBD_CDC_SetTxBuffer
 .text.USBD_CDC_SetRxBuffer
                0x0800b0d2       0x26 ./Middlewares/ST/STM32_USB_Device_Library/Class/CDC/Src/usbd_cdc.o
                0x0800b0d2                USBD_CDC_SetRxBuffer
 .text.USBD_CDC_TransmitPacket
                0x0800b0f8       0x5e ./Middlewares/ST/STM32_USB_Device_Library/Class/CDC/Src/usbd_cdc.o
                0x0800b0f8                USBD_CDC_TransmitPacket
 .text.USBD_CDC_ReceivePacket
                0x0800b156       0x54 ./Middlewares/ST/STM32_USB_Device_Library/Class/CDC/Src/usbd_cdc.o
                0x0800b156                USBD_CDC_ReceivePacket
 .text.USBD_Init
                0x0800b1aa       0x56 ./Middlewares/ST/STM32_USB_Device_Library/Core/Src/usbd_core.o
                0x0800b1aa                USBD_Init
 .text.USBD_RegisterClass
                0x0800b200       0x32 ./Middlewares/ST/STM32_USB_Device_Library/Core/Src/usbd_core.o
                0x0800b200                USBD_RegisterClass
 .text.USBD_Start
                0x0800b232       0x18 ./Middlewares/ST/STM32_USB_Device_Library/Core/Src/usbd_core.o
                0x0800b232                USBD_Start
 .text.USBD_RunTestMode
                0x0800b24a       0x14 ./Middlewares/ST/STM32_USB_Device_Library/Core/Src/usbd_core.o
                0x0800b24a                USBD_RunTestMode
 .text.USBD_SetClassConfig
                0x0800b25e       0x3e ./Middlewares/ST/STM32_USB_Device_Library/Core/Src/usbd_core.o
                0x0800b25e                USBD_SetClassConfig
 .text.USBD_ClrClassConfig
                0x0800b29c       0x26 ./Middlewares/ST/STM32_USB_Device_Library/Core/Src/usbd_core.o
                0x0800b29c                USBD_ClrClassConfig
 .text.USBD_LL_SetupStage
                0x0800b2c2       0x9a ./Middlewares/ST/STM32_USB_Device_Library/Core/Src/usbd_core.o
                0x0800b2c2                USBD_LL_SetupStage
 .text.USBD_LL_DataOutStage
                0x0800b35c       0xe2 ./Middlewares/ST/STM32_USB_Device_Library/Core/Src/usbd_core.o
                0x0800b35c                USBD_LL_DataOutStage
 .text.USBD_LL_DataInStage
                0x0800b43e      0x14a ./Middlewares/ST/STM32_USB_Device_Library/Core/Src/usbd_core.o
                0x0800b43e                USBD_LL_DataInStage
 .text.USBD_LL_Reset
                0x0800b588       0x82 ./Middlewares/ST/STM32_USB_Device_Library/Core/Src/usbd_core.o
                0x0800b588                USBD_LL_Reset
 .text.USBD_LL_SetSpeed
                0x0800b60a       0x1e ./Middlewares/ST/STM32_USB_Device_Library/Core/Src/usbd_core.o
                0x0800b60a                USBD_LL_SetSpeed
 .text.USBD_LL_Suspend
                0x0800b628       0x28 ./Middlewares/ST/STM32_USB_Device_Library/Core/Src/usbd_core.o
                0x0800b628                USBD_LL_Suspend
 .text.USBD_LL_Resume
                0x0800b650       0x2a ./Middlewares/ST/STM32_USB_Device_Library/Core/Src/usbd_core.o
                0x0800b650                USBD_LL_Resume
 .text.USBD_LL_SOF
                0x0800b67a       0x34 ./Middlewares/ST/STM32_USB_Device_Library/Core/Src/usbd_core.o
                0x0800b67a                USBD_LL_SOF
 *fill*         0x0800b6ae        0x2 
 .text.USBD_StdDevReq
                0x0800b6b0       0xd4 ./Middlewares/ST/STM32_USB_Device_Library/Core/Src/usbd_ctlreq.o
                0x0800b6b0                USBD_StdDevReq
 .text.USBD_StdItfReq
                0x0800b784       0x90 ./Middlewares/ST/STM32_USB_Device_Library/Core/Src/usbd_ctlreq.o
                0x0800b784                USBD_StdItfReq
 .text.USBD_StdEPReq
                0x0800b814      0x2c6 ./Middlewares/ST/STM32_USB_Device_Library/Core/Src/usbd_ctlreq.o
                0x0800b814                USBD_StdEPReq
 *fill*         0x0800bada        0x2 
 .text.USBD_GetDescriptor
                0x0800badc      0x2d0 ./Middlewares/ST/STM32_USB_Device_Library/Core/Src/usbd_ctlreq.o
 .text.USBD_SetAddress
                0x0800bdac       0x86 ./Middlewares/ST/STM32_USB_Device_Library/Core/Src/usbd_ctlreq.o
 *fill*         0x0800be32        0x2 
 .text.USBD_SetConfig
                0x0800be34      0x11c ./Middlewares/ST/STM32_USB_Device_Library/Core/Src/usbd_ctlreq.o
 .text.USBD_GetConfig
                0x0800bf50       0x6a ./Middlewares/ST/STM32_USB_Device_Library/Core/Src/usbd_ctlreq.o
 .text.USBD_GetStatus
                0x0800bfba       0x66 ./Middlewares/ST/STM32_USB_Device_Library/Core/Src/usbd_ctlreq.o
 .text.USBD_SetFeature
                0x0800c020       0x28 ./Middlewares/ST/STM32_USB_Device_Library/Core/Src/usbd_ctlreq.o
 .text.USBD_ClrFeature
                0x0800c048       0x42 ./Middlewares/ST/STM32_USB_Device_Library/Core/Src/usbd_ctlreq.o
 .text.USBD_ParseSetupRequest
                0x0800c08a       0x72 ./Middlewares/ST/STM32_USB_Device_Library/Core/Src/usbd_ctlreq.o
                0x0800c08a                USBD_ParseSetupRequest
 .text.USBD_CtlError
                0x0800c0fc       0x22 ./Middlewares/ST/STM32_USB_Device_Library/Core/Src/usbd_ctlreq.o
                0x0800c0fc                USBD_CtlError
 .text.USBD_GetString
                0x0800c11e       0x84 ./Middlewares/ST/STM32_USB_Device_Library/Core/Src/usbd_ctlreq.o
                0x0800c11e                USBD_GetString
 .text.USBD_GetLen
                0x0800c1a2       0x2e ./Middlewares/ST/STM32_USB_Device_Library/Core/Src/usbd_ctlreq.o
 .text.USBD_CtlSendData
                0x0800c1d0       0x38 ./Middlewares/ST/STM32_USB_Device_Library/Core/Src/usbd_ioreq.o
                0x0800c1d0                USBD_CtlSendData
 .text.USBD_CtlContinueSendData
                0x0800c208       0x24 ./Middlewares/ST/STM32_USB_Device_Library/Core/Src/usbd_ioreq.o
                0x0800c208                USBD_CtlContinueSendData
 .text.USBD_CtlPrepareRx
                0x0800c22c       0x3c ./Middlewares/ST/STM32_USB_Device_Library/Core/Src/usbd_ioreq.o
                0x0800c22c                USBD_CtlPrepareRx
 .text.USBD_CtlContinueRx
                0x0800c268       0x24 ./Middlewares/ST/STM32_USB_Device_Library/Core/Src/usbd_ioreq.o
                0x0800c268                USBD_CtlContinueRx
 .text.USBD_CtlSendStatus
                0x0800c28c       0x26 ./Middlewares/ST/STM32_USB_Device_Library/Core/Src/usbd_ioreq.o
                0x0800c28c                USBD_CtlSendStatus
 .text.USBD_CtlReceiveStatus
                0x0800c2b2       0x26 ./Middlewares/ST/STM32_USB_Device_Library/Core/Src/usbd_ioreq.o
                0x0800c2b2                USBD_CtlReceiveStatus
 .text.MX_USB_DEVICE_Init
                0x0800c2d8       0x60 ./USB_DEVICE/App/usb_device.o
                0x0800c2d8                MX_USB_DEVICE_Init
 .text.CDC_Init_FS
                0x0800c338       0x28 ./USB_DEVICE/App/usbd_cdc_if.o
 .text.CDC_DeInit_FS
                0x0800c360        0xe ./USB_DEVICE/App/usbd_cdc_if.o
 *fill*         0x0800c36e        0x2 
 .text.CDC_Control_FS
                0x0800c370       0xbc ./USB_DEVICE/App/usbd_cdc_if.o
 .text.CDC_Receive_FS
                0x0800c42c       0x40 ./USB_DEVICE/App/usbd_cdc_if.o
 .text.CDC_Transmit_FS
                0x0800c46c       0x4c ./USB_DEVICE/App/usbd_cdc_if.o
                0x0800c46c                CDC_Transmit_FS
 .text.USBD_FS_DeviceDescriptor
                0x0800c4b8       0x24 ./USB_DEVICE/App/usbd_desc.o
                0x0800c4b8                USBD_FS_DeviceDescriptor
 .text.USBD_FS_LangIDStrDescriptor
                0x0800c4dc       0x24 ./USB_DEVICE/App/usbd_desc.o
                0x0800c4dc                USBD_FS_LangIDStrDescriptor
 .text.USBD_FS_ProductStrDescriptor
                0x0800c500       0x3c ./USB_DEVICE/App/usbd_desc.o
                0x0800c500                USBD_FS_ProductStrDescriptor
 .text.USBD_FS_ManufacturerStrDescriptor
                0x0800c53c       0x28 ./USB_DEVICE/App/usbd_desc.o
                0x0800c53c                USBD_FS_ManufacturerStrDescriptor
 .text.USBD_FS_SerialStrDescriptor
                0x0800c564       0x24 ./USB_DEVICE/App/usbd_desc.o
                0x0800c564                USBD_FS_SerialStrDescriptor
 .text.USBD_FS_ConfigStrDescriptor
                0x0800c588       0x3c ./USB_DEVICE/App/usbd_desc.o
                0x0800c588                USBD_FS_ConfigStrDescriptor
 .text.USBD_FS_InterfaceStrDescriptor
                0x0800c5c4       0x3c ./USB_DEVICE/App/usbd_desc.o
                0x0800c5c4                USBD_FS_InterfaceStrDescriptor
 .text.Get_SerialNum
                0x0800c600       0x58 ./USB_DEVICE/App/usbd_desc.o
 .text.IntToUnicode
                0x0800c658       0x7c ./USB_DEVICE/App/usbd_desc.o
 .text.HAL_PCD_MspInit
                0x0800c6d4       0x4c ./USB_DEVICE/Target/usbd_conf.o
                0x0800c6d4                HAL_PCD_MspInit
 .text.HAL_PCD_SetupStageCallback
                0x0800c720       0x24 ./USB_DEVICE/Target/usbd_conf.o
                0x0800c720                HAL_PCD_SetupStageCallback
 .text.HAL_PCD_DataOutStageCallback
                0x0800c744       0x36 ./USB_DEVICE/Target/usbd_conf.o
                0x0800c744                HAL_PCD_DataOutStageCallback
 .text.HAL_PCD_DataInStageCallback
                0x0800c77a       0x34 ./USB_DEVICE/Target/usbd_conf.o
                0x0800c77a                HAL_PCD_DataInStageCallback
 .text.HAL_PCD_SOFCallback
                0x0800c7ae       0x1c ./USB_DEVICE/Target/usbd_conf.o
                0x0800c7ae                HAL_PCD_SOFCallback
 .text.HAL_PCD_ResetCallback
                0x0800c7ca       0x3c ./USB_DEVICE/Target/usbd_conf.o
                0x0800c7ca                HAL_PCD_ResetCallback
 *fill*         0x0800c806        0x2 
 .text.HAL_PCD_SuspendCallback
                0x0800c808       0x34 ./USB_DEVICE/Target/usbd_conf.o
                0x0800c808                HAL_PCD_SuspendCallback
 .text.HAL_PCD_ResumeCallback
                0x0800c83c       0x1c ./USB_DEVICE/Target/usbd_conf.o
                0x0800c83c                HAL_PCD_ResumeCallback
 .text.USBD_LL_Init
                0x0800c858       0xb4 ./USB_DEVICE/Target/usbd_conf.o
                0x0800c858                USBD_LL_Init
 .text.USBD_LL_Start
                0x0800c90c       0x36 ./USB_DEVICE/Target/usbd_conf.o
                0x0800c90c                USBD_LL_Start
 .text.USBD_LL_OpenEP
                0x0800c942       0x4c ./USB_DEVICE/Target/usbd_conf.o
                0x0800c942                USBD_LL_OpenEP
 .text.USBD_LL_CloseEP
                0x0800c98e       0x3e ./USB_DEVICE/Target/usbd_conf.o
                0x0800c98e                USBD_LL_CloseEP
 .text.USBD_LL_StallEP
                0x0800c9cc       0x3e ./USB_DEVICE/Target/usbd_conf.o
                0x0800c9cc                USBD_LL_StallEP
 .text.USBD_LL_ClearStallEP
                0x0800ca0a       0x3e ./USB_DEVICE/Target/usbd_conf.o
                0x0800ca0a                USBD_LL_ClearStallEP
 .text.USBD_LL_IsStallEP
                0x0800ca48       0x56 ./USB_DEVICE/Target/usbd_conf.o
                0x0800ca48                USBD_LL_IsStallEP
 .text.USBD_LL_SetUSBAddress
                0x0800ca9e       0x3e ./USB_DEVICE/Target/usbd_conf.o
                0x0800ca9e                USBD_LL_SetUSBAddress
 .text.USBD_LL_Transmit
                0x0800cadc       0x46 ./USB_DEVICE/Target/usbd_conf.o
                0x0800cadc                USBD_LL_Transmit
 .text.USBD_LL_PrepareReceive
                0x0800cb22       0x46 ./USB_DEVICE/Target/usbd_conf.o
                0x0800cb22                USBD_LL_PrepareReceive
 .text.USBD_LL_GetRxDataSize
                0x0800cb68       0x26 ./USB_DEVICE/Target/usbd_conf.o
                0x0800cb68                USBD_LL_GetRxDataSize
 *fill*         0x0800cb8e        0x2 
 .text.USBD_static_malloc
                0x0800cb90       0x18 ./USB_DEVICE/Target/usbd_conf.o
                0x0800cb90                USBD_static_malloc
 .text.USBD_static_free
                0x0800cba8       0x12 ./USB_DEVICE/Target/usbd_conf.o
                0x0800cba8                USBD_static_free
 .text.HAL_PCDEx_SetConnectionState
                0x0800cbba       0x16 ./USB_DEVICE/Target/usbd_conf.o
                0x0800cbba                HAL_PCDEx_SetConnectionState
 .text.USBD_Get_USB_Status
                0x0800cbd0       0x58 ./USB_DEVICE/Target/usbd_conf.o
 .text.sprintf  0x0800cc28       0x44 C:/ST/STM32CubeIDE_2.0.0/STM32CubeIDE/plugins/com.st.stm32cube.ide.mcu.externaltools.gnu-tools-for-stm32.13.3.rel1.win32_1.0.100.202509120712/tools/bin/../lib/gcc/arm-none-eabi/13.3.1/../../../../arm-none-eabi/lib/thumb/v7-m/nofp\libc_nano.a(libc_a-sprintf.o)
                0x0800cc28                siprintf
                0x0800cc28                sprintf
 .text.sscanf   0x0800cc6c       0x58 C:/ST/STM32CubeIDE_2.0.0/STM32CubeIDE/plugins/com.st.stm32cube.ide.mcu.externaltools.gnu-tools-for-stm32.13.3.rel1.win32_1.0.100.202509120712/tools/bin/../lib/gcc/arm-none-eabi/13.3.1/../../../../arm-none-eabi/lib/thumb/v7-m/nofp\libc_nano.a(libc_a-sscanf.o)
                0x0800cc6c                siscanf
                0x0800cc6c                sscanf
 .text.__seofread
                0x0800ccc4        0x4 C:/ST/STM32CubeIDE_2.0.0/STM32CubeIDE/plugins/com.st.stm32cube.ide.mcu.externaltools.gnu-tools-for-stm32.13.3.rel1.win32_1.0.100.202509120712/tools/bin/../lib/gcc/arm-none-eabi/13.3.1/../../../../arm-none-eabi/lib/thumb/v7-m/nofp\libc_nano.a(libc_a-stdio.o)
                0x0800ccc4                __seofread
 .text._vsnprintf_r
                0x0800ccc8       0x5c C:/ST/STM32CubeIDE_2.0.0/STM32CubeIDE/plugins/com.st.stm32cube.ide.mcu.externaltools.gnu-tools-for-stm32.13.3.rel1.win32_1.0.100.202509120712/tools/bin/../lib/gcc/arm-none-eabi/13.3.1/../../../../arm-none-eabi/lib/thumb/v7-m/nofp\libc_nano.a(libc_a-vsnprintf.o)
                0x0800ccc8                _vsniprintf_r
                0x0800ccc8                _vsnprintf_r
 .text.vsnprintf
                0x0800cd24       0x1c C:/ST/STM32CubeIDE_2.0.0/STM32CubeIDE/plugins/com.st.stm32cube.ide.mcu.externaltools.gnu-tools-for-stm32.13.3.rel1.win32_1.0.100.202509120712/tools/bin/../lib/gcc/arm-none-eabi/13.3.1/../../../../arm-none-eabi/lib/thumb/v7-m/nofp\libc_nano.a(libc_a-vsnprintf.o)
                0x0800cd24                vsniprintf
                0x0800cd24                vsnprintf
 .text.memset   0x0800cd40       0x10 C:/ST/STM32CubeIDE_2.0.0/STM32CubeIDE/plugins/com.st.stm32cube.ide.mcu.externaltools.gnu-tools-for-stm32.13.3.rel1.win32_1.0.100.202509120712/tools/bin/../lib/gcc/arm-none-eabi/13.3.1/../../../../arm-none-eabi/lib/thumb/v7-m/nofp\libc_nano.a(libc_a-memset.o)
                0x0800cd40                memset
 .text.strncmp  0x0800cd50       0x24 C:/ST/STM32CubeIDE_2.0.0/STM32CubeIDE/plugins/com.st.stm32cube.ide.mcu.externaltools.gnu-tools-for-stm32.13.3.rel1.win32_1.0.100.202509120712/tools/bin/../lib/gcc/arm-none-eabi/13.3.1/../../../../arm-none-eabi/lib/thumb/v7-m/nofp\libc_nano.a(libc_a-strncmp.o)
                0x0800cd50                strncmp
 .text.strstr   0x0800cd74       0x2c C:/ST/STM32CubeIDE_2.0.0/STM32CubeIDE/plugins/com.st.stm32cube.ide.mcu.externaltools.gnu-tools-for-stm32.13.3.rel1.win32_1.0.100.202509120712/tools/bin/../lib/gcc/arm-none-eabi/13.3.1/../../../../arm-none-eabi/lib/thumb/v7-m/nofp\libc_nano.a(libc_a-strstr.o)
                0x0800cd74                strstr
 .text.__errno  0x0800cda0        0xc C:/ST/STM32CubeIDE_2.0.0/STM32CubeIDE/plugins/com.st.stm32cube.ide.mcu.externaltools.gnu-tools-for-stm32.13.3.rel1.win32_1.0.100.202509120712/tools/bin/../lib/gcc/arm-none-eabi/13.3.1/../../../../arm-none-eabi/lib/thumb/v7-m/nofp\libc_nano.a(libc_a-errno.o)
                0x0800cda0                __errno
 .text.__libc_init_array
                0x0800cdac       0x48 C:/ST/STM32CubeIDE_2.0.0/STM32CubeIDE/plugins/com.st.stm32cube.ide.mcu.externaltools.gnu-tools-for-stm32.13.3.rel1.win32_1.0.100.202509120712/tools/bin/../lib/gcc/arm-none-eabi/13.3.1/../../../../arm-none-eabi/lib/thumb/v7-m/nofp\libc_nano.a(libc_a-init.o)
                0x0800cdac                __libc_init_array
 .text.__retarget_lock_acquire_recursive
                0x0800cdf4        0x2 C:/ST/STM32CubeIDE_2.0.0/STM32CubeIDE/plugins/com.st.stm32cube.ide.mcu.externaltools.gnu-tools-for-stm32.13.3.rel1.win32_1.0.100.202509120712/tools/bin/../lib/gcc/arm-none-eabi/13.3.1/../../../../arm-none-eabi/lib/thumb/v7-m/nofp\libc_nano.a(libc_a-lock.o)
                0x0800cdf4                __retarget_lock_acquire_recursive
 .text.__retarget_lock_release_recursive
                0x0800cdf6        0x2 C:/ST/STM32CubeIDE_2.0.0/STM32CubeIDE/plugins/com.st.stm32cube.ide.mcu.externaltools.gnu-tools-for-stm32.13.3.rel1.win32_1.0.100.202509120712/tools/bin/../lib/gcc/arm-none-eabi/13.3.1/../../../../arm-none-eabi/lib/thumb/v7-m/nofp\libc_nano.a(libc_a-lock.o)
                0x0800cdf6                __retarget_lock_release_recursive
 .text._free_r  0x0800cdf8       0x90 C:/ST/STM32CubeIDE_2.0.0/STM32CubeIDE/plugins/com.st.stm32cube.ide.mcu.externaltools.gnu-tools-for-stm32.13.3.rel1.win32_1.0.100.202509120712/tools/bin/../lib/gcc/arm-none-eabi/13.3.1/../../../../arm-none-eabi/lib/thumb/v7-m/nofp\libc_nano.a(libc_a-freer.o)
                0x0800cdf8                _free_r
 .text.sbrk_aligned
                0x0800ce88       0x44 C:/ST/STM32CubeIDE_2.0.0/STM32CubeIDE/plugins/com.st.stm32cube.ide.mcu.externaltools.gnu-tools-for-stm32.13.3.rel1.win32_1.0.100.202509120712/tools/bin/../lib/gcc/arm-none-eabi/13.3.1/../../../../arm-none-eabi/lib/thumb/v7-m/nofp\libc_nano.a(libc_a-mallocr.o)
 .text._malloc_r
                0x0800cecc      0x100 C:/ST/STM32CubeIDE_2.0.0/STM32CubeIDE/plugins/com.st.stm32cube.ide.mcu.externaltools.gnu-tools-for-stm32.13.3.rel1.win32_1.0.100.202509120712/tools/bin/../lib/gcc/arm-none-eabi/13.3.1/../../../../arm-none-eabi/lib/thumb/v7-m/nofp\libc_nano.a(libc_a-mallocr.o)
                0x0800cecc                _malloc_r
 .text.__malloc_lock
                0x0800cfcc        0xc C:/ST/STM32CubeIDE_2.0.0/STM32CubeIDE/plugins/com.st.stm32cube.ide.mcu.externaltools.gnu-tools-for-stm32.13.3.rel1.win32_1.0.100.202509120712/tools/bin/../lib/gcc/arm-none-eabi/13.3.1/../../../../arm-none-eabi/lib/thumb/v7-m/nofp\libc_nano.a(libc_a-mlock.o)
                0x0800cfcc                __malloc_lock
 .text.__malloc_unlock
                0x0800cfd8        0xc C:/ST/STM32CubeIDE_2.0.0/STM32CubeIDE/plugins/com.st.stm32cube.ide.mcu.externaltools.gnu-tools-for-stm32.13.3.rel1.win32_1.0.100.202509120712/tools/bin/../lib/gcc/arm-none-eabi/13.3.1/../../../../arm-none-eabi/lib/thumb/v7-m/nofp\libc_nano.a(libc_a-mlock.o)
                0x0800cfd8                __malloc_unlock
 .text.__ssputs_r
                0x0800cfe4       0xb6 C:/ST/STM32CubeIDE_2.0.0/STM32CubeIDE/plugins/com.st.stm32cube.ide.mcu.externaltools.gnu-tools-for-stm32.13.3.rel1.win32_1.0.100.202509120712/tools/bin/../lib/gcc/arm-none-eabi/13.3.1/../../../../arm-none-eabi/lib/thumb/v7-m/nofp\libc_nano.a(libc_a-nano-svfprintf.o)
                0x0800cfe4                __ssputs_r
 *fill*         0x0800d09a        0x2 
 .text._svfprintf_r
                0x0800d09c      0x1f8 C:/ST/STM32CubeIDE_2.0.0/STM32CubeIDE/plugins/com.st.stm32cube.ide.mcu.externaltools.gnu-tools-for-stm32.13.3.rel1.win32_1.0.100.202509120712/tools/bin/../lib/gcc/arm-none-eabi/13.3.1/../../../../arm-none-eabi/lib/thumb/v7-m/nofp\libc_nano.a(libc_a-nano-svfprintf.o)
                0x0800d09c                _svfiprintf_r
                0x0800d09c                _svfprintf_r
 .text._sungetc_r
                0x0800d294       0x7a C:/ST/STM32CubeIDE_2.0.0/STM32CubeIDE/plugins/com.st.stm32cube.ide.mcu.externaltools.gnu-tools-for-stm32.13.3.rel1.win32_1.0.100.202509120712/tools/bin/../lib/gcc/arm-none-eabi/13.3.1/../../../../arm-none-eabi/lib/thumb/v7-m/nofp\libc_nano.a(libc_a-nano-svfscanf.o)
                0x0800d294                _sungetc_r
 .text.__ssrefill_r
                0x0800d30e       0x3a C:/ST/STM32CubeIDE_2.0.0/STM32CubeIDE/plugins/com.st.stm32cube.ide.mcu.externaltools.gnu-tools-for-stm32.13.3.rel1.win32_1.0.100.202509120712/tools/bin/../lib/gcc/arm-none-eabi/13.3.1/../../../../arm-none-eabi/lib/thumb/v7-m/nofp\libc_nano.a(libc_a-nano-svfscanf.o)
                0x0800d30e                __ssrefill_r
 .text.__ssvfscanf_r
                0x0800d348      0x2e8 C:/ST/STM32CubeIDE_2.0.0/STM32CubeIDE/plugins/com.st.stm32cube.ide.mcu.externaltools.gnu-tools-for-stm32.13.3.rel1.win32_1.0.100.202509120712/tools/bin/../lib/gcc/arm-none-eabi/13.3.1/../../../../arm-none-eabi/lib/thumb/v7-m/nofp\libc_nano.a(libc_a-nano-svfscanf.o)
                0x0800d348                __ssvfiscanf_r
                0x0800d348                __ssvfscanf_r
 .text._printf_common
                0x0800d630       0xe4 C:/ST/STM32CubeIDE_2.0.0/STM32CubeIDE/plugins/com.st.stm32cube.ide.mcu.externaltools.gnu-tools-for-stm32.13.3.rel1.win32_1.0.100.202509120712/tools/bin/../lib/gcc/arm-none-eabi/13.3.1/../../../../arm-none-eabi/lib/thumb/v7-m/nofp\libc_nano.a(libc_a-nano-vfprintf_i.o)
                0x0800d630                _printf_common
 .text._printf_i
                0x0800d714      0x23c C:/ST/STM32CubeIDE_2.0.0/STM32CubeIDE/plugins/com.st.stm32cube.ide.mcu.externaltools.gnu-tools-for-stm32.13.3.rel1.win32_1.0.100.202509120712/tools/bin/../lib/gcc/arm-none-eabi/13.3.1/../../../../arm-none-eabi/lib/thumb/v7-m/nofp\libc_nano.a(libc_a-nano-vfprintf_i.o)
                0x0800d714                _printf_i
 .text._scanf_chars
                0x0800d950       0xb4 C:/ST/STM32CubeIDE_2.0.0/STM32CubeIDE/plugins/com.st.stm32cube.ide.mcu.externaltools.gnu-tools-for-stm32.13.3.rel1.win32_1.0.100.202509120712/tools/bin/../lib/gcc/arm-none-eabi/13.3.1/../../../../arm-none-eabi/lib/thumb/v7-m/nofp\libc_nano.a(libc_a-nano-vfscanf_i.o)
                0x0800d950                _scanf_chars
 .text._scanf_i
                0x0800da04      0x1e4 C:/ST/STM32CubeIDE_2.0.0/STM32CubeIDE/plugins/com.st.stm32cube.ide.mcu.externaltools.gnu-tools-for-stm32.13.3.rel1.win32_1.0.100.202509120712/tools/bin/../lib/gcc/arm-none-eabi/13.3.1/../../../../arm-none-eabi/lib/thumb/v7-m/nofp\libc_nano.a(libc_a-nano-vfscanf_i.o)
                0x0800da04                _scanf_i
 .text.__sccl   0x0800dbe8       0x72 C:/ST/STM32CubeIDE_2.0.0/STM32CubeIDE/plugins/com.st.stm32cube.ide.mcu.externaltools.gnu-tools-for-stm32.13.3.rel1.win32_1.0.100.202509120712/tools/bin/../lib/gcc/arm-none-eabi/13.3.1/../../../../arm-none-eabi/lib/thumb/v7-m/nofp\libc_nano.a(libc_a-sccl.o)
                0x0800dbe8                __sccl
 .text.__submore
                0x0800dc5a       0x70 C:/ST/STM32CubeIDE_2.0.0/STM32CubeIDE/plugins/com.st.stm32cube.ide.mcu.externaltools.gnu-tools-for-stm32.13.3.rel1.win32_1.0.100.202509120712/tools/bin/../lib/gcc/arm-none-eabi/13.3.1/../../../../arm-none-eabi/lib/thumb/v7-m/nofp\libc_nano.a(libc_a-ungetc.o)
                0x0800dc5a                __submore
 .text.memmove  0x0800dcca       0x34 C:/ST/STM32CubeIDE_2.0.0/STM32CubeIDE/plugins/com.st.stm32cube.ide.mcu.externaltools.gnu-tools-for-stm32.13.3.rel1.win32_1.0.100.202509120712/tools/bin/../lib/gcc/arm-none-eabi/13.3.1/../../../../arm-none-eabi/lib/thumb/v7-m/nofp\libc_nano.a(libc_a-memmove.o)
                0x0800dcca                memmove
 *fill*         0x0800dcfe        0x2 
 .text._sbrk_r  0x0800dd00       0x20 C:/ST/STM32CubeIDE_2.0.0/STM32CubeIDE/plugins/com.st.stm32cube.ide.mcu.externaltools.gnu-tools-for-stm32.13.3.rel1.win32_1.0.100.202509120712/tools/bin/../lib/gcc/arm-none-eabi/13.3.1/../../../../arm-none-eabi/lib/thumb/v7-m/nofp\libc_nano.a(libc_a-sbrkr.o)
                0x0800dd00                _sbrk_r
 .text.memchr   0x0800dd20       0x1c C:/ST/STM32CubeIDE_2.0.0/STM32CubeIDE/plugins/com.st.stm32cube.ide.mcu.externaltools.gnu-tools-for-stm32.13.3.rel1.win32_1.0.100.202509120712/tools/bin/../lib/gcc/arm-none-eabi/13.3.1/../../../../arm-none-eabi/lib/thumb/v7-m/nofp\libc_nano.a(libc_a-memchr-stub.o)
                0x0800dd20                memchr
 .text.memcpy   0x0800dd3c       0x1c C:/ST/STM32CubeIDE_2.0.0/STM32CubeIDE/plugins/com.st.stm32cube.ide.mcu.externaltools.gnu-tools-for-stm32.13.3.rel1.win32_1.0.100.202509120712/tools/bin/../lib/gcc/arm-none-eabi/13.3.1/../../../../arm-none-eabi/lib/thumb/v7-m/nofp\libc_nano.a(libc_a-memcpy-stub.o)
                0x0800dd3c                memcpy
 .text._realloc_r
                0x0800dd58       0x5c C:/ST/STM32CubeIDE_2.0.0/STM32CubeIDE/plugins/com.st.stm32cube.ide.mcu.externaltools.gnu-tools-for-stm32.13.3.rel1.win32_1.0.100.202509120712/tools/bin/../lib/gcc/arm-none-eabi/13.3.1/../../../../arm-none-eabi/lib/thumb/v7-m/nofp\libc_nano.a(libc_a-reallocr.o)
                0x0800dd58                _realloc_r
 .text._strtol_l.isra.0
                0x0800ddb4       0xf4 C:/ST/STM32CubeIDE_2.0.0/STM32CubeIDE/plugins/com.st.stm32cube.ide.mcu.externaltools.gnu-tools-for-stm32.13.3.rel1.win32_1.0.100.202509120712/tools/bin/../lib/gcc/arm-none-eabi/13.3.1/../../../../arm-none-eabi/lib/thumb/v7-m/nofp\libc_nano.a(libc_a-strtol.o)
 .text._strtol_r
                0x0800dea8        0x4 C:/ST/STM32CubeIDE_2.0.0/STM32CubeIDE/plugins/com.st.stm32cube.ide.mcu.externaltools.gnu-tools-for-stm32.13.3.rel1.win32_1.0.100.202509120712/tools/bin/../lib/gcc/arm-none-eabi/13.3.1/../../../../arm-none-eabi/lib/thumb/v7-m/nofp\libc_nano.a(libc_a-strtol.o)
                0x0800dea8                _strtol_r
 .text._strtoul_l.isra.0
                0x0800deac       0xdc C:/ST/STM32CubeIDE_2.0.0/STM32CubeIDE/plugins/com.st.stm32cube.ide.mcu.externaltools.gnu-tools-for-stm32.13.3.rel1.win32_1.0.100.202509120712/tools/bin/../lib/gcc/arm-none-eabi/13.3.1/../../../../arm-none-eabi/lib/thumb/v7-m/nofp\libc_nano.a(libc_a-strtoul.o)
 .text._strtoul_r
                0x0800df88        0x4 C:/ST/STM32CubeIDE_2.0.0/STM32CubeIDE/plugins/com.st.stm32cube.ide.mcu.externaltools.gnu-tools-for-stm32.13.3.rel1.win32_1.0.100.202509120712/tools/bin/../lib/gcc/arm-none-eabi/13.3.1/../../../../arm-none-eabi/lib/thumb/v7-m/nofp\libc_nano.a(libc_a-strtoul.o)
                0x0800df88                _strtoul_r
 .text._malloc_usable_size_r
                0x0800df8c       0x10 C:/ST/STM32CubeIDE_2.0.0/STM32CubeIDE/plugins/com.st.stm32cube.ide.mcu.externaltools.gnu-tools-for-stm32.13.3.rel1.win32_1.0.100.202509120712/tools/bin/../lib/gcc/arm-none-eabi/13.3.1/../../../../arm-none-eabi/lib/thumb/v7-m/nofp\libc_nano.a(libc_a-msizer.o)
                0x0800df8c                _malloc_usable_size_r
 *(.glue_7)
 .glue_7        0x0800df9c        0x0 linker stubs
 *(.glue_7t)
 .glue_7t       0x0800df9c        0x0 linker stubs
 *(.eh_frame)
 .eh_frame      0x0800df9c        0x0 C:/ST/STM32CubeIDE_2.0.0/STM32CubeIDE/plugins/com.st.stm32cube.ide.mcu.externaltools.gnu-tools-for-stm32.13.3.rel1.win32_1.0.100.202509120712/tools/bin/../lib/gcc/arm-none-eabi/13.3.1/thumb/v7-m/nofp/crtbegin.o
 *(.init)
 .init          0x0800df9c        0x4 C:/ST/STM32CubeIDE_2.0.0/STM32CubeIDE/plugins/com.st.stm32cube.ide.mcu.externaltools.gnu-tools-for-stm32.13.3.rel1.win32_1.0.100.202509120712/tools/bin/../lib/gcc/arm-none-eabi/13.3.1/thumb/v7-m/nofp/crti.o
                0x0800df9c                _init
 .init          0x0800dfa0        0x8 C:/ST/STM32CubeIDE_2.0.0/STM32CubeIDE/plugins/com.st.stm32cube.ide.mcu.externaltools.gnu-tools-for-stm32.13.3.rel1.win32_1.0.100.202509120712/tools/bin/../lib/gcc/arm-none-eabi/13.3.1/thumb/v7-m/nofp/crtn.o
 *(.fini)
 .fini          0x0800dfa8        0x4 C:/ST/STM32CubeIDE_2.0.0/STM32CubeIDE/plugins/com.st.stm32cube.ide.mcu.externaltools.gnu-tools-for-stm32.13.3.rel1.win32_1.0.100.202509120712/tools/bin/../lib/gcc/arm-none-eabi/13.3.1/thumb/v7-m/nofp/crti.o
                0x0800dfa8                _fini
 .fini          0x0800dfac        0x8 C:/ST/STM32CubeIDE_2.0.0/STM32CubeIDE/plugins/com.st.stm32cube.ide.mcu.externaltools.gnu-tools-for-stm32.13.3.rel1.win32_1.0.100.202509120712/tools/bin/../lib/gcc/arm-none-eabi/13.3.1/thumb/v7-m/nofp/crtn.o
                0x0800dfb4                        . = ALIGN (0x4)
                0x0800dfb4                        _etext = .

.vfp11_veneer   0x0800dfb4        0x0
 .vfp11_veneer  0x0800dfb4        0x0 linker stubs

.v4_bx          0x0800dfb4        0x0
 .v4_bx         0x0800dfb4        0x0 linker stubs

.iplt           0x0800dfb4        0x0
 .iplt          0x0800dfb4        0x0 C:/ST/STM32CubeIDE_2.0.0/STM32CubeIDE/plugins/com.st.stm32cube.ide.mcu.externaltools.gnu-tools-for-stm32.13.3.rel1.win32_1.0.100.202509120712/tools/bin/../lib/gcc/arm-none-eabi/13.3.1/thumb/v7-m/nofp/crtbegin.o

.rodata         0x0800dfb4      0x32c
                0x0800dfb4                        . = ALIGN (0x4)
 *(.rodata)
 .rodata        0x0800dfb4       0xe8 ./Core/App/app_ethernet.o
 .rodata        0x0800e09c       0x5a ./Core/App/app_uart_logic.o
 *fill*         0x0800e0f6        0x2 
 .rodata        0x0800e0f8        0x3 ./Core/App/app_usb_logic.o
 *fill*         0x0800e0fb        0x1 
 .rodata        0x0800e0fc       0x12 ./Core/WIZNET/Internet/DHCP/dhcp.o
 *fill*         0x0800e10e        0x2 
 .rodata        0x0800e110       0x46 ./USB_DEVICE/App/usbd_desc.o
 *fill*         0x0800e156        0x2 
 .rodata        0x0800e158        0xc C:/ST/STM32CubeIDE_2.0.0/STM32CubeIDE/plugins/com.st.stm32cube.ide.mcu.externaltools.gnu-tools-for-stm32.13.3.rel1.win32_1.0.100.202509120712/tools/bin/../lib/gcc/arm-none-eabi/13.3.1/../../../../arm-none-eabi/lib/thumb/v7-m/nofp\libc_nano.a(libc_a-nano-vfscanf_i.o)
 *(.rodata*)
 .rodata.AHBPrescTable
                0x0800e164       0x10 ./Core/Src/system_stm32f1xx.o
                0x0800e164                AHBPrescTable
 .rodata.APBPrescTable
                0x0800e174        0x8 ./Core/Src/system_stm32f1xx.o
                0x0800e174                APBPrescTable
 .rodata.aPLLMULFactorTable.1
                0x0800e17c       0x10 ./Drivers/STM32F1xx_HAL_Driver/Src/stm32f1xx_hal_rcc.o
 .rodata.aPredivFactorTable.0
                0x0800e18c        0x2 ./Drivers/STM32F1xx_HAL_Driver/Src/stm32f1xx_hal_rcc.o
 .rodata._svfprintf_r.str1.1
                0x0800e18e       0x4e C:/ST/STM32CubeIDE_2.0.0/STM32CubeIDE/plugins/com.st.stm32cube.ide.mcu.externaltools.gnu-tools-for-stm32.13.3.rel1.win32_1.0.100.202509120712/tools/bin/../lib/gcc/arm-none-eabi/13.3.1/../../../../arm-none-eabi/lib/thumb/v7-m/nofp\libc_nano.a(libc_a-nano-svfprintf.o)
                                 0x11 (size before relaxing)
 .rodata.__ssvfscanf_r.str1.1
                0x0800e1dc        0x0 C:/ST/STM32CubeIDE_2.0.0/STM32CubeIDE/plugins/com.st.stm32cube.ide.mcu.externaltools.gnu-tools-for-stm32.13.3.rel1.win32_1.0.100.202509120712/tools/bin/../lib/gcc/arm-none-eabi/13.3.1/../../../../arm-none-eabi/lib/thumb/v7-m/nofp\libc_nano.a(libc_a-nano-svfscanf.o)
                                  0x4 (size before relaxing)
 .rodata._printf_i.str1.1
                0x0800e1dc        0x0 C:/ST/STM32CubeIDE_2.0.0/STM32CubeIDE/plugins/com.st.stm32cube.ide.mcu.externaltools.gnu-tools-for-stm32.13.3.rel1.win32_1.0.100.202509120712/tools/bin/../lib/gcc/arm-none-eabi/13.3.1/../../../../arm-none-eabi/lib/thumb/v7-m/nofp\libc_nano.a(libc_a-nano-vfprintf_i.o)
                                 0x22 (size before relaxing)
 .rodata._scanf_i.str1.1
                0x0800e1dc        0x0 C:/ST/STM32CubeIDE_2.0.0/STM32CubeIDE/plugins/com.st.stm32cube.ide.mcu.externaltools.gnu-tools-for-stm32.13.3.rel1.win32_1.0.100.202509120712/tools/bin/../lib/gcc/arm-none-eabi/13.3.1/../../../../arm-none-eabi/lib/thumb/v7-m/nofp\libc_nano.a(libc_a-nano-vfscanf_i.o)
                                 0x12 (size before relaxing)
 .rodata.str1.1
                0x0800e1dc        0x0 C:/ST/STM32CubeIDE_2.0.0/STM32CubeIDE/plugins/com.st.stm32cube.ide.mcu.externaltools.gnu-tools-for-stm32.13.3.rel1.win32_1.0.100.202509120712/tools/bin/../lib/gcc/arm-none-eabi/13.3.1/../../../../arm-none-eabi/lib/thumb/v7-m/nofp\libc_nano.a(libc_a-nano-vfscanf_i.o)
                                  0x9 (size before relaxing)
 .rodata._ctype_
                0x0800e1dc      0x101 C:/ST/STM32CubeIDE_2.0.0/STM32CubeIDE/plugins/com.st.stm32cube.ide.mcu.externaltools.gnu-tools-for-stm32.13.3.rel1.win32_1.0.100.202509120712/tools/bin/../lib/gcc/arm-none-eabi/13.3.1/../../../../arm-none-eabi/lib/thumb/v7-m/nofp\libc_nano.a(libc_a-ctype_.o)
                0x0800e1dc                _ctype_
                0x0800e2e0                        . = ALIGN (0x4)
 *fill*         0x0800e2dd        0x3 

.ARM.extab      0x0800e2e0        0x0
                0x0800e2e0                        . = ALIGN (0x4)
 *(.ARM.extab* .gnu.linkonce.armextab.*)
                0x0800e2e0                        . = ALIGN (0x4)

.ARM            0x0800e2e0        0x8
                0x0800e2e0                        . = ALIGN (0x4)
                0x0800e2e0                        __exidx_start = .
 *(.ARM.exidx*)
 .ARM.exidx     0x0800e2e0        0x8 C:/ST/STM32CubeIDE_2.0.0/STM32CubeIDE/plugins/com.st.stm32cube.ide.mcu.externaltools.gnu-tools-for-stm32.13.3.rel1.win32_1.0.100.202509120712/tools/bin/../lib/gcc/arm-none-eabi/13.3.1/../../../../arm-none-eabi/lib/thumb/v7-m/nofp\libc_nano.a(libc_a-strcmp.o)
 .ARM.exidx     0x0800e2e8        0x0 C:/ST/STM32CubeIDE_2.0.0/STM32CubeIDE/plugins/com.st.stm32cube.ide.mcu.externaltools.gnu-tools-for-stm32.13.3.rel1.win32_1.0.100.202509120712/tools/bin/../lib/gcc/arm-none-eabi/13.3.1/../../../../arm-none-eabi/lib/thumb/v7-m/nofp\libc_nano.a(libc_a-strlen.o)
                                  0x8 (size before relaxing)
                0x0800e2e8                        __exidx_end = .
                0x0800e2e8                        . = ALIGN (0x4)

.preinit_array  0x0800e2e8        0x0
                0x0800e2e8                        . = ALIGN (0x4)
                0x0800e2e8                        PROVIDE (__preinit_array_start = .)
 *(.preinit_array*)
                0x0800e2e8                        PROVIDE (__preinit_array_end = .)
                0x0800e2e8                        . = ALIGN (0x4)

.init_array     0x0800e2e8        0x4
                0x0800e2e8                        . = ALIGN (0x4)
                0x0800e2e8                        PROVIDE (__init_array_start = .)
 *(SORT_BY_NAME(.init_array.*))
 *(.init_array*)
 .init_array    0x0800e2e8        0x4 C:/ST/STM32CubeIDE_2.0.0/STM32CubeIDE/plugins/com.st.stm32cube.ide.mcu.externaltools.gnu-tools-for-stm32.13.3.rel1.win32_1.0.100.202509120712/tools/bin/../lib/gcc/arm-none-eabi/13.3.1/thumb/v7-m/nofp/crtbegin.o
                0x0800e2ec                        PROVIDE (__init_array_end = .)
                0x0800e2ec                        . = ALIGN (0x4)

.fini_array     0x0800e2ec        0x4
                0x0800e2ec                        . = ALIGN (0x4)
                [!provide]                        PROVIDE (__fini_array_start = .)
 *(SORT_BY_NAME(.fini_array.*))
 *(.fini_array*)
 .fini_array    0x0800e2ec        0x4 C:/ST/STM32CubeIDE_2.0.0/STM32CubeIDE/plugins/com.st.stm32cube.ide.mcu.externaltools.gnu-tools-for-stm32.13.3.rel1.win32_1.0.100.202509120712/tools/bin/../lib/gcc/arm-none-eabi/13.3.1/thumb/v7-m/nofp/crtbegin.o
                [!provide]                        PROVIDE (__fini_array_end = .)
                0x0800e2f0                        . = ALIGN (0x4)
                0x0800e2f0                        _sidata = LOADADDR (.data)

.rel.dyn        0x0800e2f0        0x0
 .rel.iplt      0x0800e2f0        0x0 C:/ST/STM32CubeIDE_2.0.0/STM32CubeIDE/plugins/com.st.stm32cube.ide.mcu.externaltools.gnu-tools-for-stm32.13.3.rel1.win32_1.0.100.202509120712/tools/bin/../lib/gcc/arm-none-eabi/13.3.1/thumb/v7-m/nofp/crtbegin.o

.data           0x20000000      0x21c load address 0x0800e2f0
                0x20000000                        . = ALIGN (0x4)
                0x20000000                        _sdata = .
 *(.data)
 *(.data*)
 .data.global_brightness
                0x20000000        0x1 ./Core/Src/main.o
                0x20000000                global_brightness
 .data.global_hue
                0x20000001        0x1 ./Core/Src/main.o
                0x20000001                global_hue
 *fill*         0x20000002        0x2 
 .data.SystemCoreClock
                0x20000004        0x4 ./Core/Src/system_stm32f1xx.o
                0x20000004                SystemCoreClock
 .data.sock_any_port
                0x20000008        0x2 ./Core/WIZNET/Ethernet/socket.o
 *fill*         0x2000000a        0x2 
 .data.WIZCHIP  0x2000000c       0x2c ./Core/WIZNET/Ethernet/wizchip_conf.o
                0x2000000c                WIZCHIP
 .data.dhcp_lease_time
                0x20000038        0x4 ./Core/WIZNET/Internet/DHCP/dhcp.o
                0x20000038                dhcp_lease_time
 .data.dhcp_tick_next
                0x2000003c        0x4 ./Core/WIZNET/Internet/DHCP/dhcp.o
                0x2000003c                dhcp_tick_next
 .data.HOST_NAME
                0x20000040        0x8 ./Core/WIZNET/Internet/DHCP/dhcp.o
                0x20000040                HOST_NAME
 .data.dhcp_ip_assign
                0x20000048        0x4 ./Core/WIZNET/Internet/DHCP/dhcp.o
                0x20000048                dhcp_ip_assign
 .data.dhcp_ip_update
                0x2000004c        0x4 ./Core/WIZNET/Internet/DHCP/dhcp.o
                0x2000004c                dhcp_ip_update
 .data.dhcp_ip_conflict
                0x20000050        0x4 ./Core/WIZNET/Internet/DHCP/dhcp.o
                0x20000050                dhcp_ip_conflict
 .data.uwTickPrio
                0x20000054        0x4 ./Drivers/STM32F1xx_HAL_Driver/Src/stm32f1xx_hal.o
                0x20000054                uwTickPrio
 .data.uwTickFreq
                0x20000058        0x1 ./Drivers/STM32F1xx_HAL_Driver/Src/stm32f1xx_hal.o
                0x20000058                uwTickFreq
 *fill*         0x20000059        0x3 
 .data.USBD_CDC_DeviceQualifierDesc
                0x2000005c        0xa ./Middlewares/ST/STM32_USB_Device_Library/Class/CDC/Src/usbd_cdc.o
 *fill*         0x20000066        0x2 
 .data.USBD_CDC
                0x20000068       0x38 ./Middlewares/ST/STM32_USB_Device_Library/Class/CDC/Src/usbd_cdc.o
                0x20000068                USBD_CDC
 .data.USBD_CDC_CfgHSDesc
                0x200000a0       0x43 ./Middlewares/ST/STM32_USB_Device_Library/Class/CDC/Src/usbd_cdc.o
                0x200000a0                USBD_CDC_CfgHSDesc
 *fill*         0x200000e3        0x1 
 .data.USBD_CDC_CfgFSDesc
                0x200000e4       0x43 ./Middlewares/ST/STM32_USB_Device_Library/Class/CDC/Src/usbd_cdc.o
                0x200000e4                USBD_CDC_CfgFSDesc
 *fill*         0x20000127        0x1 
 .data.USBD_CDC_OtherSpeedCfgDesc
                0x20000128       0x43 ./Middlewares/ST/STM32_USB_Device_Library/Class/CDC/Src/usbd_cdc.o
                0x20000128                USBD_CDC_OtherSpeedCfgDesc
 *fill*         0x2000016b        0x1 
 .data.USBD_Interface_fops_FS
                0x2000016c       0x10 ./USB_DEVICE/App/usbd_cdc_if.o
                0x2000016c                USBD_Interface_fops_FS
 .data.FS_Desc  0x2000017c       0x1c ./USB_DEVICE/App/usbd_desc.o
                0x2000017c                FS_Desc
 .data.USBD_FS_DeviceDesc
                0x20000198       0x12 ./USB_DEVICE/App/usbd_desc.o
                0x20000198                USBD_FS_DeviceDesc
 *fill*         0x200001aa        0x2 
 .data.USBD_LangIDDesc
                0x200001ac        0x4 ./USB_DEVICE/App/usbd_desc.o
                0x200001ac                USBD_LangIDDesc
 .data.USBD_StringSerial
                0x200001b0       0x1a ./USB_DEVICE/App/usbd_desc.o
                0x200001b0                USBD_StringSerial
 *fill*         0x200001ca        0x2 
 .data._impure_ptr
                0x200001cc        0x4 C:/ST/STM32CubeIDE_2.0.0/STM32CubeIDE/plugins/com.st.stm32cube.ide.mcu.externaltools.gnu-tools-for-stm32.13.3.rel1.win32_1.0.100.202509120712/tools/bin/../lib/gcc/arm-none-eabi/13.3.1/../../../../arm-none-eabi/lib/thumb/v7-m/nofp\libc_nano.a(libc_a-impure.o)
                0x200001cc                _impure_ptr
 .data._impure_data
                0x200001d0       0x4c C:/ST/STM32CubeIDE_2.0.0/STM32CubeIDE/plugins/com.st.stm32cube.ide.mcu.externaltools.gnu-tools-for-stm32.13.3.rel1.win32_1.0.100.202509120712/tools/bin/../lib/gcc/arm-none-eabi/13.3.1/../../../../arm-none-eabi/lib/thumb/v7-m/nofp\libc_nano.a(libc_a-impure.o)
                0x200001d0                _impure_data
 *(.RamFunc)
 *(.RamFunc*)
                0x2000021c                        . = ALIGN (0x4)
                0x2000021c                        _edata = .

.igot.plt       0x2000021c        0x0 load address 0x0800e50c
 .igot.plt      0x2000021c        0x0 C:/ST/STM32CubeIDE_2.0.0/STM32CubeIDE/plugins/com.st.stm32cube.ide.mcu.externaltools.gnu-tools-for-stm32.13.3.rel1.win32_1.0.100.202509120712/tools/bin/../lib/gcc/arm-none-eabi/13.3.1/thumb/v7-m/nofp/crtbegin.o
                0x2000021c                        . = ALIGN (0x4)

.bss            0x2000021c     0x1c84 load address 0x0800e50c
                0x2000021c                        _sbss = .
                0x2000021c                        __bss_start__ = _sbss
 *(.bss)
 .bss           0x2000021c       0x1c C:/ST/STM32CubeIDE_2.0.0/STM32CubeIDE/plugins/com.st.stm32cube.ide.mcu.externaltools.gnu-tools-for-stm32.13.3.rel1.win32_1.0.100.202509120712/tools/bin/../lib/gcc/arm-none-eabi/13.3.1/thumb/v7-m/nofp/crtbegin.o
 *(.bss*)
 .bss.dhcp_buffer
                0x20000238      0x400 ./Core/App/app_ethernet.o
 .bss.ip_assigned
                0x20000638        0x1 ./Core/App/app_ethernet.o
 *fill*         0x20000639        0x3 
 .bss.last_dhcp_tick.2
                0x2000063c        0x4 ./Core/App/app_ethernet.o
 .bss.last_log.1
                0x20000640        0x4 ./Core/App/app_ethernet.o
 .bss.last_beacon_time.0
                0x20000644        0x4 ./Core/App/app_ethernet.o
 .bss.hspi1     0x20000648       0x58 ./Core/Src/main.o
                0x20000648                hspi1
 .bss.huart2    0x200006a0       0x48 ./Core/Src/main.o
                0x200006a0                huart2
 .bss.rx_buf    0x200006e8      0x400 ./Core/Src/main.o
                0x200006e8                rx_buf
 .bss.neighbor_ip
                0x20000ae8        0x4 ./Core/Src/main.o
                0x20000ae8                neighbor_ip
 .bss.uart_rx_data
                0x20000aec        0x1 ./Core/Src/main.o
                0x20000aec                uart_rx_data
 *fill*         0x20000aed        0x3 
 .bss.uart_rx_buffer
                0x20000af0       0x40 ./Core/Src/main.o
                0x20000af0                uart_rx_buffer
 .bss.uart_rx_index
                0x20000b30        0x1 ./Core/Src/main.o
                0x20000b30                uart_rx_index
 .bss.uart_is_collecting
                0x20000b31        0x1 ./Core/Src/main.o
                0x20000b31                uart_is_collecting
 .bss.uart_msg_ready
                0x20000b32        0x1 ./Core/Src/main.o
                0x20000b32                uart_msg_ready
 *fill*         0x20000b33        0x1 
 .bss.__sbrk_heap_end
                0x20000b34        0x4 ./Core/Src/sysmem.o
 .bss.sock_io_mode
                0x20000b38        0x2 ./Core/WIZNET/Ethernet/socket.o
 .bss.sock_is_sending
                0x20000b3a        0x2 ./Core/WIZNET/Ethernet/socket.o
 .bss.sock_remained_size
                0x20000b3c       0x10 ./Core/WIZNET/Ethernet/socket.o
 .bss.sock_pack_info
                0x20000b4c        0x8 ./Core/WIZNET/Ethernet/socket.o
                0x20000b4c                sock_pack_info
 .bss._DNS_     0x20000b54        0x4 ./Core/WIZNET/Ethernet/wizchip_conf.o
 .bss._DHCP_    0x20000b58        0x1 ./Core/WIZNET/Ethernet/wizchip_conf.o
 .bss.DHCP_SOCKET
                0x20000b59        0x1 ./Core/WIZNET/Internet/DHCP/dhcp.o
                0x20000b59                DHCP_SOCKET
 *fill*         0x20000b5a        0x2 
 .bss.DHCP_SIP  0x20000b5c        0x4 ./Core/WIZNET/Internet/DHCP/dhcp.o
                0x20000b5c                DHCP_SIP
 .bss.DHCP_REAL_SIP
                0x20000b60        0x4 ./Core/WIZNET/Internet/DHCP/dhcp.o
                0x20000b60                DHCP_REAL_SIP
 .bss.OLD_allocated_ip
                0x20000b64        0x4 ./Core/WIZNET/Internet/DHCP/dhcp.o
                0x20000b64                OLD_allocated_ip
 .bss.DHCP_allocated_ip
                0x20000b68        0x4 ./Core/WIZNET/Internet/DHCP/dhcp.o
                0x20000b68                DHCP_allocated_ip
 .bss.DHCP_allocated_gw
                0x20000b6c        0x4 ./Core/WIZNET/Internet/DHCP/dhcp.o
                0x20000b6c                DHCP_allocated_gw
 .bss.DHCP_allocated_sn
                0x20000b70        0x4 ./Core/WIZNET/Internet/DHCP/dhcp.o
                0x20000b70                DHCP_allocated_sn
 .bss.DHCP_allocated_dns
                0x20000b74        0x4 ./Core/WIZNET/Internet/DHCP/dhcp.o
                0x20000b74                DHCP_allocated_dns
 .bss.dhcp_state
                0x20000b78        0x1 ./Core/WIZNET/Internet/DHCP/dhcp.o
                0x20000b78                dhcp_state
 .bss.dhcp_retry_count
                0x20000b79        0x1 ./Core/WIZNET/Internet/DHCP/dhcp.o
                0x20000b79                dhcp_retry_count
 *fill*         0x20000b7a        0x2 
 .bss.dhcp_tick_1s
                0x20000b7c        0x4 ./Core/WIZNET/Internet/DHCP/dhcp.o
                0x20000b7c                dhcp_tick_1s
 .bss.DHCP_XID  0x20000b80        0x4 ./Core/WIZNET/Internet/DHCP/dhcp.o
                0x20000b80                DHCP_XID
 .bss.pDHCPMSG  0x20000b84        0x4 ./Core/WIZNET/Internet/DHCP/dhcp.o
                0x20000b84                pDHCPMSG
 .bss.DHCP_CHADDR
                0x20000b88        0x6 ./Core/WIZNET/Internet/DHCP/dhcp.o
                0x20000b88                DHCP_CHADDR
 *fill*         0x20000b8e        0x2 
 .bss.uwTick    0x20000b90        0x4 ./Drivers/STM32F1xx_HAL_Driver/Src/stm32f1xx_hal.o
                0x20000b90                uwTick
 .bss.cfgidx.0  0x20000b94        0x1 ./Middlewares/ST/STM32_USB_Device_Library/Core/Src/usbd_ctlreq.o
 *fill*         0x20000b95        0x3 
 .bss.hUsbDeviceFS
                0x20000b98      0x2c4 ./USB_DEVICE/App/usb_device.o
                0x20000b98                hUsbDeviceFS
 .bss.rx_flag   0x20000e5c        0x1 ./USB_DEVICE/App/usbd_cdc_if.o
                0x20000e5c                rx_flag
 .bss.rx_data   0x20000e5d        0x1 ./USB_DEVICE/App/usbd_cdc_if.o
                0x20000e5d                rx_data
 *fill*         0x20000e5e        0x2 
 .bss.UserRxBufferFS
                0x20000e60      0x400 ./USB_DEVICE/App/usbd_cdc_if.o
                0x20000e60                UserRxBufferFS
 .bss.UserTxBufferFS
                0x20001260      0x400 ./USB_DEVICE/App/usbd_cdc_if.o
                0x20001260                UserTxBufferFS
 .bss.USBD_StrDesc
                0x20001660      0x200 ./USB_DEVICE/App/usbd_desc.o
                0x20001660                USBD_StrDesc
 .bss.hpcd_USB_FS
                0x20001860      0x2d8 ./USB_DEVICE/Target/usbd_conf.o
                0x20001860                hpcd_USB_FS
 .bss.mem.0     0x20001b38      0x220 ./USB_DEVICE/Target/usbd_conf.o
 .bss.__sf      0x20001d58      0x138 C:/ST/STM32CubeIDE_2.0.0/STM32CubeIDE/plugins/com.st.stm32cube.ide.mcu.externaltools.gnu-tools-for-stm32.13.3.rel1.win32_1.0.100.202509120712/tools/bin/../lib/gcc/arm-none-eabi/13.3.1/../../../../arm-none-eabi/lib/thumb/v7-m/nofp\libc_nano.a(libc_a-findfp.o)
                0x20001d58                __sf
 .bss.errno     0x20001e90        0x4 C:/ST/STM32CubeIDE_2.0.0/STM32CubeIDE/plugins/com.st.stm32cube.ide.mcu.externaltools.gnu-tools-for-stm32.13.3.rel1.win32_1.0.100.202509120712/tools/bin/../lib/gcc/arm-none-eabi/13.3.1/../../../../arm-none-eabi/lib/thumb/v7-m/nofp\libc_nano.a(libc_a-reent.o)
                0x20001e90                errno
 .bss.__lock___malloc_recursive_mutex
                0x20001e94        0x1 C:/ST/STM32CubeIDE_2.0.0/STM32CubeIDE/plugins/com.st.stm32cube.ide.mcu.externaltools.gnu-tools-for-stm32.13.3.rel1.win32_1.0.100.202509120712/tools/bin/../lib/gcc/arm-none-eabi/13.3.1/../../../../arm-none-eabi/lib/thumb/v7-m/nofp\libc_nano.a(libc_a-lock.o)
                0x20001e94                __lock___malloc_recursive_mutex
 *fill*         0x20001e95        0x3 
 .bss.__malloc_sbrk_start
                0x20001e98        0x4 C:/ST/STM32CubeIDE_2.0.0/STM32CubeIDE/plugins/com.st.stm32cube.ide.mcu.externaltools.gnu-tools-for-stm32.13.3.rel1.win32_1.0.100.202509120712/tools/bin/../lib/gcc/arm-none-eabi/13.3.1/../../../../arm-none-eabi/lib/thumb/v7-m/nofp\libc_nano.a(libc_a-mallocr.o)
                0x20001e98                __malloc_sbrk_start
 .bss.__malloc_free_list
                0x20001e9c        0x4 C:/ST/STM32CubeIDE_2.0.0/STM32CubeIDE/plugins/com.st.stm32cube.ide.mcu.externaltools.gnu-tools-for-stm32.13.3.rel1.win32_1.0.100.202509120712/tools/bin/../lib/gcc/arm-none-eabi/13.3.1/../../../../arm-none-eabi/lib/thumb/v7-m/nofp\libc_nano.a(libc_a-mallocr.o)
                0x20001e9c                __malloc_free_list
 *(COMMON)
                0x20001ea0                        . = ALIGN (0x4)
                0x20001ea0                        _ebss = .
                0x20001ea0                        __bss_end__ = _ebss

._user_heap_stack
                0x20001ea0      0x600 load address 0x0800e50c
                0x20001ea0                        . = ALIGN (0x8)
                [!provide]                        PROVIDE (end = .)
                0x20001ea0                        PROVIDE (_end = .)
                0x200020a0                        . = (. + _Min_Heap_Size)
 *fill*         0x20001ea0      0x200 
                0x200024a0                        . = (. + _Min_Stack_Size)
 *fill*         0x200020a0      0x400 
                0x200024a0                        . = ALIGN (0x8)

/DISCARD/
 libc.a(*)
 libm.a(*)
 libgcc.a(*)

.ARM.attributes
                0x00000000       0x29
 *(.ARM.attributes)
 .ARM.attributes
                0x00000000       0x1d C:/ST/STM32CubeIDE_2.0.0/STM32CubeIDE/plugins/com.st.stm32cube.ide.mcu.externaltools.gnu-tools-for-stm32.13.3.rel1.win32_1.0.100.202509120712/tools/bin/../lib/gcc/arm-none-eabi/13.3.1/thumb/v7-m/nofp/crti.o
 .ARM.attributes
                0x0000001d       0x2d C:/ST/STM32CubeIDE_2.0.0/STM32CubeIDE/plugins/com.st.stm32cube.ide.mcu.externaltools.gnu-tools-for-stm32.13.3.rel1.win32_1.0.100.202509120712/tools/bin/../lib/gcc/arm-none-eabi/13.3.1/thumb/v7-m/nofp/crtbegin.o
 .ARM.attributes
                0x0000004a       0x2d ./Core/App/app_ethernet.o
 .ARM.attributes
                0x00000077       0x2d ./Core/App/app_uart_logic.o
 .ARM.attributes
                0x000000a4       0x2d ./Core/App/app_usb_log.o
 .ARM.attributes
                0x000000d1       0x2d ./Core/App/app_usb_logic.o
 .ARM.attributes
                0x000000fe       0x2d ./Core/Src/main.o
 .ARM.attributes
                0x0000012b       0x2d ./Core/Src/stm32f1xx_hal_msp.o
 .ARM.attributes
                0x00000158       0x2d ./Core/Src/stm32f1xx_it.o
 .ARM.attributes
                0x00000185       0x2d ./Core/Src/sysmem.o
 .ARM.attributes
                0x000001b2       0x2d ./Core/Src/system_stm32f1xx.o
 .ARM.attributes
                0x000001df       0x21 ./Core/Startup/startup_stm32f103c8tx.o
 .ARM.attributes
                0x00000200       0x2d ./Core/WIZNET/Ethernet/W5500/w5500.o
 .ARM.attributes
                0x0000022d       0x2d ./Core/WIZNET/Ethernet/socket.o
 .ARM.attributes
                0x0000025a       0x2d ./Core/WIZNET/Ethernet/wizchip_conf.o
 .ARM.attributes
                0x00000287       0x2d ./Core/WIZNET/Internet/DHCP/dhcp.o
 .ARM.attributes
                0x000002b4       0x2d ./Drivers/STM32F1xx_HAL_Driver/Src/stm32f1xx_hal.o
 .ARM.attributes
                0x000002e1       0x2d ./Drivers/STM32F1xx_HAL_Driver/Src/stm32f1xx_hal_cortex.o
 .ARM.attributes
                0x0000030e       0x2d ./Drivers/STM32F1xx_HAL_Driver/Src/stm32f1xx_hal_dma.o
 .ARM.attributes
                0x0000033b       0x2d ./Drivers/STM32F1xx_HAL_Driver/Src/stm32f1xx_hal_gpio.o
 .ARM.attributes
                0x00000368       0x2d ./Drivers/STM32F1xx_HAL_Driver/Src/stm32f1xx_hal_pcd.o
 .ARM.attributes
                0x00000395       0x2d ./Drivers/STM32F1xx_HAL_Driver/Src/stm32f1xx_hal_pcd_ex.o
 .ARM.attributes
                0x000003c2       0x2d ./Drivers/STM32F1xx_HAL_Driver/Src/stm32f1xx_hal_rcc.o
 .ARM.attributes
                0x000003ef       0x2d ./Drivers/STM32F1xx_HAL_Driver/Src/stm32f1xx_hal_rcc_ex.o
 .ARM.attributes
                0x0000041c       0x2d ./Drivers/STM32F1xx_HAL_Driver/Src/stm32f1xx_hal_spi.o
 .ARM.attributes
                0x00000449       0x2d ./Drivers/STM32F1xx_HAL_Driver/Src/stm32f1xx_hal_uart.o
 .ARM.attributes
                0x00000476       0x2d ./Drivers/STM32F1xx_HAL_Driver/Src/stm32f1xx_ll_usb.o
 .ARM.attributes
                0x000004a3       0x2d ./Middlewares/ST/STM32_USB_Device_Library/Class/CDC/Src/usbd_cdc.o
 .ARM.attributes
                0x000004d0       0x2d ./Middlewares/ST/STM32_USB_Device_Library/Core/Src/usbd_core.o
 .ARM.attributes
                0x000004fd       0x2d ./Middlewares/ST/STM32_USB_Device_Library/Core/Src/usbd_ctlreq.o
 .ARM.attributes
                0x0000052a       0x2d ./Middlewares/ST/STM32_USB_Device_Library/Core/Src/usbd_ioreq.o
 .ARM.attributes
                0x00000557       0x2d ./USB_DEVICE/App/usb_device.o
 .ARM.attributes
                0x00000584       0x2d ./USB_DEVICE/App/usbd_cdc_if.o
 .ARM.attributes
                0x000005b1       0x2d ./USB_DEVICE/App/usbd_desc.o
 .ARM.attributes
                0x000005de       0x2d ./USB_DEVICE/Target/usbd_conf.o
 .ARM.attributes
                0x0000060b       0x2d C:/ST/STM32CubeIDE_2.0.0/STM32CubeIDE/plugins/com.st.stm32cube.ide.mcu.externaltools.gnu-tools-for-stm32.13.3.rel1.win32_1.0.100.202509120712/tools/bin/../lib/gcc/arm-none-eabi/13.3.1/../../../../arm-none-eabi/lib/thumb/v7-m/nofp\libc_nano.a(libc_a-findfp.o)
 .ARM.attributes
                0x00000638       0x2d C:/ST/STM32CubeIDE_2.0.0/STM32CubeIDE/plugins/com.st.stm32cube.ide.mcu.externaltools.gnu-tools-for-stm32.13.3.rel1.win32_1.0.100.202509120712/tools/bin/../lib/gcc/arm-none-eabi/13.3.1/../../../../arm-none-eabi/lib/thumb/v7-m/nofp\libc_nano.a(libc_a-sprintf.o)
 .ARM.attributes
                0x00000665       0x2d C:/ST/STM32CubeIDE_2.0.0/STM32CubeIDE/plugins/com.st.stm32cube.ide.mcu.externaltools.gnu-tools-for-stm32.13.3.rel1.win32_1.0.100.202509120712/tools/bin/../lib/gcc/arm-none-eabi/13.3.1/../../../../arm-none-eabi/lib/thumb/v7-m/nofp\libc_nano.a(libc_a-sscanf.o)
 .ARM.attributes
                0x00000692       0x2d C:/ST/STM32CubeIDE_2.0.0/STM32CubeIDE/plugins/com.st.stm32cube.ide.mcu.externaltools.gnu-tools-for-stm32.13.3.rel1.win32_1.0.100.202509120712/tools/bin/../lib/gcc/arm-none-eabi/13.3.1/../../../../arm-none-eabi/lib/thumb/v7-m/nofp\libc_nano.a(libc_a-stdio.o)
 .ARM.attributes
                0x000006bf       0x2d C:/ST/STM32CubeIDE_2.0.0/STM32CubeIDE/plugins/com.st.stm32cube.ide.mcu.externaltools.gnu-tools-for-stm32.13.3.rel1.win32_1.0.100.202509120712/tools/bin/../lib/gcc/arm-none-eabi/13.3.1/../../../../arm-none-eabi/lib/thumb/v7-m/nofp\libc_nano.a(libc_a-vsnprintf.o)
 .ARM.attributes
                0x000006ec       0x2d C:/ST/STM32CubeIDE_2.0.0/STM32CubeIDE/plugins/com.st.stm32cube.ide.mcu.externaltools.gnu-tools-for-stm32.13.3.rel1.win32_1.0.100.202509120712/tools/bin/../lib/gcc/arm-none-eabi/13.3.1/../../../../arm-none-eabi/lib/thumb/v7-m/nofp\libc_nano.a(libc_a-memset.o)
 .ARM.attributes
                0x00000719       0x2d C:/ST/STM32CubeIDE_2.0.0/STM32CubeIDE/plugins/com.st.stm32cube.ide.mcu.externaltools.gnu-tools-for-stm32.13.3.rel1.win32_1.0.100.202509120712/tools/bin/../lib/gcc/arm-none-eabi/13.3.1/../../../../arm-none-eabi/lib/thumb/v7-m/nofp\libc_nano.a(libc_a-strncmp.o)
 .ARM.attributes