../Core/App/app_ethernet.c:44:13:W5500_Select	0	static
../Core/App/app_ethernet.c:49:13:W5500_Unselect	0	static
../Core/App/app_ethernet.c:140:13:cb_ip_conflict	0	static
../Core/App/app_ethernet.c:117:13:cb_ip_assigned	40	static
../Core/App/app_ethernet.c:62:13:W5500_WriteByte	16	static
../Core/App/app_ethernet.c:54:16:W5500_ReadByte	24	static
../Core/App/app_ethernet.c:173:13:handle_pc_socket	96	static
../Core/App/app_ethernet.c:69:6:App_Ethernet_Init	56	static
../Core/App/app_ethernet.c:146:6:App_Ethernet_Process	8	static
../Core/App/app_ethernet.c:292:6:Ethernet_UDP_Periodic_Task	104	static
