Archive member included to satisfy reference by file (symbol)

C:/ST/STM32CubeIDE_2.0.0/STM32CubeIDE/plugins/com.st.stm32cube.ide.mcu.externaltools.gnu-tools-for-stm32.13.3.rel1.win32_1.0.100.202509120712/tools/bin/../lib/gcc/arm-none-eabi/13.3.1/../../../../arm-none-eabi/lib/thumb/v7-m/nofp\libc_nano.a(libc_a-exit.o)
                              C:/ST/STM32CubeIDE_2.0.0/STM32CubeIDE/plugins/com.st.stm32cube.ide.mcu.externaltools.gnu-tools-for-stm32.13.3.rel1.win32_1.0.100.202509120712/tools/bin/../lib/gcc/arm-none-eabi/13.3.1/../../../../arm-none-eabi/lib/thumb/v7-m/nofp/crt0.o (exit)
C:/ST/STM32CubeIDE_2.0.0/STM32CubeIDE/plugins/com.st.stm32cube.ide.mcu.externaltools.gnu-tools-for-stm32.13.3.rel1.win32_1.0.100.202509120712/tools/bin/../lib/gcc/arm-none-eabi/13.3.1/../../../../arm-none-eabi/lib/thumb/v7-m/nofp\libc_nano.a(libc_a-findfp.o)
                              C:/ST/STM32CubeIDE_2.0.0/STM32CubeIDE/plugins/com.st.stm32cube.ide.mcu.externaltools.gnu-tools-for-stm32.13.3.rel1.win32_1.0.100.202509120712/tools/bin/../lib/gcc/arm-none-eabi/13.3.1/../../../../arm-none-eabi/lib/thumb/v7-m/nofp\libc_nano.a(libc_a-exit.o) (__stdio_exit_handler)
C:/ST/STM32CubeIDE_2.0.0/STM32CubeIDE/plugins/com.st.stm32cube.ide.mcu.externaltools.gnu-tools-for-stm32.13.3.rel1.win32_1.0.100.202509120712/tools/bin/../lib/gcc/arm-none-eabi/13.3.1/../../../../arm-none-eabi/lib/thumb/v7-m/nofp\libc_nano.a(libc_a-fwalk.o)
                              C:/ST/STM32CubeIDE_2.0.0/STM32CubeIDE/plugins/com.st.stm32cube.ide.mcu.externaltools.gnu-tools-for-stm32.13.3.rel1.win32_1.0.100.202509120712/tools/bin/../lib/gcc/arm-none-eabi/13.3.1/../../../../arm-none-eabi/lib/thumb/v7-m/nofp\libc_nano.a(libc_a-findfp.o) (_fwalk_sglue)
C:/ST/STM32CubeIDE_2.0.0/STM32CubeIDE/plugins/com.st.stm32cube.ide.mcu.externaltools.gnu-tools-for-stm32.13.3.rel1.win32_1.0.100.202509120712/tools/bin/../lib/gcc/arm-none-eabi/13.3.1/../../../../arm-none-eabi/lib/thumb/v7-m/nofp\libc_nano.a(libc_a-sprintf.o)
                              ./Core/App/app_ethernet.o (sprintf)
C:/ST/STM32CubeIDE_2.0.0/STM32CubeIDE/plugins/com.st.stm32cube.ide.mcu.externaltools.gnu-tools-for-stm32.13.3.rel1.win32_1.0.100.202509120712/tools/bin/../lib/gcc/arm-none-eabi/13.3.1/../../../../arm-none-eabi/lib/thumb/v7-m/nofp\libc_nano.a(libc_a-sscanf.o)
                              ./Core/App/app_ethernet.o (sscanf)
C:/ST/STM32CubeIDE_2.0.0/STM32CubeIDE/plugins/com.st.stm32cube.ide.mcu.externaltools.gnu-tools-for-stm32.13.3.rel1.win32_1.0.100.202509120712/tools/bin/../lib/gcc/arm-none-eabi/13.3.1/../../../../arm-none-eabi/lib/thumb/v7-m/nofp\libc_nano.a(libc_a-stdio.o)
                              C:/ST/STM32CubeIDE_2.0.0/STM32CubeIDE/plugins/com.st.stm32cube.ide.mcu.externaltools.gnu-tools-for-stm32.13.3.rel1.win32_1.0.100.202509120712/tools/bin/../lib/gcc/arm-none-eabi/13.3.1/../../../../arm-none-eabi/lib/thumb/v7-m/nofp\libc_nano.a(libc_a-findfp.o) (__sread)
C:/ST/STM32CubeIDE_2.0.0/STM32CubeIDE/plugins/com.st.stm32cube.ide.mcu.externaltools.gnu-tools-for-stm32.13.3.rel1.win32_1.0.100.202509120712/tools/bin/../lib/gcc/arm-none-eabi/13.3.1/../../../../arm-none-eabi/lib/thumb/v7-m/nofp\libc_nano.a(libc_a-vsnprintf.o)
                              ./Core/App/app_usb_log.o (vsnprintf)
C:/ST/STM32CubeIDE_2.0.0/STM32CubeIDE/plugins/com.st.stm32cube.ide.mcu.externaltools.gnu-tools-for-stm32.13.3.rel1.win32_1.0.100.202509120712/tools/bin/../lib/gcc/arm-none-eabi/13.3.1/../../../../arm-none-eabi/lib/thumb/v7-m/nofp\libc_nano.a(libc_a-memcmp.o)
                              ./Core/App/app_ethernet.o (memcmp)
C:/ST/STM32CubeIDE_2.0.0/STM32CubeIDE/plugins/com.st.stm32cube.ide.mcu.externaltools.gnu-tools-for-stm32.13.3.rel1.win32_1.0.100.202509120712/tools/bin/../lib/gcc/arm-none-eabi/13.3.1/../../../../arm-none-eabi/lib/thumb/v7-m/nofp\libc_nano.a(libc_a-memset.o)
                              C:/ST/STM32CubeIDE_2.0.0/STM32CubeIDE/plugins/com.st.stm32cube.ide.mcu.externaltools.gnu-tools-for-stm32.13.3.rel1.win32_1.0.100.202509120712/tools/bin/../lib/gcc/arm-none-eabi/13.3.1/../../../../arm-none-eabi/lib/thumb/v7-m/nofp/crt0.o (memset)
C:/ST/STM32CubeIDE_2.0.0/STM32CubeIDE/plugins/com.st.stm32cube.ide.mcu.externaltools.gnu-tools-for-stm32.13.3.rel1.win32_1.0.100.202509120712/tools/bin/../lib/gcc/arm-none-eabi/13.3.1/../../../../arm-none-eabi/lib/thumb/v7-m/nofp\libc_nano.a(libc_a-strstr.o)
                              ./Core/App/app_ethernet.o (strstr)
C:/ST/STM32CubeIDE_2.0.0/STM32CubeIDE/plugins/com.st.stm32cube.ide.mcu.externaltools.gnu-tools-for-stm32.13.3.rel1.win32_1.0.100.202509120712/tools/bin/../lib/gcc/arm-none-eabi/13.3.1/../../../../arm-none-eabi/lib/thumb/v7-m/nofp\libc_nano.a(libc_a-closer.o)
[...]
Memory Configuration

Name             Origin             Length             Attributes
RAM              0x20000000         0x00005000         xrw
FLASH            0x08000000         0x00010000         xr
*default*        0x00000000         0xffffffff

Linker script and memory map

LOAD C:/ST/STM32CubeIDE_2.0.0/STM32CubeIDE/plugins/com.st.stm32cube.ide.mcu.externaltools.gnu-tools-for-stm32.13.3.rel1.win32_1.0.100.202509120712/tools/bin/../lib/gcc/arm-none-eabi/13.3.1/thumb/v7-m/nofp/crti.o
LOAD C:/ST/STM32CubeIDE_2.0.0/STM32CubeIDE/plugins/com.st.stm32cube.ide.mcu.externaltools.gnu-tools-for-stm32.13.3.rel1.win32_1.0.100.202509120712/tools/bin/../lib/gcc/arm-none-eabi/13.3.1/thumb/v7-m/nofp/crtbegin.o
LOAD C:/ST/STM32CubeIDE_2.0.0/STM32CubeIDE/plugins/com.st.stm32cube.ide.mcu.externaltools.gnu-tools-for-stm32.13.3.rel1.win32_1.0.100.202509120712/tools/bin/../lib/gcc/arm-none-eabi/13.3.1/../../../../arm-none-eabi/lib/thumb/v7-m/nofp/crt0.o
LOAD ./Core/App/app_ethernet.o
LOAD ./Core/App/app_led.o
LOAD ./Core/App/app_usb_log.o
LOAD ./Core/App/ws2812b.o
LOAD ./Core/Src/main.o
LOAD ./Core/Src/stm32f1xx_hal_msp.o
LOAD ./Core/Src/stm32f1xx_it.o
LOAD ./Core/Src/syscalls.o
LOAD ./Core/Src/sysmem.o
LOAD ./Core/Src/system_stm32f1xx.o
LOAD ./Core/Startup/startup_stm32f103c8tx.o
LOAD ./Core/WIZNET/Ethernet/W5100/w5100.o
LOAD ./Core/WIZNET/Ethernet/W5100S/w5100s.o
LOAD ./Core/WIZNET/Ethernet/W5200/w5200.o
LOAD ./Core/WIZNET/Ethernet/W5300/w5300.o
LOAD ./Core/WIZNET/Ethernet/W5500/w5500.o
LOAD ./Core/WIZNET/Ethernet/W6100/w6100.o
LOAD ./Core/WIZNET/Ethernet/W6300/w6300.o
LOAD ./Core/WIZNET/Ethernet/socket.o
LOAD ./Core/WIZNET/Ethernet/wizchip_conf.o
LOAD ./Core/WIZNET/Internet/DHCP/dhcp.o
LOAD ./Drivers/STM32F1xx_HAL_Driver/Src/stm32f1xx_hal.o
LOAD ./Drivers/STM32F1xx_HAL_Driver/Src/stm32f1xx_hal_cortex.o
LOAD ./Drivers/STM32F1xx_HAL_Driver/Src/stm32f1xx_hal_dma.o
LOAD ./Drivers/STM32F1xx_HAL_Driver/Src/stm32f1xx_hal_exti.o
LOAD ./Drivers/STM32F1xx_HAL_Driver/Src/stm32f1xx_hal_flash.o
LOAD ./Drivers/STM32F1xx_HAL_Driver/Src/stm32f1xx_hal_flash_ex.o
LOAD ./Drivers/STM32F1xx_HAL_Driver/Src/stm32f1xx_hal_gpio.o
LOAD ./Drivers/STM32F1xx_HAL_Driver/Src/stm32f1xx_hal_gpio_ex.o
LOAD ./Drivers/STM32F1xx_HAL_Driver/Src/stm32f1xx_hal_pcd.o
LOAD ./Drivers/STM32F1xx_HAL_Driver/Src/stm32f1xx_hal_pcd_ex.o
LOAD ./Drivers/STM32F1xx_HAL_Driver/Src/stm32f1xx_hal_pwr.o
LOAD ./Drivers/STM32F1xx_HAL_Driver/Src/stm32f1xx_hal_rcc.o
LOAD ./Drivers/STM32F1xx_HAL_Driver/Src/stm32f1xx_hal_rcc_ex.o
LOAD ./Drivers/STM32F1xx_HAL_Driver/Src/stm32f1xx_hal_spi.o
LOAD ./Drivers/STM32F1xx_HAL_Driver/Src/stm32f1xx_hal_tim.o
LOAD ./Drivers/STM32F1xx_HAL_Driver/Src/stm32f1xx_hal_tim_ex.o
LOAD ./Drivers/STM32F1xx_HAL_Driver/Src/stm32f1xx_ll_usb.o
LOAD ./Middlewares/ST/STM32_USB_Device_Library/Class/CDC/Src/usbd_cdc.o
LOAD ./Middlewares/ST/STM32_USB_Device_Library/Core/Src/usbd_core.o
LOAD ./Middlewares/ST/STM32_USB_Device_Library/Core/Src/usbd_ctlreq.o
LOAD ./Middlewares/ST/STM32_USB_Device_Library/Core/Src/usbd_ioreq.o
LOAD ./USB_DEVICE/App/usb_device.o
LOAD ./USB_DEVICE/App/usbd_cdc_if.o
LOAD ./USB_DEVICE/App/usbd_desc.o
LOAD ./USB_DEVICE/Target/usbd_conf.o
START GROUP
LOAD C:/ST/STM32CubeIDE_2.0.0/STM32CubeIDE/plugins/com.st.stm32cube.ide.mcu.externaltools.gnu-tools-for-stm32.13.3.rel1.win32_1.0.100.202509120712/tools/bin/../lib/gcc/arm-none-eabi/13.3.1/../../../../arm-none-eabi/lib/thumb/v7-m/nofp\libc_nano.a
LOAD C:/ST/STM32CubeIDE_2.0.0/STM32CubeIDE/plugins/com.st.stm32cube.ide.mcu.externaltools.gnu-tools-for-stm32.13.3.rel1.win32_1.0.100.202509120712/tools/bin/../lib/gcc/arm-none-eabi/13.3.1/../../../../arm-none-eabi/lib/thumb/v7-m/nofp\libm.a
END GROUP
START GROUP
LOAD C:/ST/STM32CubeIDE_2.0.0/STM32CubeIDE/plugins/com.st.stm32cube.ide.mcu.externaltools.gnu-tools-for-stm32.13.3.rel1.win32_1.0.100.202509120712/tools/bin/../lib/gcc/arm-none-eabi/13.3.1/thumb/v7-m/nofp\libgcc.a
LOAD C:/ST/STM32CubeIDE_2.0.0/STM32CubeIDE/plugins/com.st.stm32cube.ide.mcu.externaltools.gnu-tools-for-stm32.13.3.rel1.win32_1.0.100.202509120712/tools/bin/../lib/gcc/arm-none-eabi/13.3.1/../../../../arm-none-eabi/lib/thumb/v7-m/nofp\libc_nano.a
END GROUP
START GROUP
LOAD C:/ST/STM32CubeIDE_2.0.0/STM32CubeIDE/plugins/com.st.stm32cube.ide.mcu.externaltools.gnu-tools-for-stm32.13.3.rel1.win32_1.0.100.202509120712/tools/bin/../lib/gcc/arm-none-eabi/13.3.1/thumb/v7-m/nofp\libgcc.a
LOAD C:/ST/STM32CubeIDE_2.0.0/STM32CubeIDE/plugins/com.st.stm32cube.ide.mcu.externaltools.gnu-tools-for-stm32.13.3.rel1.win32_1.0.100.202509120712/tools/bin/../lib/gcc/arm-none-eabi/13.3.1/../../../../arm-none-eabi/lib/thumb/v7-m/nofp\libc_nano.a
LOAD C:/ST/STM32CubeIDE_2.0.0/STM32CubeIDE/plugins/com.st.stm32cube.ide.mcu.externaltools.gnu-tools-for-stm32.13.3.rel1.win32_1.0.100.202509120712/tools/bin/../lib/gcc/arm-none-eabi/13.3.1/../../../../arm-none-eabi/lib/thumb/v7-m/nofp\libnosys.a
END GROUP
START GROUP
LOAD C:/ST/STM32CubeIDE_2.0.0/STM32CubeIDE/plugins/com.st.stm32cube.ide.mcu.externaltools.gnu-tools-for-stm32.13.3.rel1.win32_1.0.100.202509120712/tools/bin/../lib/gcc/arm-none-eabi/13.3.1/thumb/v7-m/nofp\libgcc.a
LOAD C:/ST/STM32CubeIDE_2.0.0/STM32CubeIDE/plugins/com.st.stm32cube.ide.mcu.externaltools.gnu-tools-for-stm32.13.3.rel1.win32_1.0.100.202509120712/tools/bin/../lib/gcc/arm-none-eabi/13.3.1/../../../../arm-none-eabi/lib/thumb/v7-m/nofp\libc_nano.a
LOAD C:/ST/STM32CubeIDE_2.0.0/STM32CubeIDE/plugins/com.st.stm32cube.ide.mcu.externaltools.gnu-tools-for-stm32.13.3.rel1.win32_1.0.100.202509120712/tools/bin/../lib/gcc/arm-none-eabi/13.3.1/../../../../arm-none-eabi/lib/thumb/v7-m/nofp\libnosys.a
END GROUP
LOAD C:/ST/STM32CubeIDE_2.0.0/STM32CubeIDE/plugins/com.st.stm32cube.ide.mcu.externaltools.gnu-tools-for-stm32.13.3.rel1.win32_1.0.100.202509120712/tools/bin/../lib/gcc/arm-none-eabi/13.3.1/thumb/v7-m/nofp/crtend.o
LOAD C:/ST/STM32CubeIDE_2.0.0/STM32CubeIDE/plugins/com.st.stm32cube.ide.mcu.externaltools.gnu-tools-for-stm32.13.3.rel1.win32_1.0.100.202509120712/tools/bin/../lib/gcc/arm-none-eabi/13.3.1/thumb/v7-m/nofp/crtn.o
                0x20005000                        _estack = (ORIGIN (RAM) + LENGTH (RAM))
                0x00000200                        _Min_Heap_Size = 0x200
                0x00000400                        _Min_Stack_Size = 0x400

.isr_vector     0x08000000      0x10c
                0x08000000                        . = ALIGN (0x4)
 *(.isr_vector)
 .isr_vector    0x08000000      0x10c ./Core/Startup/startup_stm32f103c8tx.o
                0x08000000                g_pfnVectors
                0x0800010c                        . = ALIGN (0x4)

.text           0x0800010c     0x72e8
                0x0800010c                        . = ALIGN (0x4)
 *(.text)
 .text          0x0800010c       0x40 C:/ST/STM32CubeIDE_2.0.0/STM32CubeIDE/plugins/com.st.stm32cube.ide.mcu.externaltools.gnu-tools-for-stm32.13.3.rel1.win32_1.0.100.202509120712/tools/bin/../lib/gcc/arm-none-eabi/13.3.1/thumb/v7-m/nofp/crtbegin.o
 .text          0x0800014c       0x10 C:/ST/STM32CubeIDE_2.0.0/STM32CubeIDE/plugins/com.st.stm32cube.ide.mcu.externaltools.gnu-tools-for-stm32.13.3.rel1.win32_1.0.100.202509120712/tools/bin/../lib/gcc/arm-none-eabi/13.3.1/../../../../arm-none-eabi/lib/thumb/v7-m/nofp\libc_nano.a(libc_a-strlen.o)
                0x0800014c                strlen
 *(.text*)
 .text.W5500_Select
                0x0800015c       0x10 ./Core/App/app_ethernet.o
 .text.W5500_Unselect
                0x0800016c       0x10 ./Core/App/app_ethernet.o
 .text.cb_ip_conflict
                0x0800017c        0xc ./Core/App/app_ethernet.o
 .text.cb_ip_assigned
                0x08000188       0x60 ./Core/App/app_ethernet.o
 .text.W5500_WriteByte
                0x080001e8       0x20 ./Core/App/app_ethernet.o
 .text.W5500_ReadByte
                0x08000208       0x30 ./Core/App/app_ethernet.o
 .text.handle_pc_socket
                0x08000238      0x18c ./Core/App/app_ethernet.o
 .text.App_Ethernet_Init
                0x080003c4       0xfc ./Core/App/app_ethernet.o
                0x080003c4                App_Ethernet_Init
 .text.App_Ethernet_Process
                0x080004c0       0x48 ./Core/App/app_ethernet.o
                0x080004c0                App_Ethernet_Process
 .text.Ethernet_UDP_Periodic_Task
                0x08000508       0xe0 ./Core/App/app_ethernet.o
                0x08000508                Ethernet_UDP_Periodic_Task
 .text.USB_Printf
                0x080005e8       0x3c ./Core/App/app_usb_log.o
                0x080005e8                USB_Printf
 .text.WS2812_SetSimpleColor.part.0
                0x08000624       0x4c ./Core/App/ws2812b.o
 .text.WS2812_Init
                0x08000670       0x10 ./Core/App/ws2812b.o
                0x08000670                WS2812_Init
 .text.WS2812_Process_Dynamic_Run
                0x08000680       0xe0 ./Core/App/ws2812b.o
                0x08000680                WS2812_Process_Dynamic_Run
 .text.SystemClock_Config
                0x08000760       0x80 ./Core/Src/main.o
                0x08000760                SystemClock_Config
 .text.startup.main
                0x080007e0      0x17c ./Core/Src/main.o
                0x080007e0                main
 .text.Error_Handler
                0x0800095c        0x4 ./Core/Src/main.o
                0x0800095c                Error_Handler
 .text.HAL_MspInit
                0x08000960       0x44 ./Core/Src/stm32f1xx_hal_msp.o
                0x08000960                HAL_MspInit
 .text.HAL_SPI_MspInit
                0x080009a4       0x74 ./Core/Src/stm32f1xx_hal_msp.o
                0x080009a4                HAL_SPI_MspInit
 .text.HAL_TIM_PWM_MspInit
                0x08000a18       0x60 ./Core/Src/stm32f1xx_hal_msp.o
                0x08000a18                HAL_TIM_PWM_MspInit
 .text.HAL_TIM_MspPostInit
                0x08000a78       0x48 ./Core/Src/stm32f1xx_hal_msp.o
                0x08000a78                HAL_TIM_MspPostInit
 .text.NMI_Handler
                0x08000ac0        0x2 ./Core/Src/stm32f1xx_it.o
                0x08000ac0                NMI_Handler
 .text.HardFault_Handler
                0x08000ac2        0x2 ./Core/Src/stm32f1xx_it.o
                0x08000ac2                HardFault_Handler
 .text.MemManage_Handler
                0x08000ac4        0x2 ./Core/Src/stm32f1xx_it.o
                0x08000ac4                MemManage_Handler
 .text.BusFault_Handler
                0x08000ac6        0x2 ./Core/Src/stm32f1xx_it.o
                0x08000ac6                BusFault_Handler
 .text.UsageFault_Handler
                0x08000ac8        0x2 ./Core/Src/stm32f1xx_it.o
                0x08000ac8                UsageFault_Handler
 .text.SVC_Handler
                0x08000aca        0x2 ./Core/Src/stm32f1xx_it.o
                0x08000aca                SVC_Handler
 .text.DebugMon_Handler
                0x08000acc        0x2 ./Core/Src/stm32f1xx_it.o
                0x08000acc                DebugMon_Handler
 .text.PendSV_Handler
                0x08000ace        0x2 ./Core/Src/stm32f1xx_it.o
                0x08000ace                PendSV_Handler
 .text.SysTick_Handler
                0x08000ad0        0x4 ./Core/Src/stm32f1xx_it.o
                0x08000ad0                SysTick_Handler
 .text.DMA1_Channel5_IRQHandler
                0x08000ad4        0xc ./Core/Src/stm32f1xx_it.o
                0x08000ad4                DMA1_Channel5_IRQHandler
 .text.USB_LP_CAN1_RX0_IRQHandler
                0x08000ae0        0xc ./Core/Src/stm32f1xx_it.o
                0x08000ae0                USB_LP_CAN1_RX0_IRQHandler
 .text._sbrk    0x08000aec       0x40 ./Core/Src/sysmem.o
                0x08000aec                _sbrk
 .text.SystemInit
                0x08000b2c        0x2 ./Core/Src/system_stm32f1xx.o
                0x08000b2c                SystemInit
 *fill*         0x08000b2e        0x2 
 .text.Reset_Handler
                0x08000b30       0x48 ./Core/Startup/startup_stm32f103c8tx.o
                0x08000b30                Reset_Handler
 .text.Default_Handler
                0x08000b78        0x2 ./Core/Startup/startup_stm32f103c8tx.o
                0x08000b78                RTC_Alarm_IRQHandler
                0x08000b78                EXTI2_IRQHandler
                0x08000b78                TIM1_CC_IRQHandler
                0x08000b78                PVD_IRQHandler
                0x08000b78                EXTI3_IRQHandler
                0x08000b78                EXTI0_IRQHandler
                0x08000b78                I2C2_EV_IRQHandler
                0x08000b78                ADC1_2_IRQHandler
                0x08000b78                SPI1_IRQHandler
                0x08000b78                TAMPER_IRQHandler
                0x08000b78                DMA1_Channel4_IRQHandler
                0x08000b78                USART3_IRQHandler
                0x08000b78                RTC_IRQHandler
                0x08000b78                DMA1_Channel7_IRQHandler
                0x08000b78                CAN1_RX1_IRQHandler
                0x08000b78                TIM4_IRQHandler
                0x08000b78                I2C1_EV_IRQHandler
                0x08000b78                DMA1_Channel6_IRQHandler
                0x08000b78                TIM3_IRQHandler
                0x08000b78                RCC_IRQHandler
                0x08000b78                TIM1_TRG_COM_IRQHandler
                0x08000b78                DMA1_Channel1_IRQHandler
                0x08000b78                Default_Handler
                0x08000b78                EXTI15_10_IRQHandler
                0x08000b78                EXTI9_5_IRQHandler
                0x08000b78                SPI2_IRQHandler
                0x08000b78                EXTI4_IRQHandler
                0x08000b78                USB_HP_CAN1_TX_IRQHandler
                0x08000b78                DMA1_Channel3_IRQHandler
                0x08000b78                TIM1_UP_IRQHandler
                0x08000b78                WWDG_IRQHandler
                0x08000b78                TIM2_IRQHandler
                0x08000b78                TIM1_BRK_IRQHandler
                0x08000b78                EXTI1_IRQHandler
                0x08000b78                USART2_IRQHandler
                0x08000b78                I2C2_ER_IRQHandler
                0x08000b78                DMA1_Channel2_IRQHandler
                0x08000b78                CAN1_SCE_IRQHandler
                0x08000b78                FLASH_IRQHandler
                0x08000b78                USART1_IRQHandler
                0x08000b78                I2C1_ER_IRQHandler
                0x08000b78                USBWakeUp_IRQHandler
 *fill*         0x08000b7a        0x2 
 .text.WIZCHIP_READ
                0x08000b7c       0x5c ./Core/WIZNET/Ethernet/W5500/w5500.o
                0x08000b7c                WIZCHIP_READ
 .text.WIZCHIP_WRITE
                0x08000bd8       0x64 ./Core/WIZNET/Ethernet/W5500/w5500.o
                0x08000bd8                WIZCHIP_WRITE
 .text.WIZCHIP_READ_BUF
                0x08000c3c       0x74 ./Core/WIZNET/Ethernet/W5500/w5500.o
                0x08000c3c                WIZCHIP_READ_BUF
 .text.WIZCHIP_WRITE_BUF
                0x08000cb0       0x74 ./Core/WIZNET/Ethernet/W5500/w5500.o
                0x08000cb0                WIZCHIP_WRITE_BUF
 .text.getSn_TX_FSR
                0x08000d24       0x42 ./Core/WIZNET/Ethernet/W5500/w5500.o
                0x08000d24                getSn_TX_FSR
 .text.getSn_RX_RSR
                0x08000d66       0x42 ./Core/WIZNET/Ethernet/W5500/w5500.o
                0x08000d66                getSn_RX_RSR
 .text.wiz_send_data
                0x08000da8       0x5a ./Core/WIZNET/Ethernet/W5500/w5500.o
                0x08000da8                wiz_send_data
 .text.wiz_recv_data
                0x08000e02       0x5a ./Core/WIZNET/Ethernet/W5500/w5500.o
                0x08000e02                wiz_recv_data
 .text.wiz_recv_ignore
                0x08000e5c       0x3c ./Core/WIZNET/Ethernet/W5500/w5500.o
                0x08000e5c                wiz_recv_ignore
 .text.sendto_IO_6
                0x08000e98      0x1a8 ./Core/WIZNET/Ethernet/socket.o
 .text.close    0x08001040       0x7c ./Core/WIZNET/Ethernet/socket.o
                0x08001040                close
 .text.socket   0x080010bc      0x138 ./Core/WIZNET/Ethernet/socket.o
                0x080010bc                socket
 .text.recvfrom_IO_6.isra.0
                0x080011f4      0x20c ./Core/WIZNET/Ethernet/socket.o
 .text.listen   0x08001400       0x6a ./Core/WIZNET/Ethernet/socket.o
                0x08001400                listen
 *fill*         0x0800146a        0x2 
 .text.disconnect
                0x0800146c       0x90 ./Core/WIZNET/Ethernet/socket.o
                0x0800146c                disconnect
 .text.send     0x080014fc      0x16c ./Core/WIZNET/Ethernet/socket.o
                0x080014fc                send
 .text.recv     0x08001668       0xe0 ./Core/WIZNET/Ethernet/socket.o
                0x08001668                recv
 .text.sendto_W5x00
                0x08001748       0x14 ./Core/WIZNET/Ethernet/socket.o
                0x08001748                sendto_W5x00
 .text.recvfrom_W5x00
                0x0800175c        0x4 ./Core/WIZNET/Ethernet/socket.o
                0x0800175c                recvfrom_W5x00
 .text.wizchip_cris_enter
                0x08001760        0x2 ./Core/WIZNET/Ethernet/wizchip_conf.o
                0x08001760                wizchip_cris_enter
 .text.wizchip_bus_readdata
                0x08001762        0x4 ./Core/WIZNET/Ethernet/wizchip_conf.o
                0x08001762                wizchip_bus_readdata
 .text.wizchip_bus_writedata
                0x08001766        0x4 ./Core/WIZNET/Ethernet/wizchip_conf.o
                0x08001766                wizchip_bus_writedata
 .text.wizchip_spi_readbyte
                0x0800176a        0x4 ./Core/WIZNET/Ethernet/wizchip_conf.o
                0x0800176a                wizchip_spi_readbyte
 .text.wizchip_spi_writebyte
                0x0800176e        0x2 ./Core/WIZNET/Ethernet/wizchip_conf.o
                0x0800176e                wizchip_spi_writebyte
 .text.wizchip_cris_exit
                0x08001770        0x2 ./Core/WIZNET/Ethernet/wizchip_conf.o
                0x08001770                wizchip_cris_exit
 .text.wizchip_cs_select
                0x08001772        0x2 ./Core/WIZNET/Ethernet/wizchip_conf.o
                0x08001772                wizchip_cs_select
 .text.wizchip_cs_deselect
                0x08001774        0x2 ./Core/WIZNET/Ethernet/wizchip_conf.o
                0x08001774                wizchip_cs_deselect
 *fill*         0x08001776        0x2 
 .text.reg_wizchip_cs_cbfunc
                0x08001778       0x1c ./Core/WIZNET/Ethernet/wizchip_conf.o
                0x08001778                reg_wizchip_cs_cbfunc
 .text.reg_wizchip_spi_cbfunc
                0x08001794       0x24 ./Core/WIZNET/Ethernet/wizchip_conf.o
                0x08001794                reg_wizchip_spi_cbfunc
 .text.wizchip_sw_reset
                0x080017b8       0x7a ./Core/WIZNET/Ethernet/wizchip_conf.o
                0x080017b8                wizchip_sw_reset
 .text.wizchip_init
                0x08001832       0x86 ./Core/WIZNET/Ethernet/wizchip_conf.o
                0x08001832                wizchip_init
 .text.wizchip_setnetinfo
                0x080018b8       0x5c ./Core/WIZNET/Ethernet/wizchip_conf.o
                0x080018b8                wizchip_setnetinfo
 .text.default_ip_assign
                0x08001914       0x38 ./Core/WIZNET/Internet/DHCP/dhcp.o
                0x08001914                default_ip_assign
 .text.default_ip_update
                0x0800194c       0x28 ./Core/WIZNET/Internet/DHCP/dhcp.o
                0x0800194c                default_ip_update
 .text.default_ip_conflict
                0x08001974       0x24 ./Core/WIZNET/Internet/DHCP/dhcp.o
                0x08001974                default_ip_conflict
 .text.reg_dhcp_cbfunc
                0x08001998       0x40 ./Core/WIZNET/Internet/DHCP/dhcp.o
                0x08001998                reg_dhcp_cbfunc
 .text.makeDHCPMSG
                0x080019d8       0x98 ./Core/WIZNET/Internet/DHCP/dhcp.o
                0x080019d8                makeDHCPMSG
 .text.send_DHCP_DECLINE
                0x08001a70       0xd0 ./Core/WIZNET/Internet/DHCP/dhcp.o
                0x08001a70                send_DHCP_DECLINE
 .text.parseDHCPMSG
                0x08001b40      0x204 ./Core/WIZNET/Internet/DHCP/dhcp.o
                0x08001b40                parseDHCPMSG
 .text.check_DHCP_leasedIP
                0x08001d44       0x64 ./Core/WIZNET/Internet/DHCP/dhcp.o
                0x08001d44                check_DHCP_leasedIP
 .text.reset_DHCP_timeout
                0x08001da8       0x20 ./Core/WIZNET/Internet/DHCP/dhcp.o
                0x08001da8                reset_DHCP_timeout
 .text.DHCP_init
                0x08001dc8       0xb0 ./Core/WIZNET/Internet/DHCP/dhcp.o
                0x08001dc8                DHCP_init
 .text.DHCP_time_handler
                0x08001e78       0x10 ./Core/WIZNET/Internet/DHCP/dhcp.o
                0x08001e78                DHCP_time_handler
 .text.getIPfromDHCP
                0x08001e88       0x18 ./Core/WIZNET/Internet/DHCP/dhcp.o
                0x08001e88                getIPfromDHCP
 .text.getGWfromDHCP
                0x08001ea0       0x18 ./Core/WIZNET/Internet/DHCP/dhcp.o
                0x08001ea0                getGWfromDHCP
 .text.getSNfromDHCP
                0x08001eb8       0x18 ./Core/WIZNET/Internet/DHCP/dhcp.o
                0x08001eb8                getSNfromDHCP
 .text.getDNSfromDHCP
                0x08001ed0       0x18 ./Core/WIZNET/Internet/DHCP/dhcp.o
                0x08001ed0                getDNSfromDHCP
 .text.NibbleToHex
                0x08001ee8        0xe ./Core/WIZNET/Internet/DHCP/dhcp.o
                0x08001ee8                NibbleToHex
 *fill*         0x08001ef6        0x2 
 .text.send_DHCP_DISCOVER
                0x08001ef8      0x1b4 ./Core/WIZNET/Internet/DHCP/dhcp.o
                0x08001ef8                send_DHCP_DISCOVER
 .text.send_DHCP_REQUEST
                0x080020ac      0x25c ./Core/WIZNET/Internet/DHCP/dhcp.o
                0x080020ac                send_DHCP_REQUEST
 .text.check_DHCP_timeout
                0x08002308       0x84 ./Core/WIZNET/Internet/DHCP/dhcp.o
                0x08002308                check_DHCP_timeout
 .text.DHCP_run
                0x0800238c      0x17c ./Core/WIZNET/Internet/DHCP/dhcp.o
                0x0800238c                DHCP_run
 .text.HAL_InitTick
                0x08002508       0x48 ./Drivers/STM32F1xx_HAL_Driver/Src/stm32f1xx_hal.o
                0x08002508                HAL_InitTick
 .text.HAL_Init
                0x08002550       0x24 ./Drivers/STM32F1xx_HAL_Driver/Src/stm32f1xx_hal.o
                0x08002550                HAL_Init
 .text.HAL_IncTick
                0x08002574       0x18 ./Drivers/STM32F1xx_HAL_Driver/Src/stm32f1xx_hal.o
                0x08002574                HAL_IncTick
 .text.HAL_GetTick
                0x0800258c        0xc ./Drivers/STM32F1xx_HAL_Driver/Src/stm32f1xx_hal.o
                0x0800258c                HAL_GetTick
 .text.HAL_Delay
                0x08002598       0x24 ./Drivers/STM32F1xx_HAL_Driver/Src/stm32f1xx_hal.o
                0x08002598                HAL_Delay
 .text.HAL_GetUIDw0
                0x080025bc        0xc ./Drivers/STM32F1xx_HAL_Driver/Src/stm32f1xx_hal.o
                0x080025bc                HAL_GetUIDw0
 .text.HAL_GetUIDw1
                0x080025c8        0xc ./Drivers/STM32F1xx_HAL_Driver/Src/stm32f1xx_hal.o
                0x080025c8                HAL_GetUIDw1
 .text.HAL_GetUIDw2
                0x080025d4        0xc ./Drivers/STM32F1xx_HAL_Driver/Src/stm32f1xx_hal.o
                0x080025d4                HAL_GetUIDw2
 .text.HAL_NVIC_SetPriorityGrouping
                0x080025e0       0x24 ./Drivers/STM32F1xx_HAL_Driver/Src/stm32f1xx_hal_cortex.o
                0x080025e0                HAL_NVIC_SetPriorityGrouping
 .text.HAL_NVIC_SetPriority
                0x08002604       0x60 ./Drivers/STM32F1xx_HAL_Driver/Src/stm32f1xx_hal_cortex.o
                0x08002604                HAL_NVIC_SetPriority
 .text.HAL_NVIC_EnableIRQ
                0x08002664       0x1c ./Drivers/STM32F1xx_HAL_Driver/Src/stm32f1xx_hal_cortex.o
                0x08002664                HAL_NVIC_EnableIRQ
 .text.HAL_SYSTICK_Config
                0x08002680       0x28 ./Drivers/STM32F1xx_HAL_Driver/Src/stm32f1xx_hal_cortex.o
                0x08002680                HAL_SYSTICK_Config
 .text.HAL_DMA_Init
                0x080026a8       0x60 ./Drivers/STM32F1xx_HAL_Driver/Src/stm32f1xx_hal_dma.o
                0x080026a8                HAL_DMA_Init
 .text.HAL_DMA_Start_IT
                0x08002708       0x78 ./Drivers/STM32F1xx_HAL_Driver/Src/stm32f1xx_hal_dma.o
                0x08002708                HAL_DMA_Start_IT
 .text.HAL_DMA_IRQHandler
                0x08002780      0x128 ./Drivers/STM32F1xx_HAL_Driver/Src/stm32f1xx_hal_dma.o
                0x08002780                HAL_DMA_IRQHandler
 .text.HAL_GPIO_Init
                0x080028a8      0x1a8 ./Drivers/STM32F1xx_HAL_Driver/Src/stm32f1xx_hal_gpio.o
                0x080028a8                HAL_GPIO_Init
 .text.HAL_GPIO_WritePin
                0x08002a50        0xa ./Drivers/STM32F1xx_HAL_Driver/Src/stm32f1xx_hal_gpio.o
                0x08002a50                HAL_GPIO_WritePin
 .text.HAL_PCD_Init
                0x08002a5a       0xc6 ./Drivers/STM32F1xx_HAL_Driver/Src/stm32f1xx_hal_pcd.o
                0x08002a5a                HAL_PCD_Init
 .text.HAL_PCD_Start
                0x08002b20       0x32 ./Drivers/STM32F1xx_HAL_Driver/Src/stm32f1xx_hal_pcd.o
                0x08002b20                HAL_PCD_Start
 .text.HAL_PCD_SetAddress
                0x08002b52       0x26 ./Drivers/STM32F1xx_HAL_Driver/Src/stm32f1xx_hal_pcd.o
                0x08002b52                HAL_PCD_SetAddress
 .text.HAL_PCD_IRQHandler
                0x08002b78      0xa08 ./Drivers/STM32F1xx_HAL_Driver/Src/stm32f1xx_hal_pcd.o
                0x08002b78                HAL_PCD_IRQHandler
 .text.HAL_PCD_EP_Open
                0x08003580       0x60 ./Drivers/STM32F1xx_HAL_Driver/Src/stm32f1xx_hal_pcd.o
                0x08003580                HAL_PCD_EP_Open
 .text.HAL_PCD_EP_Close
                0x080035e0       0x50 ./Drivers/STM32F1xx_HAL_Driver/Src/stm32f1xx_hal_pcd.o
                0x080035e0                HAL_PCD_EP_Close
 .text.HAL_PCD_EP_Receive
                0x08003630       0x2e ./Drivers/STM32F1xx_HAL_Driver/Src/stm32f1xx_hal_pcd.o
                0x08003630                HAL_PCD_EP_Receive
 .text.HAL_PCD_EP_GetRxCount
                0x0800365e       0x10 ./Drivers/STM32F1xx_HAL_Driver/Src/stm32f1xx_hal_pcd.o
                0x0800365e                HAL_PCD_EP_GetRxCount
 .text.HAL_PCD_EP_Transmit
                0x0800366e       0x30 ./Drivers/STM32F1xx_HAL_Driver/Src/stm32f1xx_hal_pcd.o
                0x0800366e                HAL_PCD_EP_Transmit
 .text.HAL_PCD_EP_SetStall
                0x0800369e       0x6c ./Drivers/STM32F1xx_HAL_Driver/Src/stm32f1xx_hal_pcd.o
                0x0800369e                HAL_PCD_EP_SetStall
 .text.HAL_PCD_EP_ClrStall
                0x0800370a       0x64 ./Drivers/STM32F1xx_HAL_Driver/Src/stm32f1xx_hal_pcd.o
                0x0800370a                HAL_PCD_EP_ClrStall
 .text.HAL_PCDEx_PMAConfig
                0x0800376e       0x32 ./Drivers/STM32F1xx_HAL_Driver/Src/stm32f1xx_hal_pcd_ex.o
                0x0800376e                HAL_PCDEx_PMAConfig
 .text.HAL_RCC_OscConfig
                0x080037a0      0x338 ./Drivers/STM32F1xx_HAL_Driver/Src/stm32f1xx_hal_rcc.o
                0x080037a0                HAL_RCC_OscConfig
 .text.HAL_RCC_GetSysClockFreq
                0x08003ad8       0x4c ./Drivers/STM32F1xx_HAL_Driver/Src/stm32f1xx_hal_rcc.o
                0x08003ad8                HAL_RCC_GetSysClockFreq
 .text.HAL_RCC_ClockConfig
                0x08003b24      0x138 ./Drivers/STM32F1xx_HAL_Driver/Src/stm32f1xx_hal_rcc.o
                0x08003b24                HAL_RCC_ClockConfig
 .text.HAL_RCCEx_PeriphCLKConfig
                0x08003c5c       0xf4 ./Drivers/STM32F1xx_HAL_Driver/Src/stm32f1xx_hal_rcc_ex.o
                0x08003c5c                HAL_RCCEx_PeriphCLKConfig
 .text.SPI_WaitFlagStateUntilTimeout
                0x08003d50       0xb8 ./Drivers/STM32F1xx_HAL_Driver/Src/stm32f1xx_hal_spi.o
 .text.SPI_EndRxTxTransaction
                0x08003e08       0x38 ./Drivers/STM32F1xx_HAL_Driver/Src/stm32f1xx_hal_spi.o
 .text.HAL_SPI_Init
                0x08003e40       0xb0 ./Drivers/STM32F1xx_HAL_Driver/Src/stm32f1xx_hal_spi.o
                0x08003e40                HAL_SPI_Init
 .text.HAL_SPI_Transmit
                0x08003ef0      0x160 ./Drivers/STM32F1xx_HAL_Driver/Src/stm32f1xx_hal_spi.o
                0x08003ef0                HAL_SPI_Transmit
 .text.HAL_SPI_TransmitReceive
                0x08004050      0x1f8 ./Drivers/STM32F1xx_HAL_Driver/Src/stm32f1xx_hal_spi.o
                0x08004050                HAL_SPI_TransmitReceive
 .text.TIM_OC1_SetConfig
                0x08004248       0x50 ./Drivers/STM32F1xx_HAL_Driver/Src/stm32f1xx_hal_tim.o
 .text.TIM_OC3_SetConfig
                0x08004298       0x54 ./Drivers/STM32F1xx_HAL_Driver/Src/stm32f1xx_hal_tim.o
 .text.TIM_OC4_SetConfig
                0x080042ec       0x44 ./Drivers/STM32F1xx_HAL_Driver/Src/stm32f1xx_hal_tim.o
 .text.HAL_TIM_PWM_PulseFinishedCallback
                0x08004330        0x2 ./Drivers/STM32F1xx_HAL_Driver/Src/stm32f1xx_hal_tim.o
                0x08004330                HAL_TIM_PWM_PulseFinishedCallback
 .text.TIM_DMADelayPulseCplt
                0x08004332       0x6a ./Drivers/STM32F1xx_HAL_Driver/Src/stm32f1xx_hal_tim.o
 .text.HAL_TIM_PWM_PulseFinishedHalfCpltCallback
                0x0800439c        0x2 ./Drivers/STM32F1xx_HAL_Driver/Src/stm32f1xx_hal_tim.o
                0x0800439c                HAL_TIM_PWM_PulseFinishedHalfCpltCallback
 .text.TIM_DMADelayPulseHalfCplt
                0x0800439e       0x38 ./Drivers/STM32F1xx_HAL_Driver/Src/stm32f1xx_hal_tim.o
                0x0800439e                TIM_DMADelayPulseHalfCplt
 .text.HAL_TIM_ErrorCallback
                0x080043d6        0x2 ./Drivers/STM32F1xx_HAL_Driver/Src/stm32f1xx_hal_tim.o
                0x080043d6                HAL_TIM_ErrorCallback
 .text.TIM_DMAError
                0x080043d8       0x58 ./Drivers/STM32F1xx_HAL_Driver/Src/stm32f1xx_hal_tim.o
                0x080043d8                TIM_DMAError
 .text.TIM_Base_SetConfig
                0x08004430       0x64 ./Drivers/STM32F1xx_HAL_Driver/Src/stm32f1xx_hal_tim.o
                0x08004430                TIM_Base_SetConfig
 .text.HAL_TIM_PWM_Init
                0x08004494       0x58 ./Drivers/STM32F1xx_HAL_Driver/Src/stm32f1xx_hal_tim.o
                0x08004494                HAL_TIM_PWM_Init
 .text.TIM_OC2_SetConfig
                0x080044ec       0x58 ./Drivers/STM32F1xx_HAL_Driver/Src/stm32f1xx_hal_tim.o
                0x080044ec                TIM_OC2_SetConfig
 .text.HAL_TIM_PWM_ConfigChannel
                0x08004544       0xb0 ./Drivers/STM32F1xx_HAL_Driver/Src/stm32f1xx_hal_tim.o
                0x08004544                HAL_TIM_PWM_ConfigChannel
 .text.TIM_CCxChannelCmd
                0x080045f4       0x1c ./Drivers/STM32F1xx_HAL_Driver/Src/stm32f1xx_hal_tim.o
                0x080045f4                TIM_CCxChannelCmd
 .text.HAL_TIM_OC_Start_DMA
                0x08004610      0x178 ./Drivers/STM32F1xx_HAL_Driver/Src/stm32f1xx_hal_tim.o
                0x08004610                HAL_TIM_OC_Start_DMA
 .text.HAL_TIM_PWM_Start_DMA
                0x08004788        0x4 ./Drivers/STM32F1xx_HAL_Driver/Src/stm32f1xx_hal_tim.o
                0x08004788                HAL_TIM_PWM_Start_DMA
 .text.HAL_TIMEx_MasterConfigSynchronization
                0x0800478c       0x5c ./Drivers/STM32F1xx_HAL_Driver/Src/stm32f1xx_hal_tim_ex.o
                0x0800478c                HAL_TIMEx_MasterConfigSynchronization
 .text.USB_CoreInit
                0x080047e8        0xe ./Drivers/STM32F1xx_HAL_Driver/Src/stm32f1xx_ll_usb.o
                0x080047e8                USB_CoreInit
 .text.USB_EnableGlobalInt
                0x080047f6       0x12 ./Drivers/STM32F1xx_HAL_Driver/Src/stm32f1xx_ll_usb.o
                0x080047f6                USB_EnableGlobalInt
 .text.USB_DisableGlobalInt
                0x08004808       0x14 ./Drivers/STM32F1xx_HAL_Driver/Src/stm32f1xx_ll_usb.o
                0x08004808                USB_DisableGlobalInt
 .text.USB_SetCurrentMode
                0x0800481c        0x4 ./Drivers/STM32F1xx_HAL_Driver/Src/stm32f1xx_ll_usb.o
                0x0800481c                USB_SetCurrentMode
 .text.USB_DevInit
                0x08004820       0x22 ./Drivers/STM32F1xx_HAL_Driver/Src/stm32f1xx_ll_usb.o
                0x08004820                USB_DevInit
 *fill*         0x08004842        0x2 
 .text.USB_ActivateEndpoint
                0x08004844      0x2c0 ./Drivers/STM32F1xx_HAL_Driver/Src/stm32f1xx_ll_usb.o
                0x08004844                USB_ActivateEndpoint
 .text.USB_DeactivateEndpoint
                0x08004b04      0x1a6 ./Drivers/STM32F1xx_HAL_Driver/Src/stm32f1xx_ll_usb.o
                0x08004b04                USB_DeactivateEndpoint
 .text.USB_EPSetStall
                0x08004caa       0x40 ./Drivers/STM32F1xx_HAL_Driver/Src/stm32f1xx_ll_usb.o
                0x08004caa                USB_EPSetStall
 .text.USB_EPClearStall
                0x08004cea       0x92 ./Drivers/STM32F1xx_HAL_Driver/Src/stm32f1xx_ll_usb.o
                0x08004cea                USB_EPClearStall
 .text.USB_SetDevAddress
                0x08004d7c        0xc ./Drivers/STM32F1xx_HAL_Driver/Src/stm32f1xx_ll_usb.o
                0x08004d7c                USB_SetDevAddress
 .text.USB_DevConnect
                0x08004d88        0x4 ./Drivers/STM32F1xx_HAL_Driver/Src/stm32f1xx_ll_usb.o
                0x08004d88                USB_DevConnect
 .text.USB_DevDisconnect
                0x08004d8c        0x4 ./Drivers/STM32F1xx_HAL_Driver/Src/stm32f1xx_ll_usb.o
                0x08004d8c                USB_DevDisconnect
 .text.USB_ReadInterrupts
                0x08004d90        0x8 ./Drivers/STM32F1xx_HAL_Driver/Src/stm32f1xx_ll_usb.o
                0x08004d90                USB_ReadInterrupts
 .text.USB_EP0_OutStart
                0x08004d98        0x4 ./Drivers/STM32F1xx_HAL_Driver/Src/stm32f1xx_ll_usb.o
                0x08004d98                USB_EP0_OutStart
 .text.USB_WritePMA
                0x08004d9c       0x20 ./Drivers/STM32F1xx_HAL_Driver/Src/stm32f1xx_ll_usb.o
                0x08004d9c                USB_WritePMA
 .text.USB_EPStartXfer
                0x08004dbc      0x46a ./Drivers/STM32F1xx_HAL_Driver/Src/stm32f1xx_ll_usb.o
                0x08004dbc                USB_EPStartXfer
 .text.USB_ReadPMA
                0x08005226       0x38 ./Drivers/STM32F1xx_HAL_Driver/Src/stm32f1xx_ll_usb.o
                0x08005226                USB_ReadPMA
 .text.USBD_CDC_EP0_RxReady
                0x0800525e       0x28 ./Middlewares/ST/STM32_USB_Device_Library/Class/CDC/Src/usbd_cdc.o
 *fill*         0x08005286        0x2 
 .text.USBD_CDC_GetFSCfgDesc
                0x08005288        0xc ./Middlewares/ST/STM32_USB_Device_Library/Class/CDC/Src/usbd_cdc.o
 .text.USBD_CDC_GetHSCfgDesc
                0x08005294        0xc ./Middlewares/ST/STM32_USB_Device_Library/Class/CDC/Src/usbd_cdc.o
 .text.USBD_CDC_GetOtherSpeedCfgDesc
                0x080052a0        0xc ./Middlewares/ST/STM32_USB_Device_Library/Class/CDC/Src/usbd_cdc.o
 .text.USBD_CDC_GetDeviceQualifierDescriptor
                0x080052ac        0xc ./Middlewares/ST/STM32_USB_Device_Library/Class/CDC/Src/usbd_cdc.o
                0x080052ac                USBD_CDC_GetDeviceQualifierDescriptor
 .text.USBD_CDC_DataOut
                0x080052b8       0x2e ./Middlewares/ST/STM32_USB_Device_Library/Class/CDC/Src/usbd_cdc.o
 .text.USBD_CDC_DataIn
                0x080052e6       0x40 ./Middlewares/ST/STM32_USB_Device_Library/Class/CDC/Src/usbd_cdc.o
 .text.USBD_CDC_Setup
                0x08005326       0xa2 ./Middlewares/ST/STM32_USB_Device_Library/Class/CDC/Src/usbd_cdc.o
 .text.USBD_CDC_DeInit
                0x080053c8       0x42 ./Middlewares/ST/STM32_USB_Device_Library/Class/CDC/Src/usbd_cdc.o
 .text.USBD_CDC_Init
                0x0800540a       0x8c ./Middlewares/ST/STM32_USB_Device_Library/Class/CDC/Src/usbd_cdc.o
 .text.USBD_CDC_RegisterInterface
                0x08005496        0xe ./Middlewares/ST/STM32_USB_Device_Library/Class/CDC/Src/usbd_cdc.o
                0x08005496                USBD_CDC_RegisterInterface
 .text.USBD_CDC_SetTxBuffer
                0x080054a4       0x10 ./Middlewares/ST/STM32_USB_Device_Library/Class/CDC/Src/usbd_cdc.o
                0x080054a4                USBD_CDC_SetTxBuffer
 .text.USBD_CDC_SetRxBuffer
                0x080054b4        0xc ./Middlewares/ST/STM32_USB_Device_Library/Class/CDC/Src/usbd_cdc.o
                0x080054b4                USBD_CDC_SetRxBuffer
 .text.USBD_CDC_TransmitPacket
                0x080054c0       0x32 ./Middlewares/ST/STM32_USB_Device_Library/Class/CDC/Src/usbd_cdc.o
                0x080054c0                USBD_CDC_TransmitPacket
 .text.USBD_CDC_ReceivePacket
                0x080054f2       0x26 ./Middlewares/ST/STM32_USB_Device_Library/Class/CDC/Src/usbd_cdc.o
                0x080054f2                USBD_CDC_ReceivePacket
 .text.USBD_Init
                0x08005518       0x2a ./Middlewares/ST/STM32_USB_Device_Library/Core/Src/usbd_core.o
                0x08005518                USBD_Init
 .text.USBD_RegisterClass
                0x08005542        0xe ./Middlewares/ST/STM32_USB_Device_Library/Core/Src/usbd_core.o
                0x08005542                USBD_RegisterClass
 .text.USBD_Start
                0x08005550        0xa ./Middlewares/ST/STM32_USB_Device_Library/Core/Src/usbd_core.o
                0x08005550                USBD_Start
 .text.USBD_SetClassConfig
                0x0800555a       0x1a ./Middlewares/ST/STM32_USB_Device_Library/Core/Src/usbd_core.o
                0x0800555a                USBD_SetClassConfig
 .text.USBD_ClrClassConfig
                0x08005574        0xe ./Middlewares/ST/STM32_USB_Device_Library/Core/Src/usbd_core.o
                0x08005574                USBD_ClrClassConfig
 .text.USBD_LL_SetupStage
                0x08005582       0x5a ./Middlewares/ST/STM32_USB_Device_Library/Core/Src/usbd_core.o
                0x08005582                USBD_LL_SetupStage
 .text.USBD_LL_DataOutStage
                0x080055dc       0x70 ./Middlewares/ST/STM32_USB_Device_Library/Core/Src/usbd_core.o
                0x080055dc                USBD_LL_DataOutStage
 .text.USBD_LL_DataInStage
                0x0800564c       0xb8 ./Middlewares/ST/STM32_USB_Device_Library/Core/Src/usbd_core.o
                0x0800564c                USBD_LL_DataInStage
 .text.USBD_LL_Reset
                0x08005704       0x4e ./Middlewares/ST/STM32_USB_Device_Library/Core/Src/usbd_core.o
                0x08005704                USBD_LL_Reset
 .text.USBD_LL_SetSpeed
                0x08005752        0x6 ./Middlewares/ST/STM32_USB_Device_Library/Core/Src/usbd_core.o
                0x08005752                USBD_LL_SetSpeed
 .text.USBD_LL_Suspend
                0x08005758       0x12 ./Middlewares/ST/STM32_USB_Device_Library/Core/Src/usbd_core.o
                0x08005758                USBD_LL_Suspend
 .text.USBD_LL_Resume
                0x0800576a       0x14 ./Middlewares/ST/STM32_USB_Device_Library/Core/Src/usbd_core.o
                0x0800576a                USBD_LL_Resume
 .text.USBD_LL_SOF
                0x0800577e       0x18 ./Middlewares/ST/STM32_USB_Device_Library/Core/Src/usbd_core.o
                0x0800577e                USBD_LL_SOF
 .text.USBD_CtlError.constprop.0
                0x08005796       0x16 ./Middlewares/ST/STM32_USB_Device_Library/Core/Src/usbd_ctlreq.o
 .text.USBD_StdDevReq
                0x080057ac      0x290 ./Middlewares/ST/STM32_USB_Device_Library/Core/Src/usbd_ctlreq.o
                0x080057ac                USBD_StdDevReq
 .text.USBD_StdItfReq
                0x08005a3c       0x48 ./Middlewares/ST/STM32_USB_Device_Library/Core/Src/usbd_ctlreq.o
                0x08005a3c                USBD_StdItfReq
 .text.USBD_StdEPReq
                0x08005a84      0x118 ./Middlewares/ST/STM32_USB_Device_Library/Core/Src/usbd_ctlreq.o
                0x08005a84                USBD_StdEPReq
 .text.USBD_ParseSetupRequest
                0x08005b9c       0x16 ./Middlewares/ST/STM32_USB_Device_Library/Core/Src/usbd_ctlreq.o
                0x08005b9c                USBD_ParseSetupRequest
 .text.USBD_CtlError
                0x08005bb2       0x16 ./Middlewares/ST/STM32_USB_Device_Library/Core/Src/usbd_ctlreq.o
                0x08005bb2                USBD_CtlError
 .text.USBD_GetString
                0x08005bc8       0x38 ./Middlewares/ST/STM32_USB_Device_Library/Core/Src/usbd_ctlreq.o
                0x08005bc8                USBD_GetString
 .text.USBD_CtlSendData
                0x08005c00       0x1a ./Middlewares/ST/STM32_USB_Device_Library/Core/Src/usbd_ioreq.o
                0x08005c00                USBD_CtlSendData
 .text.USBD_CtlContinueSendData
                0x08005c1a       0x10 ./Middlewares/ST/STM32_USB_Device_Library/Core/Src/usbd_ioreq.o
                0x08005c1a                USBD_CtlContinueSendData
 .text.USBD_CtlPrepareRx
                0x08005c2a       0x1a ./Middlewares/ST/STM32_USB_Device_Library/Core/Src/usbd_ioreq.o
                0x08005c2a                USBD_CtlPrepareRx
 .text.USBD_CtlContinueRx
                0x08005c44       0x10 ./Middlewares/ST/STM32_USB_Device_Library/Core/Src/usbd_ioreq.o
                0x08005c44                USBD_CtlContinueRx
 .text.USBD_CtlSendStatus
                0x08005c54       0x16 ./Middlewares/ST/STM32_USB_Device_Library/Core/Src/usbd_ioreq.o
                0x08005c54                USBD_CtlSendStatus
 .text.USBD_CtlReceiveStatus
                0x08005c6a       0x16 ./Middlewares/ST/STM32_USB_Device_Library/Core/Src/usbd_ioreq.o
                0x08005c6a                USBD_CtlReceiveStatus
 .text.MX_USB_DEVICE_Init
                0x08005c80       0x50 ./USB_DEVICE/App/usb_device.o
                0x08005c80                MX_USB_DEVICE_Init
 .text.CDC_DeInit_FS
                0x08005cd0        0x4 ./USB_DEVICE/App/usbd_cdc_if.o
 .text.CDC_Control_FS
                0x08005cd4        0x4 ./USB_DEVICE/App/usbd_cdc_if.o
 .text.CDC_Receive_FS
                0x08005cd8       0x34 ./USB_DEVICE/App/usbd_cdc_if.o
 .text.CDC_Init_FS
                0x08005d0c       0x28 ./USB_DEVICE/App/usbd_cdc_if.o
 .text.CDC_Transmit_FS
                0x08005d34       0x2c ./USB_DEVICE/App/usbd_cdc_if.o
                0x08005d34                CDC_Transmit_FS
 .text.USBD_FS_DeviceDescriptor
                0x08005d60        0xc ./USB_DEVICE/App/usbd_desc.o
                0x08005d60                USBD_FS_DeviceDescriptor
 .text.USBD_FS_LangIDStrDescriptor
                0x08005d6c        0xc ./USB_DEVICE/App/usbd_desc.o
                0x08005d6c                USBD_FS_LangIDStrDescriptor
 .text.IntToUnicode
                0x08005d78       0x2a ./USB_DEVICE/App/usbd_desc.o
 *fill*         0x08005da2        0x2 
 .text.USBD_FS_SerialStrDescriptor
                0x08005da4       0x3c ./USB_DEVICE/App/usbd_desc.o
                0x08005da4                USBD_FS_SerialStrDescriptor
 .text.USBD_FS_ManufacturerStrDescriptor
                0x08005de0       0x1c ./USB_DEVICE/App/usbd_desc.o
                0x08005de0                USBD_FS_ManufacturerStrDescriptor
 .text.USBD_FS_ProductStrDescriptor
                0x08005dfc       0x1c ./USB_DEVICE/App/usbd_desc.o
                0x08005dfc                USBD_FS_ProductStrDescriptor
 .text.USBD_FS_ConfigStrDescriptor
                0x08005e18       0x1c ./USB_DEVICE/App/usbd_desc.o
                0x08005e18                USBD_FS_ConfigStrDescriptor
 .text.USBD_FS_InterfaceStrDescriptor
                0x08005e34       0x1c ./USB_DEVICE/App/usbd_desc.o
                0x08005e34                USBD_FS_InterfaceStrDescriptor
 .text.USBD_Get_USB_Status
                0x08005e50        0xc ./USB_DEVICE/Target/usbd_conf.o
 .text.HAL_PCD_MspInit
                0x08005e5c       0x40 ./USB_DEVICE/Target/usbd_conf.o
                0x08005e5c                HAL_PCD_MspInit
 .text.HAL_PCD_SetupStageCallback
                0x08005e9c        0xc ./USB_DEVICE/Target/usbd_conf.o
                0x08005e9c                HAL_PCD_SetupStageCallback
 .text.HAL_PCD_DataOutStageCallback
                0x08005ea8       0x12 ./USB_DEVICE/Target/usbd_conf.o
                0x08005ea8                HAL_PCD_DataOutStageCallback
 .text.HAL_PCD_DataInStageCallback
                0x08005eba       0x10 ./USB_DEVICE/Target/usbd_conf.o
                0x08005eba                HAL_PCD_DataInStageCallback
 .text.HAL_PCD_SOFCallback
                0x08005eca        0x8 ./USB_DEVICE/Target/usbd_conf.o
                0x08005eca                HAL_PCD_SOFCallback
 .text.HAL_PCD_ResetCallback
                0x08005ed2       0x24 ./USB_DEVICE/Target/usbd_conf.o
                0x08005ed2                HAL_PCD_ResetCallback
 *fill*         0x08005ef6        0x2 
 .text.HAL_PCD_SuspendCallback
                0x08005ef8       0x20 ./USB_DEVICE/Target/usbd_conf.o
                0x08005ef8                HAL_PCD_SuspendCallback
 .text.HAL_PCD_ResumeCallback
                0x08005f18        0x8 ./USB_DEVICE/Target/usbd_conf.o
                0x08005f18                HAL_PCD_ResumeCallback
 .text.USBD_LL_Init
                0x08005f20       0x80 ./USB_DEVICE/Target/usbd_conf.o
                0x08005f20                USBD_LL_Init
 .text.USBD_LL_Start
                0x08005fa0       0x12 ./USB_DEVICE/Target/usbd_conf.o
                0x08005fa0                USBD_LL_Start
 .text.USBD_LL_OpenEP
                0x08005fb2       0x18 ./USB_DEVICE/Target/usbd_conf.o
                0x08005fb2                USBD_LL_OpenEP
 .text.USBD_LL_CloseEP
                0x08005fca       0x12 ./USB_DEVICE/Target/usbd_conf.o
                0x08005fca                USBD_LL_CloseEP
 .text.USBD_LL_StallEP
                0x08005fdc       0x12 ./USB_DEVICE/Target/usbd_conf.o
                0x08005fdc                USBD_LL_StallEP
 .text.USBD_LL_ClearStallEP
                0x08005fee       0x12 ./USB_DEVICE/Target/usbd_conf.o
                0x08005fee                USBD_LL_ClearStallEP
 .text.USBD_LL_IsStallEP
                0x08006000       0x22 ./USB_DEVICE/Target/usbd_conf.o
                0x08006000                USBD_LL_IsStallEP
 .text.USBD_LL_SetUSBAddress
                0x08006022       0x12 ./USB_DEVICE/Target/usbd_conf.o
                0x08006022                USBD_LL_SetUSBAddress
 .text.USBD_LL_Transmit
                0x08006034       0x12 ./USB_DEVICE/Target/usbd_conf.o
                0x08006034                USBD_LL_Transmit
 .text.USBD_LL_PrepareReceive
                0x08006046       0x12 ./USB_DEVICE/Target/usbd_conf.o
                0x08006046                USBD_LL_PrepareReceive
 .text.USBD_LL_GetRxDataSize
                0x08006058        0x8 ./USB_DEVICE/Target/usbd_conf.o
                0x08006058                USBD_LL_GetRxDataSize
 .text.USBD_static_malloc
                0x08006060        0x8 ./USB_DEVICE/Target/usbd_conf.o
                0x08006060                USBD_static_malloc
 .text.USBD_static_free
                0x08006068        0x2 ./USB_DEVICE/Target/usbd_conf.o
                0x08006068                USBD_static_free
 .text.HAL_PCDEx_SetConnectionState
                0x0800606a        0x2 ./USB_DEVICE/Target/usbd_conf.o
                0x0800606a                HAL_PCDEx_SetConnectionState
 .text.sprintf  0x0800606c       0x44 C:/ST/STM32CubeIDE_2.0.0/STM32CubeIDE/plugins/com.st.stm32cube.ide.mcu.externaltools.gnu-tools-for-stm32.13.3.rel1.win32_1.0.100.202509120712/tools/bin/../lib/gcc/arm-none-eabi/13.3.1/../../../../arm-none-eabi/lib/thumb/v7-m/nofp\libc_nano.a(libc_a-sprintf.o)
                0x0800606c                siprintf
                0x0800606c                sprintf
 .text.sscanf   0x080060b0       0x58 C:/ST/STM32CubeIDE_2.0.0/STM32CubeIDE/plugins/com.st.stm32cube.ide.mcu.externaltools.gnu-tools-for-stm32.13.3.rel1.win32_1.0.100.202509120712/tools/bin/../lib/gcc/arm-none-eabi/13.3.1/../../../../arm-none-eabi/lib/thumb/v7-m/nofp\libc_nano.a(libc_a-sscanf.o)
                0x080060b0                siscanf
                0x080060b0                sscanf
 .text.__seofread
                0x08006108        0x4 C:/ST/STM32CubeIDE_2.0.0/STM32CubeIDE/plugins/com.st.stm32cube.ide.mcu.externaltools.gnu-tools-for-stm32.13.3.rel1.win32_1.0.100.202509120712/tools/bin/../lib/gcc/arm-none-eabi/13.3.1/../../../../arm-none-eabi/lib/thumb/v7-m/nofp\libc_nano.a(libc_a-stdio.o)
                0x08006108                __seofread
 .text._vsnprintf_r
                0x0800610c       0x5c C:/ST/STM32CubeIDE_2.0.0/STM32CubeIDE/plugins/com.st.stm32cube.ide.mcu.externaltools.gnu-tools-for-stm32.13.3.rel1.win32_1.0.100.202509120712/tools/bin/../lib/gcc/arm-none-eabi/13.3.1/../../../../arm-none-eabi/lib/thumb/v7-m/nofp\libc_nano.a(libc_a-vsnprintf.o)
                0x0800610c                _vsniprintf_r
                0x0800610c                _vsnprintf_r
 .text.vsnprintf
                0x08006168       0x1c C:/ST/STM32CubeIDE_2.0.0/STM32CubeIDE/plugins/com.st.stm32cube.ide.mcu.externaltools.gnu-tools-for-stm32.13.3.rel1.win32_1.0.100.202509120712/tools/bin/../lib/gcc/arm-none-eabi/13.3.1/../../../../arm-none-eabi/lib/thumb/v7-m/nofp\libc_nano.a(libc_a-vsnprintf.o)
                0x08006168                vsniprintf
                0x08006168                vsnprintf
 .text.memcmp   0x08006184       0x20 C:/ST/STM32CubeIDE_2.0.0/STM32CubeIDE/plugins/com.st.stm32cube.ide.mcu.externaltools.gnu-tools-for-stm32.13.3.rel1.win32_1.0.100.202509120712/tools/bin/../lib/gcc/arm-none-eabi/13.3.1/../../../../arm-none-eabi/lib/thumb/v7-m/nofp\libc_nano.a(libc_a-memcmp.o)
                0x08006184                memcmp
 .text.memset   0x080061a4       0x10 C:/ST/STM32CubeIDE_2.0.0/STM32CubeIDE/plugins/com.st.stm32cube.ide.mcu.externaltools.gnu-tools-for-stm32.13.3.rel1.win32_1.0.100.202509120712/tools/bin/../lib/gcc/arm-none-eabi/13.3.1/../../../../arm-none-eabi/lib/thumb/v7-m/nofp\libc_nano.a(libc_a-memset.o)
                0x080061a4                memset
 .text.strstr   0x080061b4       0x2c C:/ST/STM32CubeIDE_2.0.0/STM32CubeIDE/plugins/com.st.stm32cube.ide.mcu.externaltools.gnu-tools-for-stm32.13.3.rel1.win32_1.0.100.202509120712/tools/bin/../lib/gcc/arm-none-eabi/13.3.1/../../../../arm-none-eabi/lib/thumb/v7-m/nofp\libc_nano.a(libc_a-strstr.o)
                0x080061b4                strstr
 .text.__errno  0x080061e0        0xc C:/ST/STM32CubeIDE_2.0.0/STM32CubeIDE/plugins/com.st.stm32cube.ide.mcu.externaltools.gnu-tools-for-stm32.13.3.rel1.win32_1.0.100.202509120712/tools/bin/../lib/gcc/arm-none-eabi/13.3.1/../../../../arm-none-eabi/lib/thumb/v7-m/nofp\libc_nano.a(libc_a-errno.o)
                0x080061e0                __errno
 .text.__libc_init_array
                0x080061ec       0x48 C:/ST/STM32CubeIDE_2.0.0/STM32CubeIDE/plugins/com.st.stm32cube.ide.mcu.externaltools.gnu-tools-for-stm32.13.3.rel1.win32_1.0.100.202509120712/tools/bin/../lib/gcc/arm-none-eabi/13.3.1/../../../../arm-none-eabi/lib/thumb/v7-m/nofp\libc_nano.a(libc_a-init.o)
                0x080061ec                __libc_init_array
 .text.__retarget_lock_acquire_recursive
                0x08006234        0x2 C:/ST/STM32CubeIDE_2.0.0/STM32CubeIDE/plugins/com.st.stm32cube.ide.mcu.externaltools.gnu-tools-for-stm32.13.3.rel1.win32_1.0.100.202509120712/tools/bin/../lib/gcc/arm-none-eabi/13.3.1/../../../../arm-none-eabi/lib/thumb/v7-m/nofp\libc_nano.a(libc_a-lock.o)
                0x08006234                __retarget_lock_acquire_recursive
 .text.__retarget_lock_release_recursive
                0x08006236        0x2 C:/ST/STM32CubeIDE_2.0.0/STM32CubeIDE/plugins/com.st.stm32cube.ide.mcu.externaltools.gnu-tools-for-stm32.13.3.rel1.win32_1.0.100.202509120712/tools/bin/../lib/gcc/arm-none-eabi/13.3.1/../../../../arm-none-eabi/lib/thumb/v7-m/nofp\libc_nano.a(libc_a-lock.o)
                0x08006236                __retarget_lock_release_recursive
 .text._free_r  0x08006238       0x90 C:/ST/STM32CubeIDE_2.0.0/STM32CubeIDE/plugins/com.st.stm32cube.ide.mcu.externaltools.gnu-tools-for-stm32.13.3.rel1.win32_1.0.100.202509120712/tools/bin/../lib/gcc/arm-none-eabi/13.3.1/../../../../arm-none-eabi/lib/thumb/v7-m/nofp\libc_nano.a(libc_a-freer.o)
                0x08006238                _free_r
 .text.sbrk_aligned
                0x080062c8       0x44 C:/ST/STM32CubeIDE_2.0.0/STM32CubeIDE/plugins/com.st.stm32cube.ide.mcu.externaltools.gnu-tools-for-stm32.13.3.rel1.win32_1.0.100.202509120712/tools/bin/../lib/gcc/arm-none-eabi/13.3.1/../../../../arm-none-eabi/lib/thumb/v7-m/nofp\libc_nano.a(libc_a-mallocr.o)
 .text._malloc_r
                0x0800630c      0x100 C:/ST/STM32CubeIDE_2.0.0/STM32CubeIDE/plugins/com.st.stm32cube.ide.mcu.externaltools.gnu-tools-for-stm32.13.3.rel1.win32_1.0.100.202509120712/tools/bin/../lib/gcc/arm-none-eabi/13.3.1/../../../../arm-none-eabi/lib/thumb/v7-m/nofp\libc_nano.a(libc_a-mallocr.o)
                0x0800630c                _malloc_r
 .text.__malloc_lock
                0x0800640c        0xc C:/ST/STM32CubeIDE_2.0.0/STM32CubeIDE/plugins/com.st.stm32cube.ide.mcu.externaltools.gnu-tools-for-stm32.13.3.rel1.win32_1.0.100.202509120712/tools/bin/../lib/gcc/arm-none-eabi/13.3.1/../../../../arm-none-eabi/lib/thumb/v7-m/nofp\libc_nano.a(libc_a-mlock.o)
                0x0800640c                __malloc_lock
 .text.__malloc_unlock
                0x08006418        0xc C:/ST/STM32CubeIDE_2.0.0/STM32CubeIDE/plugins/com.st.stm32cube.ide.mcu.externaltools.gnu-tools-for-stm32.13.3.rel1.win32_1.0.100.202509120712/tools/bin/../lib/gcc/arm-none-eabi/13.3.1/../../../../arm-none-eabi/lib/thumb/v7-m/nofp\libc_nano.a(libc_a-mlock.o)
                0x08006418                __malloc_unlock
 .text.__ssputs_r
                0x08006424       0xb6 C:/ST/STM32CubeIDE_2.0.0/STM32CubeIDE/plugins/com.st.stm32cube.ide.mcu.externaltools.gnu-tools-for-stm32.13.3.rel1.win32_1.0.100.202509120712/tools/bin/../lib/gcc/arm-none-eabi/13.3.1/../../../../arm-none-eabi/lib/thumb/v7-m/nofp\libc_nano.a(libc_a-nano-svfprintf.o)
                0x08006424                __ssputs_r
 *fill*         0x080064da        0x2 
 .text._svfprintf_r
                0x080064dc      0x1f8 C:/ST/STM32CubeIDE_2.0.0/STM32CubeIDE/plugins/com.st.stm32cube.ide.mcu.externaltools.gnu-tools-for-stm32.13.3.rel1.win32_1.0.100.202509120712/tools/bin/../lib/gcc/arm-none-eabi/13.3.1/../../../../arm-none-eabi/lib/thumb/v7-m/nofp\libc_nano.a(libc_a-nano-svfprintf.o)
                0x080064dc                _svfiprintf_r
                0x080064dc                _svfprintf_r
 .text._sungetc_r
                0x080066d4       0x7a C:/ST/STM32CubeIDE_2.0.0/STM32CubeIDE/plugins/com.st.stm32cube.ide.mcu.externaltools.gnu-tools-for-stm32.13.3.rel1.win32_1.0.100.202509120712/tools/bin/../lib/gcc/arm-none-eabi/13.3.1/../../../../arm-none-eabi/lib/thumb/v7-m/nofp\libc_nano.a(libc_a-nano-svfscanf.o)
                0x080066d4                _sungetc_r
 .text.__ssrefill_r
                0x0800674e       0x3a C:/ST/STM32CubeIDE_2.0.0/STM32CubeIDE/plugins/com.st.stm32cube.ide.mcu.externaltools.gnu-tools-for-stm32.13.3.rel1.win32_1.0.100.202509120712/tools/bin/../lib/gcc/arm-none-eabi/13.3.1/../../../../arm-none-eabi/lib/thumb/v7-m/nofp\libc_nano.a(libc_a-nano-svfscanf.o)
                0x0800674e                __ssrefill_r
 .text.__ssvfscanf_r
                0x08006788      0x2e8 C:/ST/STM32CubeIDE_2.0.0/STM32CubeIDE/plugins/com.st.stm32cube.ide.mcu.externaltools.gnu-tools-for-stm32.13.3.rel1.win32_1.0.100.202509120712/tools/bin/../lib/gcc/arm-none-eabi/13.3.1/../../../../arm-none-eabi/lib/thumb/v7-m/nofp\libc_nano.a(libc_a-nano-svfscanf.o)
                0x08006788                __ssvfiscanf_r
                0x08006788                __ssvfscanf_r
 .text._printf_common
                0x08006a70       0xe4 C:/ST/STM32CubeIDE_2.0.0/STM32CubeIDE/plugins/com.st.stm32cube.ide.mcu.externaltools.gnu-tools-for-stm32.13.3.rel1.win32_1.0.100.202509120712/tools/bin/../lib/gcc/arm-none-eabi/13.3.1/../../../../arm-none-eabi/lib/thumb/v7-m/nofp\libc_nano.a(libc_a-nano-vfprintf_i.o)
                0x08006a70                _printf_common
 .text._printf_i
                0x08006b54      0x23c C:/ST/STM32CubeIDE_2.0.0/STM32CubeIDE/plugins/com.st.stm32cube.ide.mcu.externaltools.gnu-tools-for-stm32.13.3.rel1.win32_1.0.100.202509120712/tools/bin/../lib/gcc/arm-none-eabi/13.3.1/../../../../arm-none-eabi/lib/thumb/v7-m/nofp\libc_nano.a(libc_a-nano-vfprintf_i.o)
                0x08006b54                _printf_i
 .text._scanf_chars
                0x08006d90       0xb4 C:/ST/STM32CubeIDE_2.0.0/STM32CubeIDE/plugins/com.st.stm32cube.ide.mcu.externaltools.gnu-tools-for-stm32.13.3.rel1.win32_1.0.100.202509120712/tools/bin/../lib/gcc/arm-none-eabi/13.3.1/../../../../arm-none-eabi/lib/thumb/v7-m/nofp\libc_nano.a(libc_a-nano-vfscanf_i.o)
                0x08006d90                _scanf_chars
 .text._scanf_i
                0x08006e44      0x1e4 C:/ST/STM32CubeIDE_2.0.0/STM32CubeIDE/plugins/com.st.stm32cube.ide.mcu.externaltools.gnu-tools-for-stm32.13.3.rel1.win32_1.0.100.202509120712/tools/bin/../lib/gcc/arm-none-eabi/13.3.1/../../../../arm-none-eabi/lib/thumb/v7-m/nofp\libc_nano.a(libc_a-nano-vfscanf_i.o)
                0x08006e44                _scanf_i
 .text.__sccl   0x08007028       0x72 C:/ST/STM32CubeIDE_2.0.0/STM32CubeIDE/plugins/com.st.stm32cube.ide.mcu.externaltools.gnu-tools-for-stm32.13.3.rel1.win32_1.0.100.202509120712/tools/bin/../lib/gcc/arm-none-eabi/13.3.1/../../../../arm-none-eabi/lib/thumb/v7-m/nofp\libc_nano.a(libc_a-sccl.o)
                0x08007028                __sccl
 .text.__submore
                0x0800709a       0x70 C:/ST/STM32CubeIDE_2.0.0/STM32CubeIDE/plugins/com.st.stm32cube.ide.mcu.externaltools.gnu-tools-for-stm32.13.3.rel1.win32_1.0.100.202509120712/tools/bin/../lib/gcc/arm-none-eabi/13.3.1/../../../../arm-none-eabi/lib/thumb/v7-m/nofp\libc_nano.a(libc_a-ungetc.o)
                0x0800709a                __submore
 .text.memmove  0x0800710a       0x34 C:/ST/STM32CubeIDE_2.0.0/STM32CubeIDE/plugins/com.st.stm32cube.ide.mcu.externaltools.gnu-tools-for-stm32.13.3.rel1.win32_1.0.100.202509120712/tools/bin/../lib/gcc/arm-none-eabi/13.3.1/../../../../arm-none-eabi/lib/thumb/v7-m/nofp\libc_nano.a(libc_a-memmove.o)
                0x0800710a                memmove
 *fill*         0x0800713e        0x2 
 .text._sbrk_r  0x08007140       0x20 C:/ST/STM32CubeIDE_2.0.0/STM32CubeIDE/plugins/com.st.stm32cube.ide.mcu.externaltools.gnu-tools-for-stm32.13.3.rel1.win32_1.0.100.202509120712/tools/bin/../lib/gcc/arm-none-eabi/13.3.1/../../../../arm-none-eabi/lib/thumb/v7-m/nofp\libc_nano.a(libc_a-sbrkr.o)
                0x08007140                _sbrk_r
 .text.memchr   0x08007160       0x1c C:/ST/STM32CubeIDE_2.0.0/STM32CubeIDE/plugins/com.st.stm32cube.ide.mcu.externaltools.gnu-tools-for-stm32.13.3.rel1.win32_1.0.100.202509120712/tools/bin/../lib/gcc/arm-none-eabi/13.3.1/../../../../arm-none-eabi/lib/thumb/v7-m/nofp\libc_nano.a(libc_a-memchr-stub.o)
                0x08007160                memchr
 .text.memcpy   0x0800717c       0x1c C:/ST/STM32CubeIDE_2.0.0/STM32CubeIDE/plugins/com.st.stm32cube.ide.mcu.externaltools.gnu-tools-for-stm32.13.3.rel1.win32_1.0.100.202509120712/tools/bin/../lib/gcc/arm-none-eabi/13.3.1/../../../../arm-none-eabi/lib/thumb/v7-m/nofp\libc_nano.a(libc_a-memcpy-stub.o)
                0x0800717c                memcpy
 .text._realloc_r
                0x08007198       0x5c C:/ST/STM32CubeIDE_2.0.0/STM32CubeIDE/plugins/com.st.stm32cube.ide.mcu.externaltools.gnu-tools-for-stm32.13.3.rel1.win32_1.0.100.202509120712/tools/bin/../lib/gcc/arm-none-eabi/13.3.1/../../../../arm-none-eabi/lib/thumb/v7-m/nofp\libc_nano.a(libc_a-reallocr.o)
                0x08007198                _realloc_r
 .text._strtol_l.isra.0
                0x080071f4       0xf4 C:/ST/STM32CubeIDE_2.0.0/STM32CubeIDE/plugins/com.st.stm32cube.ide.mcu.externaltools.gnu-tools-for-stm32.13.3.rel1.win32_1.0.100.202509120712/tools/bin/../lib/gcc/arm-none-eabi/13.3.1/../../../../arm-none-eabi/lib/thumb/v7-m/nofp\libc_nano.a(libc_a-strtol.o)
 .text._strtol_r
                0x080072e8        0x4 C:/ST/STM32CubeIDE_2.0.0/STM32CubeIDE/plugins/com.st.stm32cube.ide.mcu.externaltools.gnu-tools-for-stm32.13.3.rel1.win32_1.0.100.202509120712/tools/bin/../lib/gcc/arm-none-eabi/13.3.1/../../../../arm-none-eabi/lib/thumb/v7-m/nofp\libc_nano.a(libc_a-strtol.o)
                0x080072e8                _strtol_r
 .text._strtoul_l.isra.0
                0x080072ec       0xdc C:/ST/STM32CubeIDE_2.0.0/STM32CubeIDE/plugins/com.st.stm32cube.ide.mcu.externaltools.gnu-tools-for-stm32.13.3.rel1.win32_1.0.100.202509120712/tools/bin/../lib/gcc/arm-none-eabi/13.3.1/../../../../arm-none-eabi/lib/thumb/v7-m/nofp\libc_nano.a(libc_a-strtoul.o)
 .text._strtoul_r
                0x080073c8        0x4 C:/ST/STM32CubeIDE_2.0.0/STM32CubeIDE/plugins/com.st.stm32cube.ide.mcu.externaltools.gnu-tools-for-stm32.13.3.rel1.win32_1.0.100.202509120712/tools/bin/../lib/gcc/arm-none-eabi/13.3.1/../../../../arm-none-eabi/lib/thumb/v7-m/nofp\libc_nano.a(libc_a-strtoul.o)
                0x080073c8                _strtoul_r
 .text._malloc_usable_size_r
                0x080073cc       0x10 C:/ST/STM32CubeIDE_2.0.0/STM32CubeIDE/plugins/com.st.stm32cube.ide.mcu.externaltools.gnu-tools-for-stm32.13.3.rel1.win32_1.0.100.202509120712/tools/bin/../lib/gcc/arm-none-eabi/13.3.1/../../../../arm-none-eabi/lib/thumb/v7-m/nofp\libc_nano.a(libc_a-msizer.o)
                0x080073cc                _malloc_usable_size_r
 *(.glue_7)
 .glue_7        0x080073dc        0x0 linker stubs
 *(.glue_7t)
 .glue_7t       0x080073dc        0x0 linker stubs
 *(.eh_frame)
 .eh_frame      0x080073dc        0x0 C:/ST/STM32CubeIDE_2.0.0/STM32CubeIDE/plugins/com.st.stm32cube.ide.mcu.externaltools.gnu-tools-for-stm32.13.3.rel1.win32_1.0.100.202509120712/tools/bin/../lib/gcc/arm-none-eabi/13.3.1/thumb/v7-m/nofp/crtbegin.o
 *(.init)
 .init          0x080073dc        0x4 C:/ST/STM32CubeIDE_2.0.0/STM32CubeIDE/plugins/com.st.stm32cube.ide.mcu.externaltools.gnu-tools-for-stm32.13.3.rel1.win32_1.0.100.202509120712/tools/bin/../lib/gcc/arm-none-eabi/13.3.1/thumb/v7-m/nofp/crti.o
                0x080073dc                _init
 .init          0x080073e0        0x8 C:/ST/STM32CubeIDE_2.0.0/STM32CubeIDE/plugins/com.st.stm32cube.ide.mcu.externaltools.gnu-tools-for-stm32.13.3.rel1.win32_1.0.100.202509120712/tools/bin/../lib/gcc/arm-none-eabi/13.3.1/thumb/v7-m/nofp/crtn.o
 *(.fini)
 .fini          0x080073e8        0x4 C:/ST/STM32CubeIDE_2.0.0/STM32CubeIDE/plugins/com.st.stm32cube.ide.mcu.externaltools.gnu-tools-for-stm32.13.3.rel1.win32_1.0.100.202509120712/tools/bin/../lib/gcc/arm-none-eabi/13.3.1/thumb/v7-m/nofp/crti.o
                0x080073e8                _fini
 .fini          0x080073ec        0x8 C:/ST/STM32CubeIDE_2.0.0/STM32CubeIDE/plugins/com.st.stm32cube.ide.mcu.externaltools.gnu-tools-for-stm32.13.3.rel1.win32_1.0.100.202509120712/tools/bin/../lib/gcc/arm-none-eabi/13.3.1/thumb/v7-m/nofp/crtn.o
                0x080073f4                        . = ALIGN (0x4)
                0x080073f4                        _etext = .

.vfp11_veneer   0x080073f4        0x0
 .vfp11_veneer  0x080073f4        0x0 linker stubs

.v4_bx          0x080073f4        0x0
 .v4_bx         0x080073f4        0x0 linker stubs

.iplt           0x080073f4        0x0
 .iplt          0x080073f4        0x0 C:/ST/STM32CubeIDE_2.0.0/STM32CubeIDE/plugins/com.st.stm32cube.ide.mcu.externaltools.gnu-tools-for-stm32.13.3.rel1.win32_1.0.100.202509120712/tools/bin/../lib/gcc/arm-none-eabi/13.3.1/thumb/v7-m/nofp/crtbegin.o

.rodata         0x080073f4      0x378
                0x080073f4                        . = ALIGN (0x4)
 *(.rodata)
 .rodata        0x080073f4       0x10 ./Core/App/app_ethernet.o
 .rodata        0x08007404        0xc C:/ST/STM32CubeIDE_2.0.0/STM32CubeIDE/plugins/com.st.stm32cube.ide.mcu.externaltools.gnu-tools-for-stm32.13.3.rel1.win32_1.0.100.202509120712/tools/bin/../lib/gcc/arm-none-eabi/13.3.1/../../../../arm-none-eabi/lib/thumb/v7-m/nofp\libc_nano.a(libc_a-nano-vfscanf_i.o)
 *(.rodata*)
 .rodata.cb_ip_conflict.str1.1
                0x08007410      0x238 ./Core/App/app_ethernet.o
                                 0x15 (size before relaxing)
 .rodata.cb_ip_assigned.str1.1
                0x08007648        0x0 ./Core/App/app_ethernet.o
                                 0x21 (size before relaxing)
 .rodata.handle_pc_socket.str1.1
                0x08007648        0x0 ./Core/App/app_ethernet.o
                                0x11b (size before relaxing)
 .rodata.App_Ethernet_Init.str1.1
                0x08007648        0x0 ./Core/App/app_ethernet.o
                                  0xc (size before relaxing)
 .rodata.Ethernet_UDP_Periodic_Task.str1.1
                0x08007648        0x0 ./Core/App/app_ethernet.o
                                 0x39 (size before relaxing)
 .rodata.AHBPrescTable
                0x08007648       0x10 ./Core/Src/system_stm32f1xx.o
                0x08007648                AHBPrescTable
 .rodata.check_DHCP_leasedIP.str1.1
                0x08007658        0x0 ./Core/WIZNET/Internet/DHCP/dhcp.o
                                 0x12 (size before relaxing)
 .rodata.aPredivFactorTable.0
                0x08007658        0x2 ./Drivers/STM32F1xx_HAL_Driver/Src/stm32f1xx_hal_rcc.o
 .rodata.aPLLMULFactorTable.1
                0x0800765a       0x10 ./Drivers/STM32F1xx_HAL_Driver/Src/stm32f1xx_hal_rcc.o
 .rodata.USBD_FS_ManufacturerStrDescriptor.str1.1
                0x0800766a        0x0 ./USB_DEVICE/App/usbd_desc.o
                                 0x13 (size before relaxing)
 .rodata.USBD_FS_ProductStrDescriptor.str1.1
                0x0800766a        0x0 ./USB_DEVICE/App/usbd_desc.o
                                 0x16 (size before relaxing)
 .rodata.USBD_FS_ConfigStrDescriptor.str1.1
                0x0800766a        0x0 ./USB_DEVICE/App/usbd_desc.o
                                  0xb (size before relaxing)
 .rodata.USBD_FS_InterfaceStrDescriptor.str1.1
                0x0800766a        0x0 ./USB_DEVICE/App/usbd_desc.o
                                  0xe (size before relaxing)
 .rodata._svfprintf_r.str1.1
                0x0800766a        0x0 C:/ST/STM32CubeIDE_2.0.0/STM32CubeIDE/plugins/com.st.stm32cube.ide.mcu.externaltools.gnu-tools-for-stm32.13.3.rel1.win32_1.0.100.202509120712/tools/bin/../lib/gcc/arm-none-eabi/13.3.1/../../../../arm-none-eabi/lib/thumb/v7-m/nofp\libc_nano.a(libc_a-nano-svfprintf.o)
                                 0x11 (size before relaxing)
 .rodata.__ssvfscanf_r.str1.1
                0x0800766a        0x0 C:/ST/STM32CubeIDE_2.0.0/STM32CubeIDE/plugins/com.st.stm32cube.ide.mcu.externaltools.gnu-tools-for-stm32.13.3.rel1.win32_1.0.100.202509120712/tools/bin/../lib/gcc/arm-none-eabi/13.3.1/../../../../arm-none-eabi/lib/thumb/v7-m/nofp\libc_nano.a(libc_a-nano-svfscanf.o)
                                  0x4 (size before relaxing)
 .rodata._printf_i.str1.1
                0x0800766a        0x0 C:/ST/STM32CubeIDE_2.0.0/STM32CubeIDE/plugins/com.st.stm32cube.ide.mcu.externaltools.gnu-tools-for-stm32.13.3.rel1.win32_1.0.100.202509120712/tools/bin/../lib/gcc/arm-none-eabi/13.3.1/../../../../arm-none-eabi/lib/thumb/v7-m/nofp\libc_nano.a(libc_a-nano-vfprintf_i.o)
                                 0x22 (size before relaxing)
 .rodata._scanf_i.str1.1
                0x0800766a        0x0 C:/ST/STM32CubeIDE_2.0.0/STM32CubeIDE/plugins/com.st.stm32cube.ide.mcu.externaltools.gnu-tools-for-stm32.13.3.rel1.win32_1.0.100.202509120712/tools/bin/../lib/gcc/arm-none-eabi/13.3.1/../../../../arm-none-eabi/lib/thumb/v7-m/nofp\libc_nano.a(libc_a-nano-vfscanf_i.o)
                                 0x12 (size before relaxing)
 .rodata.str1.1
                0x0800766a        0x0 C:/ST/STM32CubeIDE_2.0.0/STM32CubeIDE/plugins/com.st.stm32cube.ide.mcu.externaltools.gnu-tools-for-stm32.13.3.rel1.win32_1.0.100.202509120712/tools/bin/../lib/gcc/arm-none-eabi/13.3.1/../../../../arm-none-eabi/lib/thumb/v7-m/nofp\libc_nano.a(libc_a-nano-vfscanf_i.o)
                                  0x9 (size before relaxing)
 .rodata._ctype_
                0x0800766a      0x101 C:/ST/STM32CubeIDE_2.0.0/STM32CubeIDE/plugins/com.st.stm32cube.ide.mcu.externaltools.gnu-tools-for-stm32.13.3.rel1.win32_1.0.100.202509120712/tools/bin/../lib/gcc/arm-none-eabi/13.3.1/../../../../arm-none-eabi/lib/thumb/v7-m/nofp\libc_nano.a(libc_a-ctype_.o)
                0x0800766a                _ctype_
                0x0800776c                        . = ALIGN (0x4)
 *fill*         0x0800776b        0x1 

.ARM.extab      0x0800776c        0x0
                0x0800776c                        . = ALIGN (0x4)
 *(.ARM.extab* .gnu.linkonce.armextab.*)
                0x0800776c                        . = ALIGN (0x4)

.ARM            0x0800776c        0x8
                0x0800776c                        . = ALIGN (0x4)
                0x0800776c                        __exidx_start = .
 *(.ARM.exidx*)
 .ARM.exidx     0x0800776c        0x8 C:/ST/STM32CubeIDE_2.0.0/STM32CubeIDE/plugins/com.st.stm32cube.ide.mcu.externaltools.gnu-tools-for-stm32.13.3.rel1.win32_1.0.100.202509120712/tools/bin/../lib/gcc/arm-none-eabi/13.3.1/../../../../arm-none-eabi/lib/thumb/v7-m/nofp\libc_nano.a(libc_a-strlen.o)
                0x08007774                        __exidx_end = .
                0x08007774                        . = ALIGN (0x4)

.preinit_array  0x08007774        0x0
                0x08007774                        . = ALIGN (0x4)
                0x08007774                        PROVIDE (__preinit_array_start = .)
 *(.preinit_array*)
                0x08007774                        PROVIDE (__preinit_array_end = .)
                0x08007774                        . = ALIGN (0x4)

.init_array     0x08007774        0x4
                0x08007774                        . = ALIGN (0x4)
                0x08007774                        PROVIDE (__init_array_start = .)
 *(SORT_BY_NAME(.init_array.*))
 *(.init_array*)
 .init_array    0x08007774        0x4 C:/ST/STM32CubeIDE_2.0.0/STM32CubeIDE/plugins/com.st.stm32cube.ide.mcu.externaltools.gnu-tools-for-stm32.13.3.rel1.win32_1.0.100.202509120712/tools/bin/../lib/gcc/arm-none-eabi/13.3.1/thumb/v7-m/nofp/crtbegin.o
                0x08007778                        PROVIDE (__init_array_end = .)
                0x08007778                        . = ALIGN (0x4)

.fini_array     0x08007778        0x4
                0x08007778                        . = ALIGN (0x4)
                [!provide]                        PROVIDE (__fini_array_start = .)
 *(SORT_BY_NAME(.fini_array.*))
 *(.fini_array*)
 .fini_array    0x08007778        0x4 C:/ST/STM32CubeIDE_2.0.0/STM32CubeIDE/plugins/com.st.stm32cube.ide.mcu.externaltools.gnu-tools-for-stm32.13.3.rel1.win32_1.0.100.202509120712/tools/bin/../lib/gcc/arm-none-eabi/13.3.1/thumb/v7-m/nofp/crtbegin.o
                [!provide]                        PROVIDE (__fini_array_end = .)
                0x0800777c                        . = ALIGN (0x4)
                0x0800777c                        _sidata = LOADADDR (.data)

.rel.dyn        0x0800777c        0x0
 .rel.iplt      0x0800777c        0x0 C:/ST/STM32CubeIDE_2.0.0/STM32CubeIDE/plugins/com.st.stm32cube.ide.mcu.externaltools.gnu-tools-for-stm32.13.3.rel1.win32_1.0.100.202509120712/tools/bin/../lib/gcc/arm-none-eabi/13.3.1/thumb/v7-m/nofp/crtbegin.o

.data           0x20000000      0x21c load address 0x0800777c
                0x20000000                        . = ALIGN (0x4)
                0x20000000                        _sdata = .
 *(.data)
 *(.data*)
 .data.global_hue
                0x20000000        0x1 ./Core/App/ws2812b.o
                0x20000000                global_hue
 .data.global_brightness
                0x20000001        0x1 ./Core/App/ws2812b.o
                0x20000001                global_brightness
 *fill*         0x20000002        0x2 
 .data.SystemCoreClock
                0x20000004        0x4 ./Core/Src/system_stm32f1xx.o
                0x20000004                SystemCoreClock
 .data.sock_any_port
                0x20000008        0x2 ./Core/WIZNET/Ethernet/socket.o
 *fill*         0x2000000a        0x2 
 .data.WIZCHIP  0x2000000c       0x2c ./Core/WIZNET/Ethernet/wizchip_conf.o
                0x2000000c                WIZCHIP
 .data.dhcp_ip_conflict
                0x20000038        0x4 ./Core/WIZNET/Internet/DHCP/dhcp.o
                0x20000038                dhcp_ip_conflict
 .data.dhcp_ip_update
                0x2000003c        0x4 ./Core/WIZNET/Internet/DHCP/dhcp.o
                0x2000003c                dhcp_ip_update
 .data.dhcp_ip_assign
                0x20000040        0x4 ./Core/WIZNET/Internet/DHCP/dhcp.o
                0x20000040                dhcp_ip_assign
 .data.HOST_NAME
                0x20000044        0x8 ./Core/WIZNET/Internet/DHCP/dhcp.o
                0x20000044                HOST_NAME
 .data.dhcp_tick_next
                0x2000004c        0x4 ./Core/WIZNET/Internet/DHCP/dhcp.o
                0x2000004c                dhcp_tick_next
 .data.dhcp_lease_time
                0x20000050        0x4 ./Core/WIZNET/Internet/DHCP/dhcp.o
                0x20000050                dhcp_lease_time
 .data.uwTickFreq
                0x20000054        0x1 ./Drivers/STM32F1xx_HAL_Driver/Src/stm32f1xx_hal.o
                0x20000054                uwTickFreq
 *fill*         0x20000055        0x3 
 .data.uwTickPrio
                0x20000058        0x4 ./Drivers/STM32F1xx_HAL_Driver/Src/stm32f1xx_hal.o
                0x20000058                uwTickPrio
 .data.USBD_CDC_OtherSpeedCfgDesc
                0x2000005c       0x43 ./Middlewares/ST/STM32_USB_Device_Library/Class/CDC/Src/usbd_cdc.o
                0x2000005c                USBD_CDC_OtherSpeedCfgDesc
 *fill*         0x2000009f        0x1 
 .data.USBD_CDC_CfgFSDesc
                0x200000a0       0x43 ./Middlewares/ST/STM32_USB_Device_Library/Class/CDC/Src/usbd_cdc.o
                0x200000a0                USBD_CDC_CfgFSDesc
 *fill*         0x200000e3        0x1 
 .data.USBD_CDC_CfgHSDesc
                0x200000e4       0x43 ./Middlewares/ST/STM32_USB_Device_Library/Class/CDC/Src/usbd_cdc.o
                0x200000e4                USBD_CDC_CfgHSDesc
 *fill*         0x20000127        0x1 
 .data.USBD_CDC
                0x20000128       0x38 ./Middlewares/ST/STM32_USB_Device_Library/Class/CDC/Src/usbd_cdc.o
                0x20000128                USBD_CDC
 .data.USBD_CDC_DeviceQualifierDesc
                0x20000160        0xa ./Middlewares/ST/STM32_USB_Device_Library/Class/CDC/Src/usbd_cdc.o
 *fill*         0x2000016a        0x2 
 .data.USBD_Interface_fops_FS
                0x2000016c       0x10 ./USB_DEVICE/App/usbd_cdc_if.o
                0x2000016c                USBD_Interface_fops_FS
 .data.USBD_StringSerial
                0x2000017c       0x1a ./USB_DEVICE/App/usbd_desc.o
                0x2000017c                USBD_StringSerial
 *fill*         0x20000196        0x2 
 .data.USBD_LangIDDesc
                0x20000198        0x4 ./USB_DEVICE/App/usbd_desc.o
                0x20000198                USBD_LangIDDesc
 .data.USBD_FS_DeviceDesc
                0x2000019c       0x12 ./USB_DEVICE/App/usbd_desc.o
                0x2000019c                USBD_FS_DeviceDesc
 *fill*         0x200001ae        0x2 
 .data.FS_Desc  0x200001b0       0x1c ./USB_DEVICE/App/usbd_desc.o
                0x200001b0                FS_Desc
 .data._impure_ptr
                0x200001cc        0x4 C:/ST/STM32CubeIDE_2.0.0/STM32CubeIDE/plugins/com.st.stm32cube.ide.mcu.externaltools.gnu-tools-for-stm32.13.3.rel1.win32_1.0.100.202509120712/tools/bin/../lib/gcc/arm-none-eabi/13.3.1/../../../../arm-none-eabi/lib/thumb/v7-m/nofp\libc_nano.a(libc_a-impure.o)
                0x200001cc                _impure_ptr
 .data._impure_data
                0x200001d0       0x4c C:/ST/STM32CubeIDE_2.0.0/STM32CubeIDE/plugins/com.st.stm32cube.ide.mcu.externaltools.gnu-tools-for-stm32.13.3.rel1.win32_1.0.100.202509120712/tools/bin/../lib/gcc/arm-none-eabi/13.3.1/../../../../arm-none-eabi/lib/thumb/v7-m/nofp\libc_nano.a(libc_a-impure.o)
                0x200001d0                _impure_data
 *(.RamFunc)
 *(.RamFunc*)
                0x2000021c                        . = ALIGN (0x4)
                0x2000021c                        _edata = .

.igot.plt       0x2000021c        0x0 load address 0x08007998
 .igot.plt      0x2000021c        0x0 C:/ST/STM32CubeIDE_2.0.0/STM32CubeIDE/plugins/com.st.stm32cube.ide.mcu.externaltools.gnu-tools-for-stm32.13.3.rel1.win32_1.0.100.202509120712/tools/bin/../lib/gcc/arm-none-eabi/13.3.1/thumb/v7-m/nofp/crtbegin.o
                0x2000021c                        . = ALIGN (0x4)

.bss            0x2000021c     0x37dc load address 0x08007998
                0x2000021c                        _sbss = .
                0x2000021c                        __bss_start__ = _sbss
 *(.bss)
 .bss           0x2000021c       0x1c C:/ST/STM32CubeIDE_2.0.0/STM32CubeIDE/plugins/com.st.stm32cube.ide.mcu.externaltools.gnu-tools-for-stm32.13.3.rel1.win32_1.0.100.202509120712/tools/bin/../lib/gcc/arm-none-eabi/13.3.1/thumb/v7-m/nofp/crtbegin.o
 *(.bss*)
 .bss.last_beacon_time.0
                0x20000238        0x4 ./Core/App/app_ethernet.o
 .bss.last_dhcp_tick.1
                0x2000023c        0x4 ./Core/App/app_ethernet.o
 .bss.dhcp_buffer
                0x20000240      0x400 ./Core/App/app_ethernet.o
 .bss.rx_buf    0x20000640      0x400 ./Core/App/app_ethernet.o
 .bss.led_buffer
                0x20000a40     0x1b64 ./Core/App/ws2812b.o
                0x20000a40                led_buffer
 .bss.last_step_time
                0x200025a4        0x4 ./Core/App/ws2812b.o
 .bss.current_pos
                0x200025a8        0x2 ./Core/App/ws2812b.o
 .bss.current_edit_target
                0x200025aa        0x1 ./Core/Src/main.o
                0x200025aa                current_edit_target
 *fill*         0x200025ab        0x1 
 .bss.hdma_tim2_ch1
                0x200025ac       0x44 ./Core/Src/main.o
                0x200025ac                hdma_tim2_ch1
 .bss.htim2     0x200025f0       0x48 ./Core/Src/main.o
                0x200025f0                htim2
 .bss.hspi1     0x20002638       0x58 ./Core/Src/main.o
                0x20002638                hspi1
 .bss.__sbrk_heap_end
                0x20002690        0x4 ./Core/Src/sysmem.o
 .bss.sock_pack_info
                0x20002694        0x8 ./Core/WIZNET/Ethernet/socket.o
                0x20002694                sock_pack_info
 .bss.sock_remained_size
                0x2000269c       0x10 ./Core/WIZNET/Ethernet/socket.o
 .bss.sock_is_sending
                0x200026ac        0x2 ./Core/WIZNET/Ethernet/socket.o
 .bss.sock_io_mode
                0x200026ae        0x2 ./Core/WIZNET/Ethernet/socket.o
 .bss._DHCP_    0x200026b0        0x1 ./Core/WIZNET/Ethernet/wizchip_conf.o
 .bss._DNS_     0x200026b1        0x4 ./Core/WIZNET/Ethernet/wizchip_conf.o
 .bss.DHCP_CHADDR
                0x200026b5        0x6 ./Core/WIZNET/Internet/DHCP/dhcp.o
                0x200026b5                DHCP_CHADDR
 *fill*         0x200026bb        0x1 
 .bss.pDHCPMSG  0x200026bc        0x4 ./Core/WIZNET/Internet/DHCP/dhcp.o
                0x200026bc                pDHCPMSG
 .bss.DHCP_XID  0x200026c0        0x4 ./Core/WIZNET/Internet/DHCP/dhcp.o
                0x200026c0                DHCP_XID
 .bss.dhcp_tick_1s
                0x200026c4        0x4 ./Core/WIZNET/Internet/DHCP/dhcp.o
                0x200026c4                dhcp_tick_1s
 .bss.dhcp_retry_count
                0x200026c8        0x1 ./Core/WIZNET/Internet/DHCP/dhcp.o
                0x200026c8                dhcp_retry_count
 .bss.dhcp_state
                0x200026c9        0x1 ./Core/WIZNET/Internet/DHCP/dhcp.o
                0x200026c9                dhcp_state
 .bss.DHCP_allocated_dns
                0x200026ca        0x4 ./Core/WIZNET/Internet/DHCP/dhcp.o
                0x200026ca                DHCP_allocated_dns
 .bss.DHCP_allocated_sn
                0x200026ce        0x4 ./Core/WIZNET/Internet/DHCP/dhcp.o
                0x200026ce                DHCP_allocated_sn
 .bss.DHCP_allocated_gw
                0x200026d2        0x4 ./Core/WIZNET/Internet/DHCP/dhcp.o
                0x200026d2                DHCP_allocated_gw
 .bss.DHCP_allocated_ip
                0x200026d6        0x4 ./Core/WIZNET/Internet/DHCP/dhcp.o
                0x200026d6                DHCP_allocated_ip
 .bss.OLD_allocated_ip
                0x200026da        0x4 ./Core/WIZNET/Internet/DHCP/dhcp.o
                0x200026da                OLD_allocated_ip
 .bss.DHCP_REAL_SIP
                0x200026de        0x4 ./Core/WIZNET/Internet/DHCP/dhcp.o
                0x200026de                DHCP_REAL_SIP
 .bss.DHCP_SIP  0x200026e2        0x4 ./Core/WIZNET/Internet/DHCP/dhcp.o
                0x200026e2                DHCP_SIP
 .bss.DHCP_SOCKET
                0x200026e6        0x1 ./Core/WIZNET/Internet/DHCP/dhcp.o
                0x200026e6                DHCP_SOCKET
 *fill*         0x200026e7        0x1 
 .bss.uwTick    0x200026e8        0x4 ./Drivers/STM32F1xx_HAL_Driver/Src/stm32f1xx_hal.o
                0x200026e8                uwTick
 .bss.cfgidx.0  0x200026ec        0x1 ./Middlewares/ST/STM32_USB_Device_Library/Core/Src/usbd_ctlreq.o
 *fill*         0x200026ed        0x3 
 .bss.hUsbDeviceFS
                0x200026f0      0x2c4 ./USB_DEVICE/App/usb_device.o
                0x200026f0                hUsbDeviceFS
 .bss.UserTxBufferFS
                0x200029b4      0x400 ./USB_DEVICE/App/usbd_cdc_if.o
                0x200029b4                UserTxBufferFS
 .bss.UserRxBufferFS
                0x20002db4      0x400 ./USB_DEVICE/App/usbd_cdc_if.o
                0x20002db4                UserRxBufferFS
 .bss.rx_data   0x200031b4        0x1 ./USB_DEVICE/App/usbd_cdc_if.o
                0x200031b4                rx_data
 .bss.rx_flag   0x200031b5        0x1 ./USB_DEVICE/App/usbd_cdc_if.o
                0x200031b5                rx_flag
 *fill*         0x200031b6        0x2 
 .bss.USBD_StrDesc
                0x200031b8      0x200 ./USB_DEVICE/App/usbd_desc.o
                0x200031b8                USBD_StrDesc
 .bss.mem.0     0x200033b8      0x220 ./USB_DEVICE/Target/usbd_conf.o
 .bss.hpcd_USB_FS
                0x200035d8      0x2d8 ./USB_DEVICE/Target/usbd_conf.o
                0x200035d8                hpcd_USB_FS
 .bss.__sf      0x200038b0      0x138 C:/ST/STM32CubeIDE_2.0.0/STM32CubeIDE/plugins/com.st.stm32cube.ide.mcu.externaltools.gnu-tools-for-stm32.13.3.rel1.win32_1.0.100.202509120712/tools/bin/../lib/gcc/arm-none-eabi/13.3.1/../../../../arm-none-eabi/lib/thumb/v7-m/nofp\libc_nano.a(libc_a-findfp.o)
                0x200038b0                __sf
 .bss.errno     0x200039e8        0x4 C:/ST/STM32CubeIDE_2.0.0/STM32CubeIDE/plugins/com.st.stm32cube.ide.mcu.externaltools.gnu-tools-for-stm32.13.3.rel1.win32_1.0.100.202509120712/tools/bin/../lib/gcc/arm-none-eabi/13.3.1/../../../../arm-none-eabi/lib/thumb/v7-m/nofp\libc_nano.a(libc_a-reent.o)
                0x200039e8                errno
 .bss.__lock___malloc_recursive_mutex
                0x200039ec        0x1 C:/ST/STM32CubeIDE_2.0.0/STM32CubeIDE/plugins/com.st.stm32cube.ide.mcu.externaltools.gnu-tools-for-stm32.13.3.rel1.win32_1.0.100.202509120712/tools/bin/../lib/gcc/arm-none-eabi/13.3.1/../../../../arm-none-eabi/lib/thumb/v7-m/nofp\libc_nano.a(libc_a-lock.o)
                0x200039ec                __lock___malloc_recursive_mutex
 *fill*         0x200039ed        0x3 
 .bss.__malloc_sbrk_start
                0x200039f0        0x4 C:/ST/STM32CubeIDE_2.0.0/STM32CubeIDE/plugins/com.st.stm32cube.ide.mcu.externaltools.gnu-tools-for-stm32.13.3.rel1.win32_1.0.100.202509120712/tools/bin/../lib/gcc/arm-none-eabi/13.3.1/../../../../arm-none-eabi/lib/thumb/v7-m/nofp\libc_nano.a(libc_a-mallocr.o)
                0x200039f0                __malloc_sbrk_start
 .bss.__malloc_free_list
                0x200039f4        0x4 C:/ST/STM32CubeIDE_2.0.0/STM32CubeIDE/plugins/com.st.stm32cube.ide.mcu.externaltools.gnu-tools-for-stm32.13.3.rel1.win32_1.0.100.202509120712/tools/bin/../lib/gcc/arm-none-eabi/13.3.1/../../../../arm-none-eabi/lib/thumb/v7-m/nofp\libc_nano.a(libc_a-mallocr.o)
                0x200039f4                __malloc_free_list
 *(COMMON)
                0x200039f8                        . = ALIGN (0x4)
                0x200039f8                        _ebss = .
                0x200039f8                        __bss_end__ = _ebss

._user_heap_stack
                0x200039f8      0x600 load address 0x08007998
                0x200039f8                        . = ALIGN (0x8)
                [!provide]                        PROVIDE (end = .)
                0x200039f8                        PROVIDE (_end = .)
                0x20003bf8                        . = (. + _Min_Heap_Size)
 *fill*         0x200039f8      0x200 
                0x20003ff8                        . = (. + _Min_Stack_Size)
 *fill*         0x20003bf8      0x400 
                0x20003ff8                        . = ALIGN (0x8)

/DISCARD/
 libc.a(*)
 libm.a(*)
 libgcc.a(*)

.ARM.attributes
                0x00000000       0x29
 *(.ARM.attributes)
 .ARM.attributes
                0x00000000       0x1d C:/ST/STM32CubeIDE_2.0.0/STM32CubeIDE/plugins/com.st.stm32cube.ide.mcu.externaltools.gnu-tools-for-stm32.13.3.rel1.win32_1.0.100.202509120712/tools/bin/../lib/gcc/arm-none-eabi/13.3.1/thumb/v7-m/nofp/crti.o
 .ARM.attributes
                0x0000001d       0x2d C:/ST/STM32CubeIDE_2.0.0/STM32CubeIDE/plugins/com.st.stm32cube.ide.mcu.externaltools.gnu-tools-for-stm32.13.3.rel1.win32_1.0.100.202509120712/tools/bin/../lib/gcc/arm-none-eabi/13.3.1/thumb/v7-m/nofp/crtbegin.o
 .ARM.attributes
                0x0000004a       0x2d ./Core/App/app_ethernet.o
 .ARM.attributes
                0x00000077       0x2d ./Core/App/app_usb_log.o
 .ARM.attributes
                0x000000a4       0x2d ./Core/App/ws2812b.o
 .ARM.attributes
                0x000000d1       0x2d ./Core/Src/main.o
 .ARM.attributes
                0x000000fe       0x2d ./Core/Src/stm32f1xx_hal_msp.o
 .ARM.attributes
                0x0000012b       0x2d ./Core/Src/stm32f1xx_it.o
 .ARM.attributes
                0x00000158       0x2d ./Core/Src/sysmem.o
 .ARM.attributes
                0x00000185       0x2d ./Core/Src/system_stm32f1xx.o
 .ARM.attributes
                0x000001b2       0x21 ./Core/Startup/startup_stm32f103c8tx.o
 .ARM.attributes
                0x000001d3       0x2d ./Core/WIZNET/Ethernet/W5500/w5500.o
 .ARM.attributes
                0x00000200       0x2d ./Core/WIZNET/Ethernet/socket.o
 .ARM.attributes
                0x0000022d       0x2d ./Core/WIZNET/Ethernet/wizchip_conf.o
 .ARM.attributes
                0x0000025a       0x2d ./Core/WIZNET/Internet/DHCP/dhcp.o
 .ARM.attributes
                0x00000287       0x2d ./Drivers/STM32F1xx_HAL_Driver/Src/stm32f1xx_hal.o
 .ARM.attributes
                0x000002b4       0x2d ./Drivers/STM32F1xx_HAL_Driver/Src/stm32f1xx_hal_cortex.o
 .ARM.attributes
                0x000002e1       0x2d ./Drivers/STM32F1xx_HAL_Driver/Src/stm32f1xx_hal_dma.o
 .ARM.attributes
                0x0000030e       0x2d ./Drivers/STM32F1xx_HAL_Driver/Src/stm32f1xx_hal_gpio.o
 .ARM.attributes
                0x0000033b       0x2d ./Drivers/STM32F1xx_HAL_Driver/Src/stm32f1xx_hal_pcd.o
 .ARM.attributes
                0x00000368       0x2d ./Drivers/STM32F1xx_HAL_Driver/Src/stm32f1xx_hal_pcd_ex.o
 .ARM.attributes
                0x00000395       0x2d ./Drivers/STM32F1xx_HAL_Driver/Src/stm32f1xx_hal_rcc.o
 .ARM.attributes
                0x000003c2       0x2d ./Drivers/STM32F1xx_HAL_Driver/Src/stm32f1xx_hal_rcc_ex.o
 .ARM.attributes
                0x000003ef       0x2d ./Drivers/STM32F1xx_HAL_Driver/Src/stm32f1xx_hal_spi.o
 .ARM.attributes
                0x0000041c       0x2d ./Drivers/STM32F1xx_HAL_Driver/Src/stm32f1xx_hal_tim.o
 .ARM.attributes
                0x00000449       0x2d ./Drivers/STM32F1xx_HAL_Driver/Src/stm32f1xx_hal_tim_ex.o
 .ARM.attributes
                0x00000476       0x2d ./Drivers/STM32F1xx_HAL_Driver/Src/stm32f1xx_ll_usb.o
 .ARM.attributes
                0x000004a3       0x2d ./Middlewares/ST/STM32_USB_Device_Library/Class/CDC/Src/usbd_cdc.o
 .ARM.attributes
                0x000004d0       0x2d ./Middlewares/ST/STM32_USB_Device_Library/Core/Src/usbd_core.o
 .ARM.attributes
                0x000004fd       0x2d ./Middlewares/ST/STM32_USB_Device_Library/Core/Src/usbd_ctlreq.o
 .ARM.attributes
                0x0000052a       0x2d ./Middlewares/ST/STM32_USB_Device_Library/Core/Src/usbd_ioreq.o
 .ARM.attributes
                0x00000557       0x2d ./USB_DEVICE/App/usb_device.o
 .ARM.attributes
                0x00000584       0x2d ./USB_DEVICE/App/usbd_cdc_if.o
 .ARM.attributes
                0x000005b1       0x2d ./USB_DEVICE/App/usbd_desc.o
 .ARM.attributes
                0x000005de       0x2d ./USB_DEVICE/Target/usbd_conf.o
 .ARM.attributes
                0x0000060b       0x2d C:/ST/STM32CubeIDE_2.0.0/STM32CubeIDE/plugins/com.st.stm32cube.ide.mcu.externaltools.gnu-tools-for-stm32.13.3.rel1.win32_1.0.100.202509120712/tools/bin/../lib/gcc/arm-none-eabi/13.3.1/../../../../arm-none-eabi/lib/thumb/v7-m/nofp\libc_nano.a(libc_a-findfp.o)
 .ARM.attributes
                0x00000638       0x2d C:/ST/STM32CubeIDE_2.0.0/STM32CubeIDE/plugins/com.st.stm32cube.ide.mcu.externaltools.gnu-tools-for-stm32.13.3.rel1.win32_1.0.100.202509120712/tools/bin/../lib/gcc/arm-none-eabi/13.3.1/../../../../arm-none-eabi/lib/thumb/v7-m/nofp\libc_nano.a(libc_a-sprintf.o)
 .ARM.attributes
                0x00000665       0x2d C:/ST/STM32CubeIDE_2.0.0/STM32CubeIDE/plugins/com.st.stm32cube.ide.mcu.externaltools.gnu-tools-for-stm32.13.3.rel1.win32_1.0.100.202509120712/tools/bin/../lib/gcc/arm-none-eabi/13.3.1/../../../../arm-none-eabi/lib/thumb/v7-m/nofp\libc_nano.a(libc_a-sscanf.o)
 .ARM.attributes
                0x00000692       0x2d C:/ST/STM32CubeIDE_2.0.0/STM32CubeIDE/plugins/com.st.stm32cube.ide.mcu.externaltools.gnu-tools-for-stm32.13.3.rel1.win32_1.0.100.202509120712/tools/bin/../lib/gcc/arm-none-eabi/13.3.1/../../../../arm-none-eabi/lib/thumb/v7-m/nofp\libc_nano.a(libc_a-stdio.o)
 .ARM.attributes
                0x000006bf       0x2d C:/ST/STM32CubeIDE_2.0.0/STM32CubeIDE/plugins/com.st.stm32cube.ide.mcu.externaltools.gnu-tools-for-stm32.13.3.rel1.win32_1.0.100.202509120712/tools/bin/../lib/gcc/arm-none-eabi/13.3.1/../../../../arm-none-eabi/lib/thumb/v7-m/nofp\libc_nano.a(libc_a-vsnprintf.o)
 .ARM.attributes
                0x000006ec       0x2d C:/ST/STM32CubeIDE_2.0.0/STM32CubeIDE/plugins/com.st.stm32cube.ide.mcu.externaltools.gnu-tools-for-stm32.13.3.rel1.win32_1.0.100.202509120712/tools/bin/../lib/gcc/arm-none-eabi/13.3.1/../../../../arm-none-eabi/lib/thumb/v7-m/nofp\libc_nano.a(libc_a-memcmp.o)
 .ARM.attributes
                0x00000719       0x2d C:/ST/STM32CubeIDE_2.0.0/STM32CubeIDE/plugins/com.st.stm32cube.ide.mcu.externaltools.gnu-tools-for-stm32.13.3.rel1.win32_1.0.100.202509120712/tools/bin/../lib/gcc/arm-none-eabi/13.3.1/../../../../arm-none-eabi/lib/thumb/v7-m/nofp\libc_nano.a(libc_a-memset.o)
 .ARM.attributes
                0x00000746       0x2d C:/ST/STM32CubeIDE_2.0.0/STM32CubeIDE/plugins/com.st.stm32cube.ide.mcu.externaltools.gnu-tools-for-stm32.13.3.rel1.win32_1.0.100.202509120712/tools/bin/../lib/gcc/arm-none-eabi/13.3.1/../../../../arm-none-eabi/lib/thumb/v7-m/nofp\libc_nano.a(libc_a-strstr.o)
 .ARM.attributes
                0x00000773       0x2d C:/ST/STM32CubeIDE_2.0.0/STM32CubeIDE/plugins/com.st.stm32cube.ide.mcu.externaltools.gnu-tools-for-stm32.13.3.rel1.win32_1.0.100.202509120712/tools/bin/../lib/gcc/arm-none-eabi/13.3.1/../../../../arm-none-eabi/lib/thumb/v7-m/nofp\libc_nano.a(libc_a-reent.o)
 .ARM.attributes
                0x000007a0       0x2d C:/ST/STM32CubeIDE_2.0.0/STM32CubeIDE/plugins/com.st.stm32cube.ide.mcu.externaltools.gnu-tools-for-stm32.13.3.rel1.win32_1.0.100.202509120712/tools/bin/../lib/gcc/arm-none-eabi/13.3.1/../../../../arm-none-eabi/lib/thumb/v7-m/nofp\libc_nano.a(libc_a-impure.o)
 .ARM.attributes
                0x000007cd       0x2d C:/ST/STM32CubeIDE_2.0.0/STM32CubeIDE/plugins/com.st.stm32cube.ide.mcu.externaltools.gnu-tools-for-stm32.13.3.rel1.win32_1.0.100.202509120712/tools/bin/../lib/gcc/arm-none-eabi/13.3.1/../../../../arm-none-eabi/lib/thumb/v7-m/nofp\libc_nano.a(libc_a-errno.o)
 .ARM.attributes
                0x000007fa       0x2d C:/ST/STM32CubeIDE_2.0.0/STM32CubeIDE/plugins/com.st.stm32cube.ide.mcu.externaltools.gnu-tools-for-stm32.13.3.rel1.win32_1.0.100.202509120712/tools/bin/../lib/gcc/arm-none-eabi/13.3.1/../../../../arm-none-eabi/lib/thumb/v7-m/nofp\libc_nano.a(libc_a-init.o)
 .ARM.attributes
                0x00000827       0x2d C:/ST/STM32CubeIDE_2.0.0/STM32CubeIDE/plugins/com.st.stm32cube.ide.mcu.externaltools.gnu-tools-for-stm32.13.3.rel1.win32_1.0.100.202509120712/tools/bin/../lib/gcc/arm-none-eabi/13.3.1/../../../../arm-none-eabi/lib/thumb/v7-m/nofp\libc_nano.a(libc_a-lock.o)
 .ARM.attributes
                0x00000854       0x17 C:/ST/STM32CubeIDE_2.0.0/STM32CubeIDE/plugins/com.st.stm32cube.ide.mcu.externaltools.gnu-tools-for-stm32.13.3.rel1.win32_1.0.100.202509120712/tools/bin/../lib/gcc/arm-none-eabi/13.3.1/../../../../arm-none-eabi/lib/thumb/v7-m/nofp\libc_nano.a(libc_a-strlen.o)
 .ARM.attributes
                0x0000086b       0x2d C:/ST/STM32CubeIDE_2.0.0/STM32CubeIDE/plugins/com.st.stm32cube.ide.mcu.externaltools.gnu-tools-for-stm32.13.3.rel1.win32_1.0.100.202509120712/tools/bin/../lib/gcc/arm-none-eabi/13.3.1/../../../../arm-none-eabi/lib/thumb/v7-m/nofp\libc_nano.a(libc_a-freer.o)
 .ARM.attributes
                0x00000898       0x2d C:/ST/STM32CubeIDE_2.0.0/STM32CubeIDE/plugins/com.st.stm32cube.ide.mcu.externaltools.gnu-tools-for-stm32.13.3.rel1.win32_1.0.100.202509120712/tools/bin/../lib/gcc/arm-none-eabi/13.3.1/../../../../arm-none-eabi/lib/thumb/v7-m/nofp\libc_nano.a(libc_a-mallocr.o)
 .ARM.attributes