Archive member included to satisfy reference by file (symbol)

C:/ST/STM32CubeIDE_2.0.0/STM32CubeIDE/plugins/com.st.stm32cube.ide.mcu.externaltools.gnu-tools-for-stm32.13.3.rel1.win32_1.0.100.202509120712/tools/bin/../lib/gcc/arm-none-eabi/13.3.1/../../../../arm-none-eabi/lib/thumb/v7-m/nofp\libc_nano.a(libc_a-exit.o)
                              C:/ST/STM32CubeIDE_2.0.0/STM32CubeIDE/plugins/com.st.stm32cube.ide.mcu.externaltools.gnu-tools-for-stm32.13.3.rel1.win32_1.0.100.202509120712/tools/bin/../lib/gcc/arm-none-eabi/13.3.1/../../../../arm-none-eabi/lib/thumb/v7-m/nofp/crt0.o (exit)
C:/ST/STM32CubeIDE_2.0.0/STM32CubeIDE/plugins/com.st.stm32cube.ide.mcu.externaltools.gnu-tools-for-stm32.13.3.rel1.win32_1.0.100.202509120712/tools/bin/../lib/gcc/arm-none-eabi/13.3.1/../../../../arm-none-eabi/lib/thumb/v7-m/nofp\libc_nano.a(libc_a-findfp.o)
                              C:/ST/STM32CubeIDE_2.0.0/STM32CubeIDE/plugins/com.st.stm32cube.ide.mcu.externaltools.gnu-tools-for-stm32.13.3.rel1.win32_1.0.100.202509120712/tools/bin/../lib/gcc/arm-none-eabi/13.3.1/../../../../arm-none-eabi/lib/thumb/v7-m/nofp\libc_nano.a(libc_a-exit.o) (__stdio_exit_handler)
C:/ST/STM32CubeIDE_2.0.0/STM32CubeIDE/plugins/com.st.stm32cube.ide.mcu.externaltools.gnu-tools-for-stm32.13.3.rel1.win32_1.0.100.202509120712/tools/bin/../lib/gcc/arm-none-eabi/13.3.1/../../../../arm-none-eabi/lib/thumb/v7-m/nofp\libc_nano.a(libc_a-fwalk.o)
                              C:/ST/STM32CubeIDE_2.0.0/STM32CubeIDE/plugins/com.st.stm32cube.ide.mcu.externaltools.gnu-tools-for-stm32.13.3.rel1.win32_1.0.100.202509120712/tools/bin/../lib/gcc/arm-none-eabi/13.3.1/../../../../arm-none-eabi/lib/thumb/v7-m/nofp\libc_nano.a(libc_a-findfp.o) (_fwalk_sglue)
C:/ST/STM32CubeIDE_2.0.0/STM32CubeIDE/plugins/com.st.stm32cube.ide.mcu.externaltools.gnu-tools-for-stm32.13.3.rel1.win32_1.0.100.202509120712/tools/bin/../lib/gcc/arm-none-eabi/13.3.1/../../../../arm-none-eabi/lib/thumb/v7-m/nofp\libc_nano.a(libc_a-sprintf.o)
                              ./Core/App/app_ethernet.o (sprintf)
C:/ST/STM32CubeIDE_2.0.0/STM32CubeIDE/plugins/com.st.stm32cube.ide.mcu.externaltools.gnu-tools-for-stm32.13.3.rel1.win32_1.0.100.202509120712/tools/bin/../lib/gcc/arm-none-eabi/13.3.1/../../../../arm-none-eabi/lib/thumb/v7-m/nofp\libc_nano.a(libc_a-sscanf.o)
                              ./Core/App/app_ethernet.o (sscanf)
C:/ST/STM32CubeIDE_2.0.0/STM32CubeIDE/plugins/com.st.stm32cube.ide.mcu.externaltools.gnu-tools-for-stm32.13.3.rel1.win32_1.0.100.202509120712/tools/bin/../lib/gcc/arm-none-eabi/13.3.1/../../../../arm-none-eabi/lib/thumb/v7-m/nofp\libc_nano.a(libc_a-stdio.o)
                              C:/ST/STM32CubeIDE_2.0.0/STM32CubeIDE/plugins/com.st.stm32cube.ide.mcu.externaltools.gnu-tools-for-stm32.13.3.rel1.win32_1.0.100.202509120712/tools/bin/../lib/gcc/arm-none-eabi/13.3.1/../../../../arm-none-eabi/lib/thumb/v7-m/nofp\libc_nano.a(libc_a-findfp.o) (__sread)
C:/ST/STM32CubeIDE_2.0.0/STM32CubeIDE/plugins/com.st.stm32cube.ide.mcu.externaltools.gnu-tools-for-stm32.13.3.rel1.win32_1.0.100.202509120712/tools/bin/../lib/gcc/arm-none-eabi/13.3.1/../../../../arm-none-eabi/lib/thumb/v7-m/nofp\libc_nano.a(libc_a-vsnprintf.o)
                              ./Core/App/app_usb_log.o (vsnprintf)
C:/ST/STM32CubeIDE_2.0.0/STM32CubeIDE/plugins/com.st.stm32cube.ide.mcu.externaltools.gnu-tools-for-stm32.13.3.rel1.win32_1.0.100.202509120712/tools/bin/../lib/gcc/arm-none-eabi/13.3.1/../../../../arm-none-eabi/lib/thumb/v7-m/nofp\libc_nano.a(libc_a-memcmp.o)
                              ./Core/App/app_ethernet.o (memcmp)
C:/ST/STM32CubeIDE_2.0.0/STM32CubeIDE/plugins/com.st.stm32cube.ide.mcu.externaltools.gnu-tools-for-stm32.13.3.rel1.win32_1.0.100.202509120712/tools/bin/../lib/gcc/arm-none-eabi/13.3.1/../../../../arm-none-eabi/lib/thumb/v7-m/nofp\libc_nano.a(libc_a-memset.o)
                              C:/ST/STM32CubeIDE_2.0.0/STM32CubeIDE/plugins/com.st.stm32cube.ide.mcu.externaltools.gnu-tools-for-stm32.13.3.rel1.win32_1.0.100.202509120712/tools/bin/../lib/gcc/arm-none-eabi/13.3.1/../../../../arm-none-eabi/lib/thumb/v7-m/nofp/crt0.o (memset)
C:/ST/STM32CubeIDE_2.0.0/STM32CubeIDE/plugins/com.st.stm32cube.ide.mcu.externaltools.gnu-tools-for-stm32.13.3.rel1.win32_1.0.100.202509120712/tools/bin/../lib/gcc/arm-none-eabi/13.3.1/../../../../arm-none-eabi/lib/thumb/v7-m/nofp\libc_nano.a(libc_a-strstr.o)
                              ./Core/App/app_ethernet.o (strstr)
C:/ST/STM32CubeIDE_2.0.0/STM32CubeIDE/plugins/com.st.stm32cube.ide.mcu.externaltools.gnu-tools-for-stm32.13.3.rel1.win32_1.0.100.202509120712/tools/bin/../lib/gcc/arm-none-eabi/13.3.1/../../../../arm-none-eabi/lib/thumb/v7-m/nofp\libc_nano.a(libc_a-closer.o)
[...]
Memory Configuration

Name             Origin             Length             Attributes
RAM              0x20000000         0x00005000         xrw
FLASH            0x08000000         0x00010000         xr
*default*        0x00000000         0xffffffff

Linker script and memory map

LOAD C:/ST/STM32CubeIDE_2.0.0/STM32CubeIDE/plugins/com.st.stm32cube.ide.mcu.externaltools.gnu-tools-for-stm32.13.3.rel1.win32_1.0.100.202509120712/tools/bin/../lib/gcc/arm-none-eabi/13.3.1/thumb/v7-m/nofp/crti.o
LOAD C:/ST/STM32CubeIDE_2.0.0/STM32CubeIDE/plugins/com.st.stm32cube.ide.mcu.externaltools.gnu-tools-for-stm32.13.3.rel1.win32_1.0.100.202509120712/tools/bin/../lib/gcc/arm-none-eabi/13.3.1/thumb/v7-m/nofp/crtbegin.o
LOAD C:/ST/STM32CubeIDE_2.0.0/STM32CubeIDE/plugins/com.st.stm32cube.ide.mcu.externaltools.gnu-tools-for-stm32.13.3.rel1.win32_1.0.100.202509120712/tools/bin/../lib/gcc/arm-none-eabi/13.3.1/../../../../arm-none-eabi/lib/thumb/v7-m/nofp/crt0.o
LOAD ./Core/App/app_ethernet.o
LOAD ./Core/App/app_led.o
LOAD ./Core/App/app_uart_logic.o
LOAD ./Core/App/app_usb_log.o
LOAD ./Core/App/app_usb_logic.o
LOAD ./Core/App/ws2812b.o
LOAD ./Core/Src/main.o
LOAD ./Core/Src/stm32f1xx_hal_msp.o
LOAD ./Core/Src/stm32f1xx_it.o
LOAD ./Core/Src/syscalls.o
LOAD ./Core/Src/sysmem.o
LOAD ./Core/Src/system_stm32f1xx.o
LOAD ./Core/Startup/startup_stm32f103c8tx.o
LOAD ./Core/WIZNET/Ethernet/W5100/w5100.o
LOAD ./Core/WIZNET/Ethernet/W5100S/w5100s.o
LOAD ./Core/WIZNET/Ethernet/W5200/w5200.o
LOAD ./Core/WIZNET/Ethernet/W5300/w5300.o
LOAD ./Core/WIZNET/Ethernet/W5500/w5500.o
LOAD ./Core/WIZNET/Ethernet/W6100/w6100.o
LOAD ./Core/WIZNET/Ethernet/W6300/w6300.o
LOAD ./Core/WIZNET/Ethernet/socket.o
LOAD ./Core/WIZNET/Ethernet/wizchip_conf.o
LOAD ./Core/WIZNET/Internet/DHCP/dhcp.o
LOAD ./Drivers/STM32F1xx_HAL_Driver/Src/stm32f1xx_hal.o
LOAD ./Drivers/STM32F1xx_HAL_Driver/Src/stm32f1xx_hal_cortex.o
LOAD ./Drivers/STM32F1xx_HAL_Driver/Src/stm32f1xx_hal_dma.o
LOAD ./Drivers/STM32F1xx_HAL_Driver/Src/stm32f1xx_hal_exti.o
LOAD ./Drivers/STM32F1xx_HAL_Driver/Src/stm32f1xx_hal_flash.o
LOAD ./Drivers/STM32F1xx_HAL_Driver/Src/stm32f1xx_hal_flash_ex.o
LOAD ./Drivers/STM32F1xx_HAL_Driver/Src/stm32f1xx_hal_gpio.o
LOAD ./Drivers/STM32F1xx_HAL_Driver/Src/stm32f1xx_hal_gpio_ex.o
LOAD ./Drivers/STM32F1xx_HAL_Driver/Src/stm32f1xx_hal_pcd.o
LOAD ./Drivers/STM32F1xx_HAL_Driver/Src/stm32f1xx_hal_pcd_ex.o
LOAD ./Drivers/STM32F1xx_HAL_Driver/Src/stm32f1xx_hal_pwr.o
LOAD ./Drivers/STM32F1xx_HAL_Driver/Src/stm32f1xx_hal_rcc.o
LOAD ./Drivers/STM32F1xx_HAL_Driver/Src/stm32f1xx_hal_rcc_ex.o
LOAD ./Drivers/STM32F1xx_HAL_Driver/Src/stm32f1xx_hal_spi.o
LOAD ./Drivers/STM32F1xx_HAL_Driver/Src/stm32f1xx_hal_tim.o
LOAD ./Drivers/STM32F1xx_HAL_Driver/Src/stm32f1xx_hal_tim_ex.o
LOAD ./Drivers/STM32F1xx_HAL_Driver/Src/stm32f1xx_hal_uart.o
LOAD ./Drivers/STM32F1xx_HAL_Driver/Src/stm32f1xx_ll_usb.o
LOAD ./Middlewares/ST/STM32_USB_Device_Library/Class/CDC/Src/usbd_cdc.o
LOAD ./Middlewares/ST/STM32_USB_Device_Library/Core/Src/usbd_core.o
LOAD ./Middlewares/ST/STM32_USB_Device_Library/Core/Src/usbd_ctlreq.o
LOAD ./Middlewares/ST/STM32_USB_Device_Library/Core/Src/usbd_ioreq.o
LOAD ./USB_DEVICE/App/usb_device.o
LOAD ./USB_DEVICE/App/usbd_cdc_if.o
LOAD ./USB_DEVICE/App/usbd_desc.o
LOAD ./USB_DEVICE/Target/usbd_conf.o
START GROUP
LOAD C:/ST/STM32CubeIDE_2.0.0/STM32CubeIDE/plugins/com.st.stm32cube.ide.mcu.externaltools.gnu-tools-for-stm32.13.3.rel1.win32_1.0.100.202509120712/tools/bin/../lib/gcc/arm-none-eabi/13.3.1/../../../../arm-none-eabi/lib/thumb/v7-m/nofp\libc_nano.a
LOAD C:/ST/STM32CubeIDE_2.0.0/STM32CubeIDE/plugins/com.st.stm32cube.ide.mcu.externaltools.gnu-tools-for-stm32.13.3.rel1.win32_1.0.100.202509120712/tools/bin/../lib/gcc/arm-none-eabi/13.3.1/../../../../arm-none-eabi/lib/thumb/v7-m/nofp\libm.a
END GROUP
START GROUP
LOAD C:/ST/STM32CubeIDE_2.0.0/STM32CubeIDE/plugins/com.st.stm32cube.ide.mcu.externaltools.gnu-tools-for-stm32.13.3.rel1.win32_1.0.100.202509120712/tools/bin/../lib/gcc/arm-none-eabi/13.3.1/thumb/v7-m/nofp\libgcc.a
LOAD C:/ST/STM32CubeIDE_2.0.0/STM32CubeIDE/plugins/com.st.stm32cube.ide.mcu.externaltools.gnu-tools-for-stm32.13.3.rel1.win32_1.0.100.202509120712/tools/bin/../lib/gcc/arm-none-eabi/13.3.1/../../../../arm-none-eabi/lib/thumb/v7-m/nofp\libc_nano.a
END GROUP
START GROUP
LOAD C:/ST/STM32CubeIDE_2.0.0/STM32CubeIDE/plugins/com.st.stm32cube.ide.mcu.externaltools.gnu-tools-for-stm32.13.3.rel1.win32_1.0.100.202509120712/tools/bin/../lib/gcc/arm-none-eabi/13.3.1/thumb/v7-m/nofp\libgcc.a
LOAD C:/ST/STM32CubeIDE_2.0.0/STM32CubeIDE/plugins/com.st.stm32cube.ide.mcu.externaltools.gnu-tools-for-stm32.13.3.rel1.win32_1.0.100.202509120712/tools/bin/../lib/gcc/arm-none-eabi/13.3.1/../../../../arm-none-eabi/lib/thumb/v7-m/nofp\libc_nano.a
LOAD C:/ST/STM32CubeIDE_2.0.0/STM32CubeIDE/plugins/com.st.stm32cube.ide.mcu.externaltools.gnu-tools-for-stm32.13.3.rel1.win32_1.0.100.202509120712/tools/bin/../lib/gcc/arm-none-eabi/13.3.1/../../../../arm-none-eabi/lib/thumb/v7-m/nofp\libnosys.a
END GROUP
START GROUP
LOAD C:/ST/STM32CubeIDE_2.0.0/STM32CubeIDE/plugins/com.st.stm32cube.ide.mcu.externaltools.gnu-tools-for-stm32.13.3.rel1.win32_1.0.100.202509120712/tools/bin/../lib/gcc/arm-none-eabi/13.3.1/thumb/v7-m/nofp\libgcc.a
LOAD C:/ST/STM32CubeIDE_2.0.0/STM32CubeIDE/plugins/com.st.stm32cube.ide.mcu.externaltools.gnu-tools-for-stm32.13.3.rel1.win32_1.0.100.202509120712/tools/bin/../lib/gcc/arm-none-eabi/13.3.1/../../../../arm-none-eabi/lib/thumb/v7-m/nofp\libc_nano.a
LOAD C:/ST/STM32CubeIDE_2.0.0/STM32CubeIDE/plugins/com.st.stm32cube.ide.mcu.externaltools.gnu-tools-for-stm32.13.3.rel1.win32_1.0.100.202509120712/tools/bin/../lib/gcc/arm-none-eabi/13.3.1/../../../../arm-none-eabi/lib/thumb/v7-m/nofp\libnosys.a
END GROUP
LOAD C:/ST/STM32CubeIDE_2.0.0/STM32CubeIDE/plugins/com.st.stm32cube.ide.mcu.externaltools.gnu-tools-for-stm32.13.3.rel1.win32_1.0.100.202509120712/tools/bin/../lib/gcc/arm-none-eabi/13.3.1/thumb/v7-m/nofp/crtend.o
LOAD C:/ST/STM32CubeIDE_2.0.0/STM32CubeIDE/plugins/com.st.stm32cube.ide.mcu.externaltools.gnu-tools-for-stm32.13.3.rel1.win32_1.0.100.202509120712/tools/bin/../lib/gcc/arm-none-eabi/13.3.1/thumb/v7-m/nofp/crtn.o
                0x20005000                        _estack = (ORIGIN (RAM) + LENGTH (RAM))
                0x00000200                        _Min_Heap_Size = 0x200
                0x00000400                        _Min_Stack_Size = 0x400

.isr_vector     0x08000000      0x10c
                0x08000000                        . = ALIGN (0x4)
 *(.isr_vector)
 .isr_vector    0x08000000      0x10c ./Core/Startup/startup_stm32f103c8tx.o
                0x08000000                g_pfnVectors
                0x0800010c                        . = ALIGN (0x4)

.text           0x0800010c     0x7cd0
                0x0800010c                        . = ALIGN (0x4)
 *(.text)
 .text          0x0800010c       0x40 C:/ST/STM32CubeIDE_2.0.0/STM32CubeIDE/plugins/com.st.stm32cube.ide.mcu.externaltools.gnu-tools-for-stm32.13.3.rel1.win32_1.0.100.202509120712/tools/bin/../lib/gcc/arm-none-eabi/13.3.1/thumb/v7-m/nofp/crtbegin.o
 .text          0x0800014c       0x14 C:/ST/STM32CubeIDE_2.0.0/STM32CubeIDE/plugins/com.st.stm32cube.ide.mcu.externaltools.gnu-tools-for-stm32.13.3.rel1.win32_1.0.100.202509120712/tools/bin/../lib/gcc/arm-none-eabi/13.3.1/../../../../arm-none-eabi/lib/thumb/v7-m/nofp\libc_nano.a(libc_a-strcmp.o)
                0x0800014c                strcmp
 .text          0x08000160       0x10 C:/ST/STM32CubeIDE_2.0.0/STM32CubeIDE/plugins/com.st.stm32cube.ide.mcu.externaltools.gnu-tools-for-stm32.13.3.rel1.win32_1.0.100.202509120712/tools/bin/../lib/gcc/arm-none-eabi/13.3.1/../../../../arm-none-eabi/lib/thumb/v7-m/nofp\libc_nano.a(libc_a-strlen.o)
                0x08000160                strlen
 *(.text*)
 .text.W5500_Select
                0x08000170       0x10 ./Core/App/app_ethernet.o
                0x08000170                W5500_Select
 .text.W5500_Unselect
                0x08000180       0x10 ./Core/App/app_ethernet.o
                0x08000180                W5500_Unselect
 .text.W5500_ReadByte
                0x08000190       0x30 ./Core/App/app_ethernet.o
                0x08000190                W5500_ReadByte
 .text.W5500_WriteByte
                0x080001c0       0x20 ./Core/App/app_ethernet.o
                0x080001c0                W5500_WriteByte
 .text.cb_ip_conflict
                0x080001e0        0xc ./Core/App/app_ethernet.o
                0x080001e0                cb_ip_conflict
 .text.cb_ip_assigned
                0x080001ec       0x60 ./Core/App/app_ethernet.o
                0x080001ec                cb_ip_assigned
 .text.Get_Unique_MAC
                0x0800024c       0x28 ./Core/App/app_ethernet.o
                0x0800024c                Get_Unique_MAC
 .text.App_Ethernet_Init
                0x08000274      0x100 ./Core/App/app_ethernet.o
                0x08000274                App_Ethernet_Init
 .text.Ethernet_UDP_Periodic_Task
                0x08000374       0xe8 ./Core/App/app_ethernet.o
                0x08000374                Ethernet_UDP_Periodic_Task
 .text.Ethernet_UDP_Status
                0x0800045c       0x8c ./Core/App/app_ethernet.o
                0x0800045c                Ethernet_UDP_Status
 .text.Parse_Ethernet_Commands
                0x080004e8       0xb0 ./Core/App/app_ethernet.o
                0x080004e8                Parse_Ethernet_Commands
 .text.handle_encoder_socket
                0x08000598       0x78 ./Core/App/app_ethernet.o
                0x08000598                handle_encoder_socket
 .text.Process_Ethernet_Server
                0x08000610       0x1a ./Core/App/app_ethernet.o
                0x08000610                Process_Ethernet_Server
 .text.App_Ethernet_Process
                0x0800062a       0x26 ./Core/App/app_ethernet.o
                0x0800062a                App_Ethernet_Process
 .text.Process_UART_Communication
                0x08000650       0x58 ./Core/App/app_uart_logic.o
                0x08000650                Process_UART_Communication
 .text.USB_Printf
                0x080006a8       0x3c ./Core/App/app_usb_log.o
                0x080006a8                USB_Printf
 .text.Process_USB_To_Interfaces
                0x080006e4       0xd4 ./Core/App/app_usb_logic.o
                0x080006e4                Process_USB_To_Interfaces
 .text.WS2812_Init
                0x080007b8       0x10 ./Core/App/ws2812b.o
                0x080007b8                WS2812_Init
 .text.WS2812_SetColor
                0x080007c8       0x50 ./Core/App/ws2812b.o
                0x080007c8                WS2812_SetColor
 .text.WS2812_Send
                0x08000818       0x18 ./Core/App/ws2812b.o
                0x08000818                WS2812_Send
 .text.Get_Color_Data
                0x08000830       0x54 ./Core/App/ws2812b.o
                0x08000830                Get_Color_Data
 .text.WS2812_Process_Dynamic_Run
                0x08000884       0x80 ./Core/App/ws2812b.o
                0x08000884                WS2812_Process_Dynamic_Run
 .text.SystemClock_Config
                0x08000904       0x80 ./Core/Src/main.o
                0x08000904                SystemClock_Config
 .text.startup.main
                0x08000984      0x1c0 ./Core/Src/main.o
                0x08000984                main
 .text.HAL_UART_RxCpltCallback
                0x08000b44       0x80 ./Core/Src/main.o
                0x08000b44                HAL_UART_RxCpltCallback
 .text.Error_Handler
                0x08000bc4        0x4 ./Core/Src/main.o
                0x08000bc4                Error_Handler
 .text.HAL_MspInit
                0x08000bc8       0x44 ./Core/Src/stm32f1xx_hal_msp.o
                0x08000bc8                HAL_MspInit
 .text.HAL_SPI_MspInit
                0x08000c0c       0x74 ./Core/Src/stm32f1xx_hal_msp.o
                0x08000c0c                HAL_SPI_MspInit
 .text.HAL_TIM_PWM_MspInit
                0x08000c80       0x60 ./Core/Src/stm32f1xx_hal_msp.o
                0x08000c80                HAL_TIM_PWM_MspInit
 .text.HAL_TIM_MspPostInit
                0x08000ce0       0x48 ./Core/Src/stm32f1xx_hal_msp.o
                0x08000ce0                HAL_TIM_MspPostInit
 .text.HAL_UART_MspInit
                0x08000d28       0x84 ./Core/Src/stm32f1xx_hal_msp.o
                0x08000d28                HAL_UART_MspInit
 .text.NMI_Handler
                0x08000dac        0x2 ./Core/Src/stm32f1xx_it.o
                0x08000dac                NMI_Handler
 .text.HardFault_Handler
                0x08000dae        0x2 ./Core/Src/stm32f1xx_it.o
                0x08000dae                HardFault_Handler
 .text.MemManage_Handler
                0x08000db0        0x2 ./Core/Src/stm32f1xx_it.o
                0x08000db0                MemManage_Handler
 .text.BusFault_Handler
                0x08000db2        0x2 ./Core/Src/stm32f1xx_it.o
                0x08000db2                BusFault_Handler
 .text.UsageFault_Handler
                0x08000db4        0x2 ./Core/Src/stm32f1xx_it.o
                0x08000db4                UsageFault_Handler
 .text.SVC_Handler
                0x08000db6        0x2 ./Core/Src/stm32f1xx_it.o
                0x08000db6                SVC_Handler
 .text.DebugMon_Handler
                0x08000db8        0x2 ./Core/Src/stm32f1xx_it.o
                0x08000db8                DebugMon_Handler
 .text.PendSV_Handler
                0x08000dba        0x2 ./Core/Src/stm32f1xx_it.o
                0x08000dba                PendSV_Handler
 .text.SysTick_Handler
                0x08000dbc        0x4 ./Core/Src/stm32f1xx_it.o
                0x08000dbc                SysTick_Handler
 .text.DMA1_Channel5_IRQHandler
                0x08000dc0        0xc ./Core/Src/stm32f1xx_it.o
                0x08000dc0                DMA1_Channel5_IRQHandler
 .text.USB_LP_CAN1_RX0_IRQHandler
                0x08000dcc        0xc ./Core/Src/stm32f1xx_it.o
                0x08000dcc                USB_LP_CAN1_RX0_IRQHandler
 .text.USART2_IRQHandler
                0x08000dd8        0xc ./Core/Src/stm32f1xx_it.o
                0x08000dd8                USART2_IRQHandler
 .text._sbrk    0x08000de4       0x40 ./Core/Src/sysmem.o
                0x08000de4                _sbrk
 .text.SystemInit
                0x08000e24        0x2 ./Core/Src/system_stm32f1xx.o
                0x08000e24                SystemInit
 *fill*         0x08000e26        0x2 
 .text.Reset_Handler
                0x08000e28       0x48 ./Core/Startup/startup_stm32f103c8tx.o
                0x08000e28                Reset_Handler
 .text.Default_Handler
                0x08000e70        0x2 ./Core/Startup/startup_stm32f103c8tx.o
                0x08000e70                RTC_Alarm_IRQHandler
                0x08000e70                EXTI2_IRQHandler
                0x08000e70                TIM1_CC_IRQHandler
                0x08000e70                PVD_IRQHandler
                0x08000e70                EXTI3_IRQHandler
                0x08000e70                EXTI0_IRQHandler
                0x08000e70                I2C2_EV_IRQHandler
                0x08000e70                ADC1_2_IRQHandler
                0x08000e70                SPI1_IRQHandler
                0x08000e70                TAMPER_IRQHandler
                0x08000e70                DMA1_Channel4_IRQHandler
                0x08000e70                USART3_IRQHandler
                0x08000e70                RTC_IRQHandler
                0x08000e70                DMA1_Channel7_IRQHandler
                0x08000e70                CAN1_RX1_IRQHandler
                0x08000e70                TIM4_IRQHandler
                0x08000e70                I2C1_EV_IRQHandler
                0x08000e70                DMA1_Channel6_IRQHandler
                0x08000e70                TIM3_IRQHandler
                0x08000e70                RCC_IRQHandler
                0x08000e70                TIM1_TRG_COM_IRQHandler
                0x08000e70                DMA1_Channel1_IRQHandler
                0x08000e70                Default_Handler
                0x08000e70                EXTI15_10_IRQHandler
                0x08000e70                EXTI9_5_IRQHandler
                0x08000e70                SPI2_IRQHandler
                0x08000e70                EXTI4_IRQHandler
                0x08000e70                USB_HP_CAN1_TX_IRQHandler
                0x08000e70                DMA1_Channel3_IRQHandler
                0x08000e70                TIM1_UP_IRQHandler
                0x08000e70                WWDG_IRQHandler
                0x08000e70                TIM2_IRQHandler
                0x08000e70                TIM1_BRK_IRQHandler
                0x08000e70                EXTI1_IRQHandler
                0x08000e70                I2C2_ER_IRQHandler
                0x08000e70                DMA1_Channel2_IRQHandler
                0x08000e70                CAN1_SCE_IRQHandler
                0x08000e70                FLASH_IRQHandler
                0x08000e70                USART1_IRQHandler
                0x08000e70                I2C1_ER_IRQHandler
                0x08000e70                USBWakeUp_IRQHandler
 *fill*         0x08000e72        0x2 
 .text.WIZCHIP_READ
                0x08000e74       0x5c ./Core/WIZNET/Ethernet/W5500/w5500.o
                0x08000e74                WIZCHIP_READ
 .text.WIZCHIP_WRITE
                0x08000ed0       0x64 ./Core/WIZNET/Ethernet/W5500/w5500.o
                0x08000ed0                WIZCHIP_WRITE
 .text.WIZCHIP_READ_BUF
                0x08000f34       0x74 ./Core/WIZNET/Ethernet/W5500/w5500.o
                0x08000f34                WIZCHIP_READ_BUF
 .text.WIZCHIP_WRITE_BUF
                0x08000fa8       0x74 ./Core/WIZNET/Ethernet/W5500/w5500.o
                0x08000fa8                WIZCHIP_WRITE_BUF
 .text.getSn_TX_FSR
                0x0800101c       0x42 ./Core/WIZNET/Ethernet/W5500/w5500.o
                0x0800101c                getSn_TX_FSR
 .text.getSn_RX_RSR
                0x0800105e       0x42 ./Core/WIZNET/Ethernet/W5500/w5500.o
                0x0800105e                getSn_RX_RSR
 .text.wiz_send_data
                0x080010a0       0x5a ./Core/WIZNET/Ethernet/W5500/w5500.o
                0x080010a0                wiz_send_data
 .text.wiz_recv_data
                0x080010fa       0x5a ./Core/WIZNET/Ethernet/W5500/w5500.o
                0x080010fa                wiz_recv_data
 .text.wiz_recv_ignore
                0x08001154       0x3c ./Core/WIZNET/Ethernet/W5500/w5500.o
                0x08001154                wiz_recv_ignore
 .text.sendto_IO_6
                0x08001190      0x1a8 ./Core/WIZNET/Ethernet/socket.o
 .text.close    0x08001338       0x7c ./Core/WIZNET/Ethernet/socket.o
                0x08001338                close
 .text.socket   0x080013b4      0x138 ./Core/WIZNET/Ethernet/socket.o
                0x080013b4                socket
 .text.recvfrom_IO_6.isra.0
                0x080014ec      0x20c ./Core/WIZNET/Ethernet/socket.o
 .text.listen   0x080016f8       0x6a ./Core/WIZNET/Ethernet/socket.o
                0x080016f8                listen
 *fill*         0x08001762        0x2 
 .text.disconnect
                0x08001764       0x90 ./Core/WIZNET/Ethernet/socket.o
                0x08001764                disconnect
 .text.send     0x080017f4      0x16c ./Core/WIZNET/Ethernet/socket.o
                0x080017f4                send
 .text.recv     0x08001960       0xe0 ./Core/WIZNET/Ethernet/socket.o
                0x08001960                recv
 .text.sendto_W5x00
                0x08001a40       0x14 ./Core/WIZNET/Ethernet/socket.o
                0x08001a40                sendto_W5x00
 .text.recvfrom_W5x00
                0x08001a54        0x4 ./Core/WIZNET/Ethernet/socket.o
                0x08001a54                recvfrom_W5x00
 .text.wizchip_cris_enter
                0x08001a58        0x2 ./Core/WIZNET/Ethernet/wizchip_conf.o
                0x08001a58                wizchip_cris_enter
 .text.wizchip_bus_readdata
                0x08001a5a        0x4 ./Core/WIZNET/Ethernet/wizchip_conf.o
                0x08001a5a                wizchip_bus_readdata
 .text.wizchip_bus_writedata
                0x08001a5e        0x4 ./Core/WIZNET/Ethernet/wizchip_conf.o
                0x08001a5e                wizchip_bus_writedata
 .text.wizchip_spi_readbyte
                0x08001a62        0x4 ./Core/WIZNET/Ethernet/wizchip_conf.o
                0x08001a62                wizchip_spi_readbyte
 .text.wizchip_spi_writebyte
                0x08001a66        0x2 ./Core/WIZNET/Ethernet/wizchip_conf.o
                0x08001a66                wizchip_spi_writebyte
 .text.wizchip_cris_exit
                0x08001a68        0x2 ./Core/WIZNET/Ethernet/wizchip_conf.o
                0x08001a68                wizchip_cris_exit
 .text.wizchip_cs_select
                0x08001a6a        0x2 ./Core/WIZNET/Ethernet/wizchip_conf.o
                0x08001a6a                wizchip_cs_select
 .text.wizchip_cs_deselect
                0x08001a6c        0x2 ./Core/WIZNET/Ethernet/wizchip_conf.o
                0x08001a6c                wizchip_cs_deselect
 *fill*         0x08001a6e        0x2 
 .text.reg_wizchip_cs_cbfunc
                0x08001a70       0x1c ./Core/WIZNET/Ethernet/wizchip_conf.o
                0x08001a70                reg_wizchip_cs_cbfunc
 .text.reg_wizchip_spi_cbfunc
                0x08001a8c       0x24 ./Core/WIZNET/Ethernet/wizchip_conf.o
                0x08001a8c                reg_wizchip_spi_cbfunc
 .text.wizchip_sw_reset
                0x08001ab0       0x7a ./Core/WIZNET/Ethernet/wizchip_conf.o
                0x08001ab0                wizchip_sw_reset
 .text.wizchip_init
                0x08001b2a       0x86 ./Core/WIZNET/Ethernet/wizchip_conf.o
                0x08001b2a                wizchip_init
 .text.wizchip_setnetinfo
                0x08001bb0       0x5c ./Core/WIZNET/Ethernet/wizchip_conf.o
                0x08001bb0                wizchip_setnetinfo
 .text.default_ip_assign
                0x08001c0c       0x38 ./Core/WIZNET/Internet/DHCP/dhcp.o
                0x08001c0c                default_ip_assign
 .text.default_ip_update
                0x08001c44       0x28 ./Core/WIZNET/Internet/DHCP/dhcp.o
                0x08001c44                default_ip_update
 .text.default_ip_conflict
                0x08001c6c       0x24 ./Core/WIZNET/Internet/DHCP/dhcp.o
                0x08001c6c                default_ip_conflict
 .text.reg_dhcp_cbfunc
                0x08001c90       0x40 ./Core/WIZNET/Internet/DHCP/dhcp.o
                0x08001c90                reg_dhcp_cbfunc
 .text.makeDHCPMSG
                0x08001cd0       0x98 ./Core/WIZNET/Internet/DHCP/dhcp.o
                0x08001cd0                makeDHCPMSG
 .text.send_DHCP_DECLINE
                0x08001d68       0xd0 ./Core/WIZNET/Internet/DHCP/dhcp.o
                0x08001d68                send_DHCP_DECLINE
 .text.parseDHCPMSG
                0x08001e38      0x204 ./Core/WIZNET/Internet/DHCP/dhcp.o
                0x08001e38                parseDHCPMSG
 .text.check_DHCP_leasedIP
                0x0800203c       0x64 ./Core/WIZNET/Internet/DHCP/dhcp.o
                0x0800203c                check_DHCP_leasedIP
 .text.reset_DHCP_timeout
                0x080020a0       0x20 ./Core/WIZNET/Internet/DHCP/dhcp.o
                0x080020a0                reset_DHCP_timeout
 .text.DHCP_init
                0x080020c0       0xb0 ./Core/WIZNET/Internet/DHCP/dhcp.o
                0x080020c0                DHCP_init
 .text.DHCP_time_handler
                0x08002170       0x10 ./Core/WIZNET/Internet/DHCP/dhcp.o
                0x08002170                DHCP_time_handler
 .text.getIPfromDHCP
                0x08002180       0x18 ./Core/WIZNET/Internet/DHCP/dhcp.o
                0x08002180                getIPfromDHCP
 .text.getGWfromDHCP
                0x08002198       0x18 ./Core/WIZNET/Internet/DHCP/dhcp.o
                0x08002198                getGWfromDHCP
 .text.getSNfromDHCP
                0x080021b0       0x18 ./Core/WIZNET/Internet/DHCP/dhcp.o
                0x080021b0                getSNfromDHCP
 .text.getDNSfromDHCP
                0x080021c8       0x18 ./Core/WIZNET/Internet/DHCP/dhcp.o
                0x080021c8                getDNSfromDHCP
 .text.NibbleToHex
                0x080021e0        0xe ./Core/WIZNET/Internet/DHCP/dhcp.o
                0x080021e0                NibbleToHex
 *fill*         0x080021ee        0x2 
 .text.send_DHCP_DISCOVER
                0x080021f0      0x1b4 ./Core/WIZNET/Internet/DHCP/dhcp.o
                0x080021f0                send_DHCP_DISCOVER
 .text.send_DHCP_REQUEST
                0x080023a4      0x25c ./Core/WIZNET/Internet/DHCP/dhcp.o
                0x080023a4                send_DHCP_REQUEST
 .text.check_DHCP_timeout
                0x08002600       0x84 ./Core/WIZNET/Internet/DHCP/dhcp.o
                0x08002600                check_DHCP_timeout
 .text.DHCP_run
                0x08002684      0x17c ./Core/WIZNET/Internet/DHCP/dhcp.o
                0x08002684                DHCP_run
 .text.HAL_InitTick
                0x08002800       0x48 ./Drivers/STM32F1xx_HAL_Driver/Src/stm32f1xx_hal.o
                0x08002800                HAL_InitTick
 .text.HAL_Init
                0x08002848       0x24 ./Drivers/STM32F1xx_HAL_Driver/Src/stm32f1xx_hal.o
                0x08002848                HAL_Init
 .text.HAL_IncTick
                0x0800286c       0x18 ./Drivers/STM32F1xx_HAL_Driver/Src/stm32f1xx_hal.o
                0x0800286c                HAL_IncTick
 .text.HAL_GetTick
                0x08002884        0xc ./Drivers/STM32F1xx_HAL_Driver/Src/stm32f1xx_hal.o
                0x08002884                HAL_GetTick
 .text.HAL_Delay
                0x08002890       0x24 ./Drivers/STM32F1xx_HAL_Driver/Src/stm32f1xx_hal.o
                0x08002890                HAL_Delay
 .text.HAL_GetUIDw0
                0x080028b4        0xc ./Drivers/STM32F1xx_HAL_Driver/Src/stm32f1xx_hal.o
                0x080028b4                HAL_GetUIDw0
 .text.HAL_GetUIDw1
                0x080028c0        0xc ./Drivers/STM32F1xx_HAL_Driver/Src/stm32f1xx_hal.o
                0x080028c0                HAL_GetUIDw1
 .text.HAL_GetUIDw2
                0x080028cc        0xc ./Drivers/STM32F1xx_HAL_Driver/Src/stm32f1xx_hal.o
                0x080028cc                HAL_GetUIDw2
 .text.HAL_NVIC_SetPriorityGrouping
                0x080028d8       0x24 ./Drivers/STM32F1xx_HAL_Driver/Src/stm32f1xx_hal_cortex.o
                0x080028d8                HAL_NVIC_SetPriorityGrouping
 .text.HAL_NVIC_SetPriority
                0x080028fc       0x60 ./Drivers/STM32F1xx_HAL_Driver/Src/stm32f1xx_hal_cortex.o
                0x080028fc                HAL_NVIC_SetPriority
 .text.HAL_NVIC_EnableIRQ
                0x0800295c       0x1c ./Drivers/STM32F1xx_HAL_Driver/Src/stm32f1xx_hal_cortex.o
                0x0800295c                HAL_NVIC_EnableIRQ
 .text.HAL_SYSTICK_Config
                0x08002978       0x28 ./Drivers/STM32F1xx_HAL_Driver/Src/stm32f1xx_hal_cortex.o
                0x08002978                HAL_SYSTICK_Config
 .text.HAL_DMA_Init
                0x080029a0       0x60 ./Drivers/STM32F1xx_HAL_Driver/Src/stm32f1xx_hal_dma.o
                0x080029a0                HAL_DMA_Init
 .text.HAL_DMA_Start_IT
                0x08002a00       0x78 ./Drivers/STM32F1xx_HAL_Driver/Src/stm32f1xx_hal_dma.o
                0x08002a00                HAL_DMA_Start_IT
 .text.HAL_DMA_Abort
                0x08002a78       0x3e ./Drivers/STM32F1xx_HAL_Driver/Src/stm32f1xx_hal_dma.o
                0x08002a78                HAL_DMA_Abort
 *fill*         0x08002ab6        0x2 
 .text.HAL_DMA_Abort_IT
                0x08002ab8       0x8c ./Drivers/STM32F1xx_HAL_Driver/Src/stm32f1xx_hal_dma.o
                0x08002ab8                HAL_DMA_Abort_IT
 .text.HAL_DMA_IRQHandler
                0x08002b44      0x128 ./Drivers/STM32F1xx_HAL_Driver/Src/stm32f1xx_hal_dma.o
                0x08002b44                HAL_DMA_IRQHandler
 .text.HAL_GPIO_Init
                0x08002c6c      0x1a8 ./Drivers/STM32F1xx_HAL_Driver/Src/stm32f1xx_hal_gpio.o
                0x08002c6c                HAL_GPIO_Init
 .text.HAL_GPIO_WritePin
                0x08002e14        0xa ./Drivers/STM32F1xx_HAL_Driver/Src/stm32f1xx_hal_gpio.o
                0x08002e14                HAL_GPIO_WritePin
 .text.HAL_PCD_Init
                0x08002e1e       0xc6 ./Drivers/STM32F1xx_HAL_Driver/Src/stm32f1xx_hal_pcd.o
                0x08002e1e                HAL_PCD_Init
 .text.HAL_PCD_Start
                0x08002ee4       0x32 ./Drivers/STM32F1xx_HAL_Driver/Src/stm32f1xx_hal_pcd.o
                0x08002ee4                HAL_PCD_Start
 .text.HAL_PCD_SetAddress
                0x08002f16       0x26 ./Drivers/STM32F1xx_HAL_Driver/Src/stm32f1xx_hal_pcd.o
                0x08002f16                HAL_PCD_SetAddress
 .text.HAL_PCD_IRQHandler
                0x08002f3c      0xa08 ./Drivers/STM32F1xx_HAL_Driver/Src/stm32f1xx_hal_pcd.o
                0x08002f3c                HAL_PCD_IRQHandler
 .text.HAL_PCD_EP_Open
                0x08003944       0x60 ./Drivers/STM32F1xx_HAL_Driver/Src/stm32f1xx_hal_pcd.o
                0x08003944                HAL_PCD_EP_Open
 .text.HAL_PCD_EP_Close
                0x080039a4       0x50 ./Drivers/STM32F1xx_HAL_Driver/Src/stm32f1xx_hal_pcd.o
                0x080039a4                HAL_PCD_EP_Close
 .text.HAL_PCD_EP_Receive
                0x080039f4       0x2e ./Drivers/STM32F1xx_HAL_Driver/Src/stm32f1xx_hal_pcd.o
                0x080039f4                HAL_PCD_EP_Receive
 .text.HAL_PCD_EP_GetRxCount
                0x08003a22       0x10 ./Drivers/STM32F1xx_HAL_Driver/Src/stm32f1xx_hal_pcd.o
                0x08003a22                HAL_PCD_EP_GetRxCount
 .text.HAL_PCD_EP_Transmit
                0x08003a32       0x30 ./Drivers/STM32F1xx_HAL_Driver/Src/stm32f1xx_hal_pcd.o
                0x08003a32                HAL_PCD_EP_Transmit
 .text.HAL_PCD_EP_SetStall
                0x08003a62       0x6c ./Drivers/STM32F1xx_HAL_Driver/Src/stm32f1xx_hal_pcd.o
                0x08003a62                HAL_PCD_EP_SetStall
 .text.HAL_PCD_EP_ClrStall
                0x08003ace       0x64 ./Drivers/STM32F1xx_HAL_Driver/Src/stm32f1xx_hal_pcd.o
                0x08003ace                HAL_PCD_EP_ClrStall
 .text.HAL_PCDEx_PMAConfig
                0x08003b32       0x32 ./Drivers/STM32F1xx_HAL_Driver/Src/stm32f1xx_hal_pcd_ex.o
                0x08003b32                HAL_PCDEx_PMAConfig
 .text.HAL_RCC_OscConfig
                0x08003b64      0x338 ./Drivers/STM32F1xx_HAL_Driver/Src/stm32f1xx_hal_rcc.o
                0x08003b64                HAL_RCC_OscConfig
 .text.HAL_RCC_GetSysClockFreq
                0x08003e9c       0x4c ./Drivers/STM32F1xx_HAL_Driver/Src/stm32f1xx_hal_rcc.o
                0x08003e9c                HAL_RCC_GetSysClockFreq
 .text.HAL_RCC_ClockConfig
                0x08003ee8      0x138 ./Drivers/STM32F1xx_HAL_Driver/Src/stm32f1xx_hal_rcc.o
                0x08003ee8                HAL_RCC_ClockConfig
 .text.HAL_RCC_GetPCLK1Freq
                0x08004020       0x20 ./Drivers/STM32F1xx_HAL_Driver/Src/stm32f1xx_hal_rcc.o
                0x08004020                HAL_RCC_GetPCLK1Freq
 .text.HAL_RCC_GetPCLK2Freq
                0x08004040       0x20 ./Drivers/STM32F1xx_HAL_Driver/Src/stm32f1xx_hal_rcc.o
                0x08004040                HAL_RCC_GetPCLK2Freq
 .text.HAL_RCCEx_PeriphCLKConfig
                0x08004060       0xf4 ./Drivers/STM32F1xx_HAL_Driver/Src/stm32f1xx_hal_rcc_ex.o
                0x08004060                HAL_RCCEx_PeriphCLKConfig
 .text.SPI_WaitFlagStateUntilTimeout
                0x08004154       0xb8 ./Drivers/STM32F1xx_HAL_Driver/Src/stm32f1xx_hal_spi.o
 .text.SPI_EndRxTxTransaction
                0x0800420c       0x38 ./Drivers/STM32F1xx_HAL_Driver/Src/stm32f1xx_hal_spi.o
 .text.HAL_SPI_Init
                0x08004244       0xb0 ./Drivers/STM32F1xx_HAL_Driver/Src/stm32f1xx_hal_spi.o
                0x08004244                HAL_SPI_Init
 .text.HAL_SPI_Transmit
                0x080042f4      0x160 ./Drivers/STM32F1xx_HAL_Driver/Src/stm32f1xx_hal_spi.o
                0x080042f4                HAL_SPI_Transmit
 .text.HAL_SPI_TransmitReceive
                0x08004454      0x1f8 ./Drivers/STM32F1xx_HAL_Driver/Src/stm32f1xx_hal_spi.o
                0x08004454                HAL_SPI_TransmitReceive
 .text.TIM_OC1_SetConfig
                0x0800464c       0x50 ./Drivers/STM32F1xx_HAL_Driver/Src/stm32f1xx_hal_tim.o
 .text.TIM_OC3_SetConfig
                0x0800469c       0x54 ./Drivers/STM32F1xx_HAL_Driver/Src/stm32f1xx_hal_tim.o
 .text.TIM_OC4_SetConfig
                0x080046f0       0x44 ./Drivers/STM32F1xx_HAL_Driver/Src/stm32f1xx_hal_tim.o
 .text.HAL_TIM_PWM_PulseFinishedCallback
                0x08004734        0x2 ./Drivers/STM32F1xx_HAL_Driver/Src/stm32f1xx_hal_tim.o
                0x08004734                HAL_TIM_PWM_PulseFinishedCallback
 .text.TIM_DMADelayPulseCplt
                0x08004736       0x6a ./Drivers/STM32F1xx_HAL_Driver/Src/stm32f1xx_hal_tim.o
 .text.HAL_TIM_PWM_PulseFinishedHalfCpltCallback
                0x080047a0        0x2 ./Drivers/STM32F1xx_HAL_Driver/Src/stm32f1xx_hal_tim.o
                0x080047a0                HAL_TIM_PWM_PulseFinishedHalfCpltCallback
 .text.TIM_DMADelayPulseHalfCplt
                0x080047a2       0x38 ./Drivers/STM32F1xx_HAL_Driver/Src/stm32f1xx_hal_tim.o
                0x080047a2                TIM_DMADelayPulseHalfCplt
 .text.HAL_TIM_ErrorCallback
                0x080047da        0x2 ./Drivers/STM32F1xx_HAL_Driver/Src/stm32f1xx_hal_tim.o
                0x080047da                HAL_TIM_ErrorCallback
 .text.TIM_DMAError
                0x080047dc       0x58 ./Drivers/STM32F1xx_HAL_Driver/Src/stm32f1xx_hal_tim.o
                0x080047dc                TIM_DMAError
 .text.TIM_Base_SetConfig
                0x08004834       0x64 ./Drivers/STM32F1xx_HAL_Driver/Src/stm32f1xx_hal_tim.o
                0x08004834                TIM_Base_SetConfig
 .text.HAL_TIM_PWM_Init
                0x08004898       0x58 ./Drivers/STM32F1xx_HAL_Driver/Src/stm32f1xx_hal_tim.o
                0x08004898                HAL_TIM_PWM_Init
 .text.TIM_OC2_SetConfig
                0x080048f0       0x58 ./Drivers/STM32F1xx_HAL_Driver/Src/stm32f1xx_hal_tim.o
                0x080048f0                TIM_OC2_SetConfig
 .text.HAL_TIM_PWM_ConfigChannel
                0x08004948       0xb0 ./Drivers/STM32F1xx_HAL_Driver/Src/stm32f1xx_hal_tim.o
                0x08004948                HAL_TIM_PWM_ConfigChannel
 .text.TIM_CCxChannelCmd
                0x080049f8       0x1c ./Drivers/STM32F1xx_HAL_Driver/Src/stm32f1xx_hal_tim.o
                0x080049f8                TIM_CCxChannelCmd
 .text.HAL_TIM_OC_Start_DMA
                0x08004a14      0x178 ./Drivers/STM32F1xx_HAL_Driver/Src/stm32f1xx_hal_tim.o
                0x08004a14                HAL_TIM_OC_Start_DMA
 .text.HAL_TIM_PWM_Start_DMA
                0x08004b8c        0x4 ./Drivers/STM32F1xx_HAL_Driver/Src/stm32f1xx_hal_tim.o
                0x08004b8c                HAL_TIM_PWM_Start_DMA
 .text.HAL_TIMEx_MasterConfigSynchronization
                0x08004b90       0x5c ./Drivers/STM32F1xx_HAL_Driver/Src/stm32f1xx_hal_tim_ex.o
                0x08004b90                HAL_TIMEx_MasterConfigSynchronization
 .text.UART_EndRxTransfer
                0x08004bec       0x5c ./Drivers/STM32F1xx_HAL_Driver/Src/stm32f1xx_hal_uart.o
 .text.UART_SetConfig
                0x08004c48       0x74 ./Drivers/STM32F1xx_HAL_Driver/Src/stm32f1xx_hal_uart.o
 .text.UART_WaitOnFlagUntilTimeout.constprop.0
                0x08004cbc       0x64 ./Drivers/STM32F1xx_HAL_Driver/Src/stm32f1xx_hal_uart.o
 .text.HAL_UART_Init
                0x08004d20       0x5e ./Drivers/STM32F1xx_HAL_Driver/Src/stm32f1xx_hal_uart.o
                0x08004d20                HAL_UART_Init
 .text.HAL_UART_Transmit
                0x08004d7e       0x9c ./Drivers/STM32F1xx_HAL_Driver/Src/stm32f1xx_hal_uart.o
                0x08004d7e                HAL_UART_Transmit
 .text.HAL_UART_TxCpltCallback
                0x08004e1a        0x2 ./Drivers/STM32F1xx_HAL_Driver/Src/stm32f1xx_hal_uart.o
                0x08004e1a                HAL_UART_TxCpltCallback
 .text.HAL_UART_ErrorCallback
                0x08004e1c        0x2 ./Drivers/STM32F1xx_HAL_Driver/Src/stm32f1xx_hal_uart.o
                0x08004e1c                HAL_UART_ErrorCallback
 .text.UART_DMAAbortOnError
                0x08004e1e       0x10 ./Drivers/STM32F1xx_HAL_Driver/Src/stm32f1xx_hal_uart.o
 .text.HAL_UARTEx_RxEventCallback
                0x08004e2e        0x2 ./Drivers/STM32F1xx_HAL_Driver/Src/stm32f1xx_hal_uart.o
                0x08004e2e                HAL_UARTEx_RxEventCallback
 .text.UART_Receive_IT.isra.0
                0x08004e30       0xb6 ./Drivers/STM32F1xx_HAL_Driver/Src/stm32f1xx_hal_uart.o
 *fill*         0x08004ee6        0x2 
 .text.HAL_UART_IRQHandler
                0x08004ee8      0x294 ./Drivers/STM32F1xx_HAL_Driver/Src/stm32f1xx_hal_uart.o
                0x08004ee8                HAL_UART_IRQHandler
 .text.UART_Start_Receive_IT
                0x0800517c       0x32 ./Drivers/STM32F1xx_HAL_Driver/Src/stm32f1xx_hal_uart.o
                0x0800517c                UART_Start_Receive_IT
 .text.HAL_UART_Receive_IT
                0x080051ae       0x22 ./Drivers/STM32F1xx_HAL_Driver/Src/stm32f1xx_hal_uart.o
                0x080051ae                HAL_UART_Receive_IT
 .text.USB_CoreInit
                0x080051d0        0xe ./Drivers/STM32F1xx_HAL_Driver/Src/stm32f1xx_ll_usb.o
                0x080051d0                USB_CoreInit
 .text.USB_EnableGlobalInt
                0x080051de       0x12 ./Drivers/STM32F1xx_HAL_Driver/Src/stm32f1xx_ll_usb.o
                0x080051de                USB_EnableGlobalInt
 .text.USB_DisableGlobalInt
                0x080051f0       0x14 ./Drivers/STM32F1xx_HAL_Driver/Src/stm32f1xx_ll_usb.o
                0x080051f0                USB_DisableGlobalInt
 .text.USB_SetCurrentMode
                0x08005204        0x4 ./Drivers/STM32F1xx_HAL_Driver/Src/stm32f1xx_ll_usb.o
                0x08005204                USB_SetCurrentMode
 .text.USB_DevInit
                0x08005208       0x22 ./Drivers/STM32F1xx_HAL_Driver/Src/stm32f1xx_ll_usb.o
                0x08005208                USB_DevInit
 *fill*         0x0800522a        0x2 
 .text.USB_ActivateEndpoint
                0x0800522c      0x2c0 ./Drivers/STM32F1xx_HAL_Driver/Src/stm32f1xx_ll_usb.o
                0x0800522c                USB_ActivateEndpoint
 .text.USB_DeactivateEndpoint
                0x080054ec      0x1a6 ./Drivers/STM32F1xx_HAL_Driver/Src/stm32f1xx_ll_usb.o
                0x080054ec                USB_DeactivateEndpoint
 .text.USB_EPSetStall
                0x08005692       0x40 ./Drivers/STM32F1xx_HAL_Driver/Src/stm32f1xx_ll_usb.o
                0x08005692                USB_EPSetStall
 .text.USB_EPClearStall
                0x080056d2       0x92 ./Drivers/STM32F1xx_HAL_Driver/Src/stm32f1xx_ll_usb.o
                0x080056d2                USB_EPClearStall
 .text.USB_SetDevAddress
                0x08005764        0xc ./Drivers/STM32F1xx_HAL_Driver/Src/stm32f1xx_ll_usb.o
                0x08005764                USB_SetDevAddress
 .text.USB_DevConnect
                0x08005770        0x4 ./Drivers/STM32F1xx_HAL_Driver/Src/stm32f1xx_ll_usb.o
                0x08005770                USB_DevConnect
 .text.USB_DevDisconnect
                0x08005774        0x4 ./Drivers/STM32F1xx_HAL_Driver/Src/stm32f1xx_ll_usb.o
                0x08005774                USB_DevDisconnect
 .text.USB_ReadInterrupts
                0x08005778        0x8 ./Drivers/STM32F1xx_HAL_Driver/Src/stm32f1xx_ll_usb.o
                0x08005778                USB_ReadInterrupts
 .text.USB_EP0_OutStart
                0x08005780        0x4 ./Drivers/STM32F1xx_HAL_Driver/Src/stm32f1xx_ll_usb.o
                0x08005780                USB_EP0_OutStart
 .text.USB_WritePMA
                0x08005784       0x20 ./Drivers/STM32F1xx_HAL_Driver/Src/stm32f1xx_ll_usb.o
                0x08005784                USB_WritePMA
 .text.USB_EPStartXfer
                0x080057a4      0x46a ./Drivers/STM32F1xx_HAL_Driver/Src/stm32f1xx_ll_usb.o
                0x080057a4                USB_EPStartXfer
 .text.USB_ReadPMA
                0x08005c0e       0x38 ./Drivers/STM32F1xx_HAL_Driver/Src/stm32f1xx_ll_usb.o
                0x08005c0e                USB_ReadPMA
 .text.USBD_CDC_EP0_RxReady
                0x08005c46       0x28 ./Middlewares/ST/STM32_USB_Device_Library/Class/CDC/Src/usbd_cdc.o
 *fill*         0x08005c6e        0x2 
 .text.USBD_CDC_GetFSCfgDesc
                0x08005c70        0xc ./Middlewares/ST/STM32_USB_Device_Library/Class/CDC/Src/usbd_cdc.o
 .text.USBD_CDC_GetHSCfgDesc
                0x08005c7c        0xc ./Middlewares/ST/STM32_USB_Device_Library/Class/CDC/Src/usbd_cdc.o
 .text.USBD_CDC_GetOtherSpeedCfgDesc
                0x08005c88        0xc ./Middlewares/ST/STM32_USB_Device_Library/Class/CDC/Src/usbd_cdc.o
 .text.USBD_CDC_GetDeviceQualifierDescriptor
                0x08005c94        0xc ./Middlewares/ST/STM32_USB_Device_Library/Class/CDC/Src/usbd_cdc.o
                0x08005c94                USBD_CDC_GetDeviceQualifierDescriptor
 .text.USBD_CDC_DataOut
                0x08005ca0       0x2e ./Middlewares/ST/STM32_USB_Device_Library/Class/CDC/Src/usbd_cdc.o
 .text.USBD_CDC_DataIn
                0x08005cce       0x40 ./Middlewares/ST/STM32_USB_Device_Library/Class/CDC/Src/usbd_cdc.o
 .text.USBD_CDC_Setup
                0x08005d0e       0xa2 ./Middlewares/ST/STM32_USB_Device_Library/Class/CDC/Src/usbd_cdc.o
 .text.USBD_CDC_DeInit
                0x08005db0       0x42 ./Middlewares/ST/STM32_USB_Device_Library/Class/CDC/Src/usbd_cdc.o
 .text.USBD_CDC_Init
                0x08005df2       0x8c ./Middlewares/ST/STM32_USB_Device_Library/Class/CDC/Src/usbd_cdc.o
 .text.USBD_CDC_RegisterInterface
                0x08005e7e        0xe ./Middlewares/ST/STM32_USB_Device_Library/Class/CDC/Src/usbd_cdc.o
                0x08005e7e                USBD_CDC_RegisterInterface
 .text.USBD_CDC_SetTxBuffer
                0x08005e8c       0x10 ./Middlewares/ST/STM32_USB_Device_Library/Class/CDC/Src/usbd_cdc.o
                0x08005e8c                USBD_CDC_SetTxBuffer
 .text.USBD_CDC_SetRxBuffer
                0x08005e9c        0xc ./Middlewares/ST/STM32_USB_Device_Library/Class/CDC/Src/usbd_cdc.o
                0x08005e9c                USBD_CDC_SetRxBuffer
 .text.USBD_CDC_TransmitPacket
                0x08005ea8       0x32 ./Middlewares/ST/STM32_USB_Device_Library/Class/CDC/Src/usbd_cdc.o
                0x08005ea8                USBD_CDC_TransmitPacket
 .text.USBD_CDC_ReceivePacket
                0x08005eda       0x26 ./Middlewares/ST/STM32_USB_Device_Library/Class/CDC/Src/usbd_cdc.o
                0x08005eda                USBD_CDC_ReceivePacket
 .text.USBD_Init
                0x08005f00       0x2a ./Middlewares/ST/STM32_USB_Device_Library/Core/Src/usbd_core.o
                0x08005f00                USBD_Init
 .text.USBD_RegisterClass
                0x08005f2a        0xe ./Middlewares/ST/STM32_USB_Device_Library/Core/Src/usbd_core.o
                0x08005f2a                USBD_RegisterClass
 .text.USBD_Start
                0x08005f38        0xa ./Middlewares/ST/STM32_USB_Device_Library/Core/Src/usbd_core.o
                0x08005f38                USBD_Start
 .text.USBD_SetClassConfig
                0x08005f42       0x1a ./Middlewares/ST/STM32_USB_Device_Library/Core/Src/usbd_core.o
                0x08005f42                USBD_SetClassConfig
 .text.USBD_ClrClassConfig
                0x08005f5c        0xe ./Middlewares/ST/STM32_USB_Device_Library/Core/Src/usbd_core.o
                0x08005f5c                USBD_ClrClassConfig
 .text.USBD_LL_SetupStage
                0x08005f6a       0x5a ./Middlewares/ST/STM32_USB_Device_Library/Core/Src/usbd_core.o
                0x08005f6a                USBD_LL_SetupStage
 .text.USBD_LL_DataOutStage
                0x08005fc4       0x70 ./Middlewares/ST/STM32_USB_Device_Library/Core/Src/usbd_core.o
                0x08005fc4                USBD_LL_DataOutStage
 .text.USBD_LL_DataInStage
                0x08006034       0xb8 ./Middlewares/ST/STM32_USB_Device_Library/Core/Src/usbd_core.o
                0x08006034                USBD_LL_DataInStage
 .text.USBD_LL_Reset
                0x080060ec       0x4e ./Middlewares/ST/STM32_USB_Device_Library/Core/Src/usbd_core.o
                0x080060ec                USBD_LL_Reset
 .text.USBD_LL_SetSpeed
                0x0800613a        0x6 ./Middlewares/ST/STM32_USB_Device_Library/Core/Src/usbd_core.o
                0x0800613a                USBD_LL_SetSpeed
 .text.USBD_LL_Suspend
                0x08006140       0x12 ./Middlewares/ST/STM32_USB_Device_Library/Core/Src/usbd_core.o
                0x08006140                USBD_LL_Suspend
 .text.USBD_LL_Resume
                0x08006152       0x14 ./Middlewares/ST/STM32_USB_Device_Library/Core/Src/usbd_core.o
                0x08006152                USBD_LL_Resume
 .text.USBD_LL_SOF
                0x08006166       0x18 ./Middlewares/ST/STM32_USB_Device_Library/Core/Src/usbd_core.o
                0x08006166                USBD_LL_SOF
 .text.USBD_CtlError.constprop.0
                0x0800617e       0x16 ./Middlewares/ST/STM32_USB_Device_Library/Core/Src/usbd_ctlreq.o
 .text.USBD_StdDevReq
                0x08006194      0x290 ./Middlewares/ST/STM32_USB_Device_Library/Core/Src/usbd_ctlreq.o
                0x08006194                USBD_StdDevReq
 .text.USBD_StdItfReq
                0x08006424       0x48 ./Middlewares/ST/STM32_USB_Device_Library/Core/Src/usbd_ctlreq.o
                0x08006424                USBD_StdItfReq
 .text.USBD_StdEPReq
                0x0800646c      0x118 ./Middlewares/ST/STM32_USB_Device_Library/Core/Src/usbd_ctlreq.o
                0x0800646c                USBD_StdEPReq
 .text.USBD_ParseSetupRequest
                0x08006584       0x16 ./Middlewares/ST/STM32_USB_Device_Library/Core/Src/usbd_ctlreq.o
                0x08006584                USBD_ParseSetupRequest
 .text.USBD_CtlError
                0x0800659a       0x16 ./Middlewares/ST/STM32_USB_Device_Library/Core/Src/usbd_ctlreq.o
                0x0800659a                USBD_CtlError
 .text.USBD_GetString
                0x080065b0       0x38 ./Middlewares/ST/STM32_USB_Device_Library/Core/Src/usbd_ctlreq.o
                0x080065b0                USBD_GetString
 .text.USBD_CtlSendData
                0x080065e8       0x1a ./Middlewares/ST/STM32_USB_Device_Library/Core/Src/usbd_ioreq.o
                0x080065e8                USBD_CtlSendData
 .text.USBD_CtlContinueSendData
                0x08006602       0x10 ./Middlewares/ST/STM32_USB_Device_Library/Core/Src/usbd_ioreq.o
                0x08006602                USBD_CtlContinueSendData
 .text.USBD_CtlPrepareRx
                0x08006612       0x1a ./Middlewares/ST/STM32_USB_Device_Library/Core/Src/usbd_ioreq.o
                0x08006612                USBD_CtlPrepareRx
 .text.USBD_CtlContinueRx
                0x0800662c       0x10 ./Middlewares/ST/STM32_USB_Device_Library/Core/Src/usbd_ioreq.o
                0x0800662c                USBD_CtlContinueRx
 .text.USBD_CtlSendStatus
                0x0800663c       0x16 ./Middlewares/ST/STM32_USB_Device_Library/Core/Src/usbd_ioreq.o
                0x0800663c                USBD_CtlSendStatus
 .text.USBD_CtlReceiveStatus
                0x08006652       0x16 ./Middlewares/ST/STM32_USB_Device_Library/Core/Src/usbd_ioreq.o
                0x08006652                USBD_CtlReceiveStatus
 .text.MX_USB_DEVICE_Init
                0x08006668       0x50 ./USB_DEVICE/App/usb_device.o
                0x08006668                MX_USB_DEVICE_Init
 .text.CDC_DeInit_FS
                0x080066b8        0x4 ./USB_DEVICE/App/usbd_cdc_if.o
 .text.CDC_Control_FS
                0x080066bc        0x4 ./USB_DEVICE/App/usbd_cdc_if.o
 .text.CDC_Receive_FS
                0x080066c0       0x34 ./USB_DEVICE/App/usbd_cdc_if.o
 .text.CDC_Init_FS
                0x080066f4       0x28 ./USB_DEVICE/App/usbd_cdc_if.o
 .text.CDC_Transmit_FS
                0x0800671c       0x2c ./USB_DEVICE/App/usbd_cdc_if.o
                0x0800671c                CDC_Transmit_FS
 .text.USBD_FS_DeviceDescriptor
                0x08006748        0xc ./USB_DEVICE/App/usbd_desc.o
                0x08006748                USBD_FS_DeviceDescriptor
 .text.USBD_FS_LangIDStrDescriptor
                0x08006754        0xc ./USB_DEVICE/App/usbd_desc.o
                0x08006754                USBD_FS_LangIDStrDescriptor
 .text.IntToUnicode
                0x08006760       0x2a ./USB_DEVICE/App/usbd_desc.o
 *fill*         0x0800678a        0x2 
 .text.USBD_FS_SerialStrDescriptor
                0x0800678c       0x3c ./USB_DEVICE/App/usbd_desc.o
                0x0800678c                USBD_FS_SerialStrDescriptor
 .text.USBD_FS_ManufacturerStrDescriptor
                0x080067c8       0x1c ./USB_DEVICE/App/usbd_desc.o
                0x080067c8                USBD_FS_ManufacturerStrDescriptor
 .text.USBD_FS_ProductStrDescriptor
                0x080067e4       0x1c ./USB_DEVICE/App/usbd_desc.o
                0x080067e4                USBD_FS_ProductStrDescriptor
 .text.USBD_FS_ConfigStrDescriptor
                0x08006800       0x1c ./USB_DEVICE/App/usbd_desc.o
                0x08006800                USBD_FS_ConfigStrDescriptor
 .text.USBD_FS_InterfaceStrDescriptor
                0x0800681c       0x1c ./USB_DEVICE/App/usbd_desc.o
                0x0800681c                USBD_FS_InterfaceStrDescriptor
 .text.USBD_Get_USB_Status
                0x08006838        0xc ./USB_DEVICE/Target/usbd_conf.o
 .text.HAL_PCD_MspInit
                0x08006844       0x40 ./USB_DEVICE/Target/usbd_conf.o
                0x08006844                HAL_PCD_MspInit
 .text.HAL_PCD_SetupStageCallback
                0x08006884        0xc ./USB_DEVICE/Target/usbd_conf.o
                0x08006884                HAL_PCD_SetupStageCallback
 .text.HAL_PCD_DataOutStageCallback
                0x08006890       0x12 ./USB_DEVICE/Target/usbd_conf.o
                0x08006890                HAL_PCD_DataOutStageCallback
 .text.HAL_PCD_DataInStageCallback
                0x080068a2       0x10 ./USB_DEVICE/Target/usbd_conf.o
                0x080068a2                HAL_PCD_DataInStageCallback
 .text.HAL_PCD_SOFCallback
                0x080068b2        0x8 ./USB_DEVICE/Target/usbd_conf.o
                0x080068b2                HAL_PCD_SOFCallback
 .text.HAL_PCD_ResetCallback
                0x080068ba       0x24 ./USB_DEVICE/Target/usbd_conf.o
                0x080068ba                HAL_PCD_ResetCallback
 *fill*         0x080068de        0x2 
 .text.HAL_PCD_SuspendCallback
                0x080068e0       0x20 ./USB_DEVICE/Target/usbd_conf.o
                0x080068e0                HAL_PCD_SuspendCallback
 .text.HAL_PCD_ResumeCallback
                0x08006900        0x8 ./USB_DEVICE/Target/usbd_conf.o
                0x08006900                HAL_PCD_ResumeCallback
 .text.USBD_LL_Init
                0x08006908       0x80 ./USB_DEVICE/Target/usbd_conf.o
                0x08006908                USBD_LL_Init
 .text.USBD_LL_Start
                0x08006988       0x12 ./USB_DEVICE/Target/usbd_conf.o
                0x08006988                USBD_LL_Start
 .text.USBD_LL_OpenEP
                0x0800699a       0x18 ./USB_DEVICE/Target/usbd_conf.o
                0x0800699a                USBD_LL_OpenEP
 .text.USBD_LL_CloseEP
                0x080069b2       0x12 ./USB_DEVICE/Target/usbd_conf.o
                0x080069b2                USBD_LL_CloseEP
 .text.USBD_LL_StallEP
                0x080069c4       0x12 ./USB_DEVICE/Target/usbd_conf.o
                0x080069c4                USBD_LL_StallEP
 .text.USBD_LL_ClearStallEP
                0x080069d6       0x12 ./USB_DEVICE/Target/usbd_conf.o
                0x080069d6                USBD_LL_ClearStallEP
 .text.USBD_LL_IsStallEP
                0x080069e8       0x22 ./USB_DEVICE/Target/usbd_conf.o
                0x080069e8                USBD_LL_IsStallEP
 .text.USBD_LL_SetUSBAddress
                0x08006a0a       0x12 ./USB_DEVICE/Target/usbd_conf.o
                0x08006a0a                USBD_LL_SetUSBAddress
 .text.USBD_LL_Transmit
                0x08006a1c       0x12 ./USB_DEVICE/Target/usbd_conf.o
                0x08006a1c                USBD_LL_Transmit
 .text.USBD_LL_PrepareReceive
                0x08006a2e       0x12 ./USB_DEVICE/Target/usbd_conf.o
                0x08006a2e                USBD_LL_PrepareReceive
 .text.USBD_LL_GetRxDataSize
                0x08006a40        0x8 ./USB_DEVICE/Target/usbd_conf.o
                0x08006a40                USBD_LL_GetRxDataSize
 .text.USBD_static_malloc
                0x08006a48        0x8 ./USB_DEVICE/Target/usbd_conf.o
                0x08006a48                USBD_static_malloc
 .text.USBD_static_free
                0x08006a50        0x2 ./USB_DEVICE/Target/usbd_conf.o
                0x08006a50                USBD_static_free
 .text.HAL_PCDEx_SetConnectionState
                0x08006a52        0x2 ./USB_DEVICE/Target/usbd_conf.o
                0x08006a52                HAL_PCDEx_SetConnectionState
 .text.sprintf  0x08006a54       0x44 C:/ST/STM32CubeIDE_2.0.0/STM32CubeIDE/plugins/com.st.stm32cube.ide.mcu.externaltools.gnu-tools-for-stm32.13.3.rel1.win32_1.0.100.202509120712/tools/bin/../lib/gcc/arm-none-eabi/13.3.1/../../../../arm-none-eabi/lib/thumb/v7-m/nofp\libc_nano.a(libc_a-sprintf.o)
                0x08006a54                siprintf
                0x08006a54                sprintf
 .text.sscanf   0x08006a98       0x58 C:/ST/STM32CubeIDE_2.0.0/STM32CubeIDE/plugins/com.st.stm32cube.ide.mcu.externaltools.gnu-tools-for-stm32.13.3.rel1.win32_1.0.100.202509120712/tools/bin/../lib/gcc/arm-none-eabi/13.3.1/../../../../arm-none-eabi/lib/thumb/v7-m/nofp\libc_nano.a(libc_a-sscanf.o)
                0x08006a98                siscanf
                0x08006a98                sscanf
 .text.__seofread
                0x08006af0        0x4 C:/ST/STM32CubeIDE_2.0.0/STM32CubeIDE/plugins/com.st.stm32cube.ide.mcu.externaltools.gnu-tools-for-stm32.13.3.rel1.win32_1.0.100.202509120712/tools/bin/../lib/gcc/arm-none-eabi/13.3.1/../../../../arm-none-eabi/lib/thumb/v7-m/nofp\libc_nano.a(libc_a-stdio.o)
                0x08006af0                __seofread
 .text._vsnprintf_r
                0x08006af4       0x5c C:/ST/STM32CubeIDE_2.0.0/STM32CubeIDE/plugins/com.st.stm32cube.ide.mcu.externaltools.gnu-tools-for-stm32.13.3.rel1.win32_1.0.100.202509120712/tools/bin/../lib/gcc/arm-none-eabi/13.3.1/../../../../arm-none-eabi/lib/thumb/v7-m/nofp\libc_nano.a(libc_a-vsnprintf.o)
                0x08006af4                _vsniprintf_r
                0x08006af4                _vsnprintf_r
 .text.vsnprintf
                0x08006b50       0x1c C:/ST/STM32CubeIDE_2.0.0/STM32CubeIDE/plugins/com.st.stm32cube.ide.mcu.externaltools.gnu-tools-for-stm32.13.3.rel1.win32_1.0.100.202509120712/tools/bin/../lib/gcc/arm-none-eabi/13.3.1/../../../../arm-none-eabi/lib/thumb/v7-m/nofp\libc_nano.a(libc_a-vsnprintf.o)
                0x08006b50                vsniprintf
                0x08006b50                vsnprintf
 .text.memcmp   0x08006b6c       0x20 C:/ST/STM32CubeIDE_2.0.0/STM32CubeIDE/plugins/com.st.stm32cube.ide.mcu.externaltools.gnu-tools-for-stm32.13.3.rel1.win32_1.0.100.202509120712/tools/bin/../lib/gcc/arm-none-eabi/13.3.1/../../../../arm-none-eabi/lib/thumb/v7-m/nofp\libc_nano.a(libc_a-memcmp.o)
                0x08006b6c                memcmp
 .text.memset   0x08006b8c       0x10 C:/ST/STM32CubeIDE_2.0.0/STM32CubeIDE/plugins/com.st.stm32cube.ide.mcu.externaltools.gnu-tools-for-stm32.13.3.rel1.win32_1.0.100.202509120712/tools/bin/../lib/gcc/arm-none-eabi/13.3.1/../../../../arm-none-eabi/lib/thumb/v7-m/nofp\libc_nano.a(libc_a-memset.o)
                0x08006b8c                memset
 .text.strstr   0x08006b9c       0x2c C:/ST/STM32CubeIDE_2.0.0/STM32CubeIDE/plugins/com.st.stm32cube.ide.mcu.externaltools.gnu-tools-for-stm32.13.3.rel1.win32_1.0.100.202509120712/tools/bin/../lib/gcc/arm-none-eabi/13.3.1/../../../../arm-none-eabi/lib/thumb/v7-m/nofp\libc_nano.a(libc_a-strstr.o)
                0x08006b9c                strstr
 .text.__errno  0x08006bc8        0xc C:/ST/STM32CubeIDE_2.0.0/STM32CubeIDE/plugins/com.st.stm32cube.ide.mcu.externaltools.gnu-tools-for-stm32.13.3.rel1.win32_1.0.100.202509120712/tools/bin/../lib/gcc/arm-none-eabi/13.3.1/../../../../arm-none-eabi/lib/thumb/v7-m/nofp\libc_nano.a(libc_a-errno.o)
                0x08006bc8                __errno
 .text.__libc_init_array
                0x08006bd4       0x48 C:/ST/STM32CubeIDE_2.0.0/STM32CubeIDE/plugins/com.st.stm32cube.ide.mcu.externaltools.gnu-tools-for-stm32.13.3.rel1.win32_1.0.100.202509120712/tools/bin/../lib/gcc/arm-none-eabi/13.3.1/../../../../arm-none-eabi/lib/thumb/v7-m/nofp\libc_nano.a(libc_a-init.o)
                0x08006bd4                __libc_init_array
 .text.__retarget_lock_acquire_recursive
                0x08006c1c        0x2 C:/ST/STM32CubeIDE_2.0.0/STM32CubeIDE/plugins/com.st.stm32cube.ide.mcu.externaltools.gnu-tools-for-stm32.13.3.rel1.win32_1.0.100.202509120712/tools/bin/../lib/gcc/arm-none-eabi/13.3.1/../../../../arm-none-eabi/lib/thumb/v7-m/nofp\libc_nano.a(libc_a-lock.o)
                0x08006c1c                __retarget_lock_acquire_recursive
 .text.__retarget_lock_release_recursive
                0x08006c1e        0x2 C:/ST/STM32CubeIDE_2.0.0/STM32CubeIDE/plugins/com.st.stm32cube.ide.mcu.externaltools.gnu-tools-for-stm32.13.3.rel1.win32_1.0.100.202509120712/tools/bin/../lib/gcc/arm-none-eabi/13.3.1/../../../../arm-none-eabi/lib/thumb/v7-m/nofp\libc_nano.a(libc_a-lock.o)
                0x08006c1e                __retarget_lock_release_recursive
 .text._free_r  0x08006c20       0x90 C:/ST/STM32CubeIDE_2.0.0/STM32CubeIDE/plugins/com.st.stm32cube.ide.mcu.externaltools.gnu-tools-for-stm32.13.3.rel1.win32_1.0.100.202509120712/tools/bin/../lib/gcc/arm-none-eabi/13.3.1/../../../../arm-none-eabi/lib/thumb/v7-m/nofp\libc_nano.a(libc_a-freer.o)
                0x08006c20                _free_r
 .text.sbrk_aligned
                0x08006cb0       0x44 C:/ST/STM32CubeIDE_2.0.0/STM32CubeIDE/plugins/com.st.stm32cube.ide.mcu.externaltools.gnu-tools-for-stm32.13.3.rel1.win32_1.0.100.202509120712/tools/bin/../lib/gcc/arm-none-eabi/13.3.1/../../../../arm-none-eabi/lib/thumb/v7-m/nofp\libc_nano.a(libc_a-mallocr.o)
 .text._malloc_r
                0x08006cf4      0x100 C:/ST/STM32CubeIDE_2.0.0/STM32CubeIDE/plugins/com.st.stm32cube.ide.mcu.externaltools.gnu-tools-for-stm32.13.3.rel1.win32_1.0.100.202509120712/tools/bin/../lib/gcc/arm-none-eabi/13.3.1/../../../../arm-none-eabi/lib/thumb/v7-m/nofp\libc_nano.a(libc_a-mallocr.o)
                0x08006cf4                _malloc_r
 .text.__malloc_lock
                0x08006df4        0xc C:/ST/STM32CubeIDE_2.0.0/STM32CubeIDE/plugins/com.st.stm32cube.ide.mcu.externaltools.gnu-tools-for-stm32.13.3.rel1.win32_1.0.100.202509120712/tools/bin/../lib/gcc/arm-none-eabi/13.3.1/../../../../arm-none-eabi/lib/thumb/v7-m/nofp\libc_nano.a(libc_a-mlock.o)
                0x08006df4                __malloc_lock
 .text.__malloc_unlock
                0x08006e00        0xc C:/ST/STM32CubeIDE_2.0.0/STM32CubeIDE/plugins/com.st.stm32cube.ide.mcu.externaltools.gnu-tools-for-stm32.13.3.rel1.win32_1.0.100.202509120712/tools/bin/../lib/gcc/arm-none-eabi/13.3.1/../../../../arm-none-eabi/lib/thumb/v7-m/nofp\libc_nano.a(libc_a-mlock.o)
                0x08006e00                __malloc_unlock
 .text.__ssputs_r
                0x08006e0c       0xb6 C:/ST/STM32CubeIDE_2.0.0/STM32CubeIDE/plugins/com.st.stm32cube.ide.mcu.externaltools.gnu-tools-for-stm32.13.3.rel1.win32_1.0.100.202509120712/tools/bin/../lib/gcc/arm-none-eabi/13.3.1/../../../../arm-none-eabi/lib/thumb/v7-m/nofp\libc_nano.a(libc_a-nano-svfprintf.o)
                0x08006e0c                __ssputs_r
 *fill*         0x08006ec2        0x2 
 .text._svfprintf_r
                0x08006ec4      0x1f8 C:/ST/STM32CubeIDE_2.0.0/STM32CubeIDE/plugins/com.st.stm32cube.ide.mcu.externaltools.gnu-tools-for-stm32.13.3.rel1.win32_1.0.100.202509120712/tools/bin/../lib/gcc/arm-none-eabi/13.3.1/../../../../arm-none-eabi/lib/thumb/v7-m/nofp\libc_nano.a(libc_a-nano-svfprintf.o)
                0x08006ec4                _svfiprintf_r
                0x08006ec4                _svfprintf_r
 .text._sungetc_r
                0x080070bc       0x7a C:/ST/STM32CubeIDE_2.0.0/STM32CubeIDE/plugins/com.st.stm32cube.ide.mcu.externaltools.gnu-tools-for-stm32.13.3.rel1.win32_1.0.100.202509120712/tools/bin/../lib/gcc/arm-none-eabi/13.3.1/../../../../arm-none-eabi/lib/thumb/v7-m/nofp\libc_nano.a(libc_a-nano-svfscanf.o)
                0x080070bc                _sungetc_r
 .text.__ssrefill_r
                0x08007136       0x3a C:/ST/STM32CubeIDE_2.0.0/STM32CubeIDE/plugins/com.st.stm32cube.ide.mcu.externaltools.gnu-tools-for-stm32.13.3.rel1.win32_1.0.100.202509120712/tools/bin/../lib/gcc/arm-none-eabi/13.3.1/../../../../arm-none-eabi/lib/thumb/v7-m/nofp\libc_nano.a(libc_a-nano-svfscanf.o)
                0x08007136                __ssrefill_r
 .text.__ssvfscanf_r
                0x08007170      0x2e8 C:/ST/STM32CubeIDE_2.0.0/STM32CubeIDE/plugins/com.st.stm32cube.ide.mcu.externaltools.gnu-tools-for-stm32.13.3.rel1.win32_1.0.100.202509120712/tools/bin/../lib/gcc/arm-none-eabi/13.3.1/../../../../arm-none-eabi/lib/thumb/v7-m/nofp\libc_nano.a(libc_a-nano-svfscanf.o)
                0x08007170                __ssvfiscanf_r
                0x08007170                __ssvfscanf_r
 .text._printf_common
                0x08007458       0xe4 C:/ST/STM32CubeIDE_2.0.0/STM32CubeIDE/plugins/com.st.stm32cube.ide.mcu.externaltools.gnu-tools-for-stm32.13.3.rel1.win32_1.0.100.202509120712/tools/bin/../lib/gcc/arm-none-eabi/13.3.1/../../../../arm-none-eabi/lib/thumb/v7-m/nofp\libc_nano.a(libc_a-nano-vfprintf_i.o)
                0x08007458                _printf_common
 .text._printf_i
                0x0800753c      0x23c C:/ST/STM32CubeIDE_2.0.0/STM32CubeIDE/plugins/com.st.stm32cube.ide.mcu.externaltools.gnu-tools-for-stm32.13.3.rel1.win32_1.0.100.202509120712/tools/bin/../lib/gcc/arm-none-eabi/13.3.1/../../../../arm-none-eabi/lib/thumb/v7-m/nofp\libc_nano.a(libc_a-nano-vfprintf_i.o)
                0x0800753c                _printf_i
 .text._scanf_chars
                0x08007778       0xb4 C:/ST/STM32CubeIDE_2.0.0/STM32CubeIDE/plugins/com.st.stm32cube.ide.mcu.externaltools.gnu-tools-for-stm32.13.3.rel1.win32_1.0.100.202509120712/tools/bin/../lib/gcc/arm-none-eabi/13.3.1/../../../../arm-none-eabi/lib/thumb/v7-m/nofp\libc_nano.a(libc_a-nano-vfscanf_i.o)
                0x08007778                _scanf_chars
 .text._scanf_i
                0x0800782c      0x1e4 C:/ST/STM32CubeIDE_2.0.0/STM32CubeIDE/plugins/com.st.stm32cube.ide.mcu.externaltools.gnu-tools-for-stm32.13.3.rel1.win32_1.0.100.202509120712/tools/bin/../lib/gcc/arm-none-eabi/13.3.1/../../../../arm-none-eabi/lib/thumb/v7-m/nofp\libc_nano.a(libc_a-nano-vfscanf_i.o)
                0x0800782c                _scanf_i
 .text.__sccl   0x08007a10       0x72 C:/ST/STM32CubeIDE_2.0.0/STM32CubeIDE/plugins/com.st.stm32cube.ide.mcu.externaltools.gnu-tools-for-stm32.13.3.rel1.win32_1.0.100.202509120712/tools/bin/../lib/gcc/arm-none-eabi/13.3.1/../../../../arm-none-eabi/lib/thumb/v7-m/nofp\libc_nano.a(libc_a-sccl.o)
                0x08007a10                __sccl
 .text.__submore
                0x08007a82       0x70 C:/ST/STM32CubeIDE_2.0.0/STM32CubeIDE/plugins/com.st.stm32cube.ide.mcu.externaltools.gnu-tools-for-stm32.13.3.rel1.win32_1.0.100.202509120712/tools/bin/../lib/gcc/arm-none-eabi/13.3.1/../../../../arm-none-eabi/lib/thumb/v7-m/nofp\libc_nano.a(libc_a-ungetc.o)
                0x08007a82                __submore
 .text.memmove  0x08007af2       0x34 C:/ST/STM32CubeIDE_2.0.0/STM32CubeIDE/plugins/com.st.stm32cube.ide.mcu.externaltools.gnu-tools-for-stm32.13.3.rel1.win32_1.0.100.202509120712/tools/bin/../lib/gcc/arm-none-eabi/13.3.1/../../../../arm-none-eabi/lib/thumb/v7-m/nofp\libc_nano.a(libc_a-memmove.o)
                0x08007af2                memmove
 *fill*         0x08007b26        0x2 
 .text._sbrk_r  0x08007b28       0x20 C:/ST/STM32CubeIDE_2.0.0/STM32CubeIDE/plugins/com.st.stm32cube.ide.mcu.externaltools.gnu-tools-for-stm32.13.3.rel1.win32_1.0.100.202509120712/tools/bin/../lib/gcc/arm-none-eabi/13.3.1/../../../../arm-none-eabi/lib/thumb/v7-m/nofp\libc_nano.a(libc_a-sbrkr.o)
                0x08007b28                _sbrk_r
 .text.memchr   0x08007b48       0x1c C:/ST/STM32CubeIDE_2.0.0/STM32CubeIDE/plugins/com.st.stm32cube.ide.mcu.externaltools.gnu-tools-for-stm32.13.3.rel1.win32_1.0.100.202509120712/tools/bin/../lib/gcc/arm-none-eabi/13.3.1/../../../../arm-none-eabi/lib/thumb/v7-m/nofp\libc_nano.a(libc_a-memchr-stub.o)
                0x08007b48                memchr
 .text.memcpy   0x08007b64       0x1c C:/ST/STM32CubeIDE_2.0.0/STM32CubeIDE/plugins/com.st.stm32cube.ide.mcu.externaltools.gnu-tools-for-stm32.13.3.rel1.win32_1.0.100.202509120712/tools/bin/../lib/gcc/arm-none-eabi/13.3.1/../../../../arm-none-eabi/lib/thumb/v7-m/nofp\libc_nano.a(libc_a-memcpy-stub.o)
                0x08007b64                memcpy
 .text._realloc_r
                0x08007b80       0x5c C:/ST/STM32CubeIDE_2.0.0/STM32CubeIDE/plugins/com.st.stm32cube.ide.mcu.externaltools.gnu-tools-for-stm32.13.3.rel1.win32_1.0.100.202509120712/tools/bin/../lib/gcc/arm-none-eabi/13.3.1/../../../../arm-none-eabi/lib/thumb/v7-m/nofp\libc_nano.a(libc_a-reallocr.o)
                0x08007b80                _realloc_r
 .text._strtol_l.isra.0
                0x08007bdc       0xf4 C:/ST/STM32CubeIDE_2.0.0/STM32CubeIDE/plugins/com.st.stm32cube.ide.mcu.externaltools.gnu-tools-for-stm32.13.3.rel1.win32_1.0.100.202509120712/tools/bin/../lib/gcc/arm-none-eabi/13.3.1/../../../../arm-none-eabi/lib/thumb/v7-m/nofp\libc_nano.a(libc_a-strtol.o)
 .text._strtol_r
                0x08007cd0        0x4 C:/ST/STM32CubeIDE_2.0.0/STM32CubeIDE/plugins/com.st.stm32cube.ide.mcu.externaltools.gnu-tools-for-stm32.13.3.rel1.win32_1.0.100.202509120712/tools/bin/../lib/gcc/arm-none-eabi/13.3.1/../../../../arm-none-eabi/lib/thumb/v7-m/nofp\libc_nano.a(libc_a-strtol.o)
                0x08007cd0                _strtol_r
 .text._strtoul_l.isra.0
                0x08007cd4       0xdc C:/ST/STM32CubeIDE_2.0.0/STM32CubeIDE/plugins/com.st.stm32cube.ide.mcu.externaltools.gnu-tools-for-stm32.13.3.rel1.win32_1.0.100.202509120712/tools/bin/../lib/gcc/arm-none-eabi/13.3.1/../../../../arm-none-eabi/lib/thumb/v7-m/nofp\libc_nano.a(libc_a-strtoul.o)
 .text._strtoul_r
                0x08007db0        0x4 C:/ST/STM32CubeIDE_2.0.0/STM32CubeIDE/plugins/com.st.stm32cube.ide.mcu.externaltools.gnu-tools-for-stm32.13.3.rel1.win32_1.0.100.202509120712/tools/bin/../lib/gcc/arm-none-eabi/13.3.1/../../../../arm-none-eabi/lib/thumb/v7-m/nofp\libc_nano.a(libc_a-strtoul.o)
                0x08007db0                _strtoul_r
 .text._malloc_usable_size_r
                0x08007db4       0x10 C:/ST/STM32CubeIDE_2.0.0/STM32CubeIDE/plugins/com.st.stm32cube.ide.mcu.externaltools.gnu-tools-for-stm32.13.3.rel1.win32_1.0.100.202509120712/tools/bin/../lib/gcc/arm-none-eabi/13.3.1/../../../../arm-none-eabi/lib/thumb/v7-m/nofp\libc_nano.a(libc_a-msizer.o)
                0x08007db4                _malloc_usable_size_r
 *(.glue_7)
 .glue_7        0x08007dc4        0x0 linker stubs
 *(.glue_7t)
 .glue_7t       0x08007dc4        0x0 linker stubs
 *(.eh_frame)
 .eh_frame      0x08007dc4        0x0 C:/ST/STM32CubeIDE_2.0.0/STM32CubeIDE/plugins/com.st.stm32cube.ide.mcu.externaltools.gnu-tools-for-stm32.13.3.rel1.win32_1.0.100.202509120712/tools/bin/../lib/gcc/arm-none-eabi/13.3.1/thumb/v7-m/nofp/crtbegin.o
 *(.init)
 .init          0x08007dc4        0x4 C:/ST/STM32CubeIDE_2.0.0/STM32CubeIDE/plugins/com.st.stm32cube.ide.mcu.externaltools.gnu-tools-for-stm32.13.3.rel1.win32_1.0.100.202509120712/tools/bin/../lib/gcc/arm-none-eabi/13.3.1/thumb/v7-m/nofp/crti.o
                0x08007dc4                _init
 .init          0x08007dc8        0x8 C:/ST/STM32CubeIDE_2.0.0/STM32CubeIDE/plugins/com.st.stm32cube.ide.mcu.externaltools.gnu-tools-for-stm32.13.3.rel1.win32_1.0.100.202509120712/tools/bin/../lib/gcc/arm-none-eabi/13.3.1/thumb/v7-m/nofp/crtn.o
 *(.fini)
 .fini          0x08007dd0        0x4 C:/ST/STM32CubeIDE_2.0.0/STM32CubeIDE/plugins/com.st.stm32cube.ide.mcu.externaltools.gnu-tools-for-stm32.13.3.rel1.win32_1.0.100.202509120712/tools/bin/../lib/gcc/arm-none-eabi/13.3.1/thumb/v7-m/nofp/crti.o
                0x08007dd0                _fini
 .fini          0x08007dd4        0x8 C:/ST/STM32CubeIDE_2.0.0/STM32CubeIDE/plugins/com.st.stm32cube.ide.mcu.externaltools.gnu-tools-for-stm32.13.3.rel1.win32_1.0.100.202509120712/tools/bin/../lib/gcc/arm-none-eabi/13.3.1/thumb/v7-m/nofp/crtn.o
                0x08007ddc                        . = ALIGN (0x4)
                0x08007ddc                        _etext = .

.vfp11_veneer   0x08007ddc        0x0
 .vfp11_veneer  0x08007ddc        0x0 linker stubs

.v4_bx          0x08007ddc        0x0
 .v4_bx         0x08007ddc        0x0 linker stubs

.iplt           0x08007ddc        0x0
 .iplt          0x08007ddc        0x0 C:/ST/STM32CubeIDE_2.0.0/STM32CubeIDE/plugins/com.st.stm32cube.ide.mcu.externaltools.gnu-tools-for-stm32.13.3.rel1.win32_1.0.100.202509120712/tools/bin/../lib/gcc/arm-none-eabi/13.3.1/thumb/v7-m/nofp/crtbegin.o

.rodata         0x08007ddc      0x4cc
                0x08007ddc                        . = ALIGN (0x4)
 *(.rodata)
 .rodata        0x08007ddc       0x10 ./Core/App/app_ethernet.o
 .rodata        0x08007dec        0xc C:/ST/STM32CubeIDE_2.0.0/STM32CubeIDE/plugins/com.st.stm32cube.ide.mcu.externaltools.gnu-tools-for-stm32.13.3.rel1.win32_1.0.100.202509120712/tools/bin/../lib/gcc/arm-none-eabi/13.3.1/../../../../arm-none-eabi/lib/thumb/v7-m/nofp\libc_nano.a(libc_a-nano-vfscanf_i.o)
 *(.rodata*)
 .rodata.cb_ip_conflict.str1.1
                0x08007df8      0x382 ./Core/App/app_ethernet.o
                                 0x15 (size before relaxing)
 .rodata.cb_ip_assigned.str1.1
                0x0800817a        0x0 ./Core/App/app_ethernet.o
                                 0x21 (size before relaxing)
 .rodata.App_Ethernet_Init.str1.1
                0x0800817a        0x0 ./Core/App/app_ethernet.o
                                 0x34 (size before relaxing)
 .rodata.Ethernet_UDP_Periodic_Task.str1.1
                0x0800817a        0x0 ./Core/App/app_ethernet.o
                                 0x39 (size before relaxing)
 .rodata.Ethernet_UDP_Status.str1.1
                0x0800817a        0x0 ./Core/App/app_ethernet.o
                                 0x40 (size before relaxing)
 .rodata.Parse_Ethernet_Commands.str1.1
                0x0800817a        0x0 ./Core/App/app_ethernet.o
                                 0xdb (size before relaxing)
 .rodata.Process_UART_Communication.str1.1
                0x0800817a        0x0 ./Core/App/app_uart_logic.o
                                 0x8b (size before relaxing)
 .rodata.Process_USB_To_Interfaces.str1.1
                0x0800817a        0x0 ./Core/App/app_usb_logic.o
                                 0xa2 (size before relaxing)
 .rodata.APBPrescTable
                0x0800817a        0x8 ./Core/Src/system_stm32f1xx.o
                0x0800817a                APBPrescTable
 .rodata.AHBPrescTable
                0x08008182       0x10 ./Core/Src/system_stm32f1xx.o
                0x08008182                AHBPrescTable
 .rodata.check_DHCP_leasedIP.str1.1
                0x08008192        0x0 ./Core/WIZNET/Internet/DHCP/dhcp.o
                                 0x12 (size before relaxing)
 .rodata.aPredivFactorTable.0
                0x08008192        0x2 ./Drivers/STM32F1xx_HAL_Driver/Src/stm32f1xx_hal_rcc.o
 .rodata.aPLLMULFactorTable.1
                0x08008194       0x10 ./Drivers/STM32F1xx_HAL_Driver/Src/stm32f1xx_hal_rcc.o
 .rodata.USBD_FS_ManufacturerStrDescriptor.str1.1
                0x080081a4        0x0 ./USB_DEVICE/App/usbd_desc.o
                                 0x13 (size before relaxing)
 .rodata.USBD_FS_ProductStrDescriptor.str1.1
                0x080081a4        0x0 ./USB_DEVICE/App/usbd_desc.o
                                 0x16 (size before relaxing)
 .rodata.USBD_FS_ConfigStrDescriptor.str1.1
                0x080081a4        0x0 ./USB_DEVICE/App/usbd_desc.o
                                  0xb (size before relaxing)
 .rodata.USBD_FS_InterfaceStrDescriptor.str1.1
                0x080081a4        0x0 ./USB_DEVICE/App/usbd_desc.o
                                  0xe (size before relaxing)
 .rodata._svfprintf_r.str1.1
                0x080081a4        0x0 C:/ST/STM32CubeIDE_2.0.0/STM32CubeIDE/plugins/com.st.stm32cube.ide.mcu.externaltools.gnu-tools-for-stm32.13.3.rel1.win32_1.0.100.202509120712/tools/bin/../lib/gcc/arm-none-eabi/13.3.1/../../../../arm-none-eabi/lib/thumb/v7-m/nofp\libc_nano.a(libc_a-nano-svfprintf.o)
                                 0x11 (size before relaxing)
 .rodata.__ssvfscanf_r.str1.1
                0x080081a4        0x0 C:/ST/STM32CubeIDE_2.0.0/STM32CubeIDE/plugins/com.st.stm32cube.ide.mcu.externaltools.gnu-tools-for-stm32.13.3.rel1.win32_1.0.100.202509120712/tools/bin/../lib/gcc/arm-none-eabi/13.3.1/../../../../arm-none-eabi/lib/thumb/v7-m/nofp\libc_nano.a(libc_a-nano-svfscanf.o)
                                  0x4 (size before relaxing)
 .rodata._printf_i.str1.1
                0x080081a4        0x0 C:/ST/STM32CubeIDE_2.0.0/STM32CubeIDE/plugins/com.st.stm32cube.ide.mcu.externaltools.gnu-tools-for-stm32.13.3.rel1.win32_1.0.100.202509120712/tools/bin/../lib/gcc/arm-none-eabi/13.3.1/../../../../arm-none-eabi/lib/thumb/v7-m/nofp\libc_nano.a(libc_a-nano-vfprintf_i.o)
                                 0x22 (size before relaxing)
 .rodata._scanf_i.str1.1
                0x080081a4        0x0 C:/ST/STM32CubeIDE_2.0.0/STM32CubeIDE/plugins/com.st.stm32cube.ide.mcu.externaltools.gnu-tools-for-stm32.13.3.rel1.win32_1.0.100.202509120712/tools/bin/../lib/gcc/arm-none-eabi/13.3.1/../../../../arm-none-eabi/lib/thumb/v7-m/nofp\libc_nano.a(libc_a-nano-vfscanf_i.o)
                                 0x12 (size before relaxing)
 .rodata.str1.1
                0x080081a4        0x0 C:/ST/STM32CubeIDE_2.0.0/STM32CubeIDE/plugins/com.st.stm32cube.ide.mcu.externaltools.gnu-tools-for-stm32.13.3.rel1.win32_1.0.100.202509120712/tools/bin/../lib/gcc/arm-none-eabi/13.3.1/../../../../arm-none-eabi/lib/thumb/v7-m/nofp\libc_nano.a(libc_a-nano-vfscanf_i.o)
                                  0x9 (size before relaxing)
 .rodata._ctype_
                0x080081a4      0x101 C:/ST/STM32CubeIDE_2.0.0/STM32CubeIDE/plugins/com.st.stm32cube.ide.mcu.externaltools.gnu-tools-for-stm32.13.3.rel1.win32_1.0.100.202509120712/tools/bin/../lib/gcc/arm-none-eabi/13.3.1/../../../../arm-none-eabi/lib/thumb/v7-m/nofp\libc_nano.a(libc_a-ctype_.o)
                0x080081a4                _ctype_
                0x080082a8                        . = ALIGN (0x4)
 *fill*         0x080082a5        0x3 

.ARM.extab      0x080082a8        0x0
                0x080082a8                        . = ALIGN (0x4)
 *(.ARM.extab* .gnu.linkonce.armextab.*)
                0x080082a8                        . = ALIGN (0x4)

.ARM            0x080082a8        0x8
                0x080082a8                        . = ALIGN (0x4)
                0x080082a8                        __exidx_start = .
 *(.ARM.exidx*)
 .ARM.exidx     0x080082a8        0x8 C:/ST/STM32CubeIDE_2.0.0/STM32CubeIDE/plugins/com.st.stm32cube.ide.mcu.externaltools.gnu-tools-for-stm32.13.3.rel1.win32_1.0.100.202509120712/tools/bin/../lib/gcc/arm-none-eabi/13.3.1/../../../../arm-none-eabi/lib/thumb/v7-m/nofp\libc_nano.a(libc_a-strcmp.o)
 .ARM.exidx     0x080082b0        0x0 C:/ST/STM32CubeIDE_2.0.0/STM32CubeIDE/plugins/com.st.stm32cube.ide.mcu.externaltools.gnu-tools-for-stm32.13.3.rel1.win32_1.0.100.202509120712/tools/bin/../lib/gcc/arm-none-eabi/13.3.1/../../../../arm-none-eabi/lib/thumb/v7-m/nofp\libc_nano.a(libc_a-strlen.o)
                                  0x8 (size before relaxing)
                0x080082b0                        __exidx_end = .
                0x080082b0                        . = ALIGN (0x4)

.preinit_array  0x080082b0        0x0
                0x080082b0                        . = ALIGN (0x4)
                0x080082b0                        PROVIDE (__preinit_array_start = .)
 *(.preinit_array*)
                0x080082b0                        PROVIDE (__preinit_array_end = .)
                0x080082b0                        . = ALIGN (0x4)

.init_array     0x080082b0        0x4
                0x080082b0                        . = ALIGN (0x4)
                0x080082b0                        PROVIDE (__init_array_start = .)
 *(SORT_BY_NAME(.init_array.*))
 *(.init_array*)
 .init_array    0x080082b0        0x4 C:/ST/STM32CubeIDE_2.0.0/STM32CubeIDE/plugins/com.st.stm32cube.ide.mcu.externaltools.gnu-tools-for-stm32.13.3.rel1.win32_1.0.100.202509120712/tools/bin/../lib/gcc/arm-none-eabi/13.3.1/thumb/v7-m/nofp/crtbegin.o
                0x080082b4                        PROVIDE (__init_array_end = .)
                0x080082b4                        . = ALIGN (0x4)

.fini_array     0x080082b4        0x4
                0x080082b4                        . = ALIGN (0x4)
                [!provide]                        PROVIDE (__fini_array_start = .)
 *(SORT_BY_NAME(.fini_array.*))
 *(.fini_array*)
 .fini_array    0x080082b4        0x4 C:/ST/STM32CubeIDE_2.0.0/STM32CubeIDE/plugins/com.st.stm32cube.ide.mcu.externaltools.gnu-tools-for-stm32.13.3.rel1.win32_1.0.100.202509120712/tools/bin/../lib/gcc/arm-none-eabi/13.3.1/thumb/v7-m/nofp/crtbegin.o
                [!provide]                        PROVIDE (__fini_array_end = .)
                0x080082b8                        . = ALIGN (0x4)
                0x080082b8                        _sidata = LOADADDR (.data)

.rel.dyn        0x080082b8        0x0
 .rel.iplt      0x080082b8        0x0 C:/ST/STM32CubeIDE_2.0.0/STM32CubeIDE/plugins/com.st.stm32cube.ide.mcu.externaltools.gnu-tools-for-stm32.13.3.rel1.win32_1.0.100.202509120712/tools/bin/../lib/gcc/arm-none-eabi/13.3.1/thumb/v7-m/nofp/crtbegin.o

.data           0x20000000      0x21c load address 0x080082b8
                0x20000000                        . = ALIGN (0x4)
                0x20000000                        _sdata = .
 *(.data)
 *(.data*)
 .data.global_hue
                0x20000000        0x1 ./Core/Src/main.o
                0x20000000                global_hue
 .data.global_brightness
                0x20000001        0x1 ./Core/Src/main.o
                0x20000001                global_brightness
 *fill*         0x20000002        0x2 
 .data.SystemCoreClock
                0x20000004        0x4 ./Core/Src/system_stm32f1xx.o
                0x20000004                SystemCoreClock
 .data.sock_any_port
                0x20000008        0x2 ./Core/WIZNET/Ethernet/socket.o
 *fill*         0x2000000a        0x2 
 .data.WIZCHIP  0x2000000c       0x2c ./Core/WIZNET/Ethernet/wizchip_conf.o
                0x2000000c                WIZCHIP
 .data.dhcp_ip_conflict
                0x20000038        0x4 ./Core/WIZNET/Internet/DHCP/dhcp.o
                0x20000038                dhcp_ip_conflict
 .data.dhcp_ip_update
                0x2000003c        0x4 ./Core/WIZNET/Internet/DHCP/dhcp.o
                0x2000003c                dhcp_ip_update
 .data.dhcp_ip_assign
                0x20000040        0x4 ./Core/WIZNET/Internet/DHCP/dhcp.o
                0x20000040                dhcp_ip_assign
 .data.HOST_NAME
                0x20000044        0x8 ./Core/WIZNET/Internet/DHCP/dhcp.o
                0x20000044                HOST_NAME
 .data.dhcp_tick_next
                0x2000004c        0x4 ./Core/WIZNET/Internet/DHCP/dhcp.o
                0x2000004c                dhcp_tick_next
 .data.dhcp_lease_time
                0x20000050        0x4 ./Core/WIZNET/Internet/DHCP/dhcp.o
                0x20000050                dhcp_lease_time
 .data.uwTickFreq
                0x20000054        0x1 ./Drivers/STM32F1xx_HAL_Driver/Src/stm32f1xx_hal.o
                0x20000054                uwTickFreq
 *fill*         0x20000055        0x3 
 .data.uwTickPrio
                0x20000058        0x4 ./Drivers/STM32F1xx_HAL_Driver/Src/stm32f1xx_hal.o
                0x20000058                uwTickPrio
 .data.USBD_CDC_OtherSpeedCfgDesc
                0x2000005c       0x43 ./Middlewares/ST/STM32_USB_Device_Library/Class/CDC/Src/usbd_cdc.o
                0x2000005c                USBD_CDC_OtherSpeedCfgDesc
 *fill*         0x2000009f        0x1 
 .data.USBD_CDC_CfgFSDesc
                0x200000a0       0x43 ./Middlewares/ST/STM32_USB_Device_Library/Class/CDC/Src/usbd_cdc.o
                0x200000a0                USBD_CDC_CfgFSDesc
 *fill*         0x200000e3        0x1 
 .data.USBD_CDC_CfgHSDesc
                0x200000e4       0x43 ./Middlewares/ST/STM32_USB_Device_Library/Class/CDC/Src/usbd_cdc.o
                0x200000e4                USBD_CDC_CfgHSDesc
 *fill*         0x20000127        0x1 
 .data.USBD_CDC
                0x20000128       0x38 ./Middlewares/ST/STM32_USB_Device_Library/Class/CDC/Src/usbd_cdc.o
                0x20000128                USBD_CDC
 .data.USBD_CDC_DeviceQualifierDesc
                0x20000160        0xa ./Middlewares/ST/STM32_USB_Device_Library/Class/CDC/Src/usbd_cdc.o
 *fill*         0x2000016a        0x2 
 .data.USBD_Interface_fops_FS
                0x2000016c       0x10 ./USB_DEVICE/App/usbd_cdc_if.o
                0x2000016c                USBD_Interface_fops_FS
 .data.USBD_StringSerial
                0x2000017c       0x1a ./USB_DEVICE/App/usbd_desc.o
                0x2000017c                USBD_StringSerial
 *fill*         0x20000196        0x2 
 .data.USBD_LangIDDesc
                0x20000198        0x4 ./USB_DEVICE/App/usbd_desc.o
                0x20000198                USBD_LangIDDesc
 .data.USBD_FS_DeviceDesc
                0x2000019c       0x12 ./USB_DEVICE/App/usbd_desc.o
                0x2000019c                USBD_FS_DeviceDesc
 *fill*         0x200001ae        0x2 
 .data.FS_Desc  0x200001b0       0x1c ./USB_DEVICE/App/usbd_desc.o
                0x200001b0                FS_Desc
 .data._impure_ptr
                0x200001cc        0x4 C:/ST/STM32CubeIDE_2.0.0/STM32CubeIDE/plugins/com.st.stm32cube.ide.mcu.externaltools.gnu-tools-for-stm32.13.3.rel1.win32_1.0.100.202509120712/tools/bin/../lib/gcc/arm-none-eabi/13.3.1/../../../../arm-none-eabi/lib/thumb/v7-m/nofp\libc_nano.a(libc_a-impure.o)
                0x200001cc                _impure_ptr
 .data._impure_data
                0x200001d0       0x4c C:/ST/STM32CubeIDE_2.0.0/STM32CubeIDE/plugins/com.st.stm32cube.ide.mcu.externaltools.gnu-tools-for-stm32.13.3.rel1.win32_1.0.100.202509120712/tools/bin/../lib/gcc/arm-none-eabi/13.3.1/../../../../arm-none-eabi/lib/thumb/v7-m/nofp\libc_nano.a(libc_a-impure.o)
                0x200001d0                _impure_data
 *(.RamFunc)
 *(.RamFunc*)
                0x2000021c                        . = ALIGN (0x4)
                0x2000021c                        _edata = .

.igot.plt       0x2000021c        0x0 load address 0x080084d4
 .igot.plt      0x2000021c        0x0 C:/ST/STM32CubeIDE_2.0.0/STM32CubeIDE/plugins/com.st.stm32cube.ide.mcu.externaltools.gnu-tools-for-stm32.13.3.rel1.win32_1.0.100.202509120712/tools/bin/../lib/gcc/arm-none-eabi/13.3.1/thumb/v7-m/nofp/crtbegin.o
                0x2000021c                        . = ALIGN (0x4)

.bss            0x2000021c     0x38ec load address 0x080084d4
                0x2000021c                        _sbss = .
                0x2000021c                        __bss_start__ = _sbss
 *(.bss)
 .bss           0x2000021c       0x1c C:/ST/STM32CubeIDE_2.0.0/STM32CubeIDE/plugins/com.st.stm32cube.ide.mcu.externaltools.gnu-tools-for-stm32.13.3.rel1.win32_1.0.100.202509120712/tools/bin/../lib/gcc/arm-none-eabi/13.3.1/thumb/v7-m/nofp/crtbegin.o
 *(.bss*)
 .bss.last_beacon_time.0
                0x20000238        0x4 ./Core/App/app_ethernet.o
 .bss.dhcp_buffer
                0x2000023c      0x400 ./Core/App/app_ethernet.o
 .bss.last_step_time
                0x2000063c        0x4 ./Core/App/ws2812b.o
 .bss.current_pos
                0x20000640        0x2 ./Core/App/ws2812b.o
 .bss.led_buffer
                0x20000642     0x1b64 ./Core/App/ws2812b.o
                0x20000642                led_buffer
 .bss.current_edit_target
                0x200021a6        0x1 ./Core/Src/main.o
                0x200021a6                current_edit_target
 .bss.uart_msg_ready
                0x200021a7        0x1 ./Core/Src/main.o
                0x200021a7                uart_msg_ready
 .bss.uart_is_collecting
                0x200021a8        0x1 ./Core/Src/main.o
                0x200021a8                uart_is_collecting
 .bss.uart_rx_index
                0x200021a9        0x1 ./Core/Src/main.o
                0x200021a9                uart_rx_index
 .bss.uart_rx_buffer
                0x200021aa       0x40 ./Core/Src/main.o
                0x200021aa                uart_rx_buffer
 .bss.uart_rx_data
                0x200021ea        0x1 ./Core/Src/main.o
                0x200021ea                uart_rx_data
 .bss.neighbor_ip
                0x200021eb        0x4 ./Core/Src/main.o
                0x200021eb                neighbor_ip
 .bss.rx_buf    0x200021ef      0x400 ./Core/Src/main.o
                0x200021ef                rx_buf
 .bss.ethernet_text_index
                0x200025ef        0x1 ./Core/Src/main.o
                0x200025ef                ethernet_text_index
 .bss.ethernet_text_buffer
                0x200025f0       0x80 ./Core/Src/main.o
                0x200025f0                ethernet_text_buffer
 .bss.ethernet_tx_wait_text_flag
                0x20002670        0x1 ./Core/Src/main.o
                0x20002670                ethernet_tx_wait_text_flag
 *fill*         0x20002671        0x3 
 .bss.huart2    0x20002674       0x48 ./Core/Src/main.o
                0x20002674                huart2
 .bss.hdma_tim2_ch1
                0x200026bc       0x44 ./Core/Src/main.o
                0x200026bc                hdma_tim2_ch1
 .bss.htim2     0x20002700       0x48 ./Core/Src/main.o
                0x20002700                htim2
 .bss.hspi1     0x20002748       0x58 ./Core/Src/main.o
                0x20002748                hspi1
 .bss.__sbrk_heap_end
                0x200027a0        0x4 ./Core/Src/sysmem.o
 .bss.sock_pack_info
                0x200027a4        0x8 ./Core/WIZNET/Ethernet/socket.o
                0x200027a4                sock_pack_info
 .bss.sock_remained_size
                0x200027ac       0x10 ./Core/WIZNET/Ethernet/socket.o
 .bss.sock_is_sending
                0x200027bc        0x2 ./Core/WIZNET/Ethernet/socket.o
 .bss.sock_io_mode
                0x200027be        0x2 ./Core/WIZNET/Ethernet/socket.o
 .bss._DHCP_    0x200027c0        0x1 ./Core/WIZNET/Ethernet/wizchip_conf.o
 .bss._DNS_     0x200027c1        0x4 ./Core/WIZNET/Ethernet/wizchip_conf.o
 .bss.DHCP_CHADDR
                0x200027c5        0x6 ./Core/WIZNET/Internet/DHCP/dhcp.o
                0x200027c5                DHCP_CHADDR
 *fill*         0x200027cb        0x1 
 .bss.pDHCPMSG  0x200027cc        0x4 ./Core/WIZNET/Internet/DHCP/dhcp.o
                0x200027cc                pDHCPMSG
 .bss.DHCP_XID  0x200027d0        0x4 ./Core/WIZNET/Internet/DHCP/dhcp.o
                0x200027d0                DHCP_XID
 .bss.dhcp_tick_1s
                0x200027d4        0x4 ./Core/WIZNET/Internet/DHCP/dhcp.o
                0x200027d4                dhcp_tick_1s
 .bss.dhcp_retry_count
                0x200027d8        0x1 ./Core/WIZNET/Internet/DHCP/dhcp.o
                0x200027d8                dhcp_retry_count
 .bss.dhcp_state
                0x200027d9        0x1 ./Core/WIZNET/Internet/DHCP/dhcp.o
                0x200027d9                dhcp_state
 .bss.DHCP_allocated_dns
                0x200027da        0x4 ./Core/WIZNET/Internet/DHCP/dhcp.o
                0x200027da                DHCP_allocated_dns
 .bss.DHCP_allocated_sn
                0x200027de        0x4 ./Core/WIZNET/Internet/DHCP/dhcp.o
                0x200027de                DHCP_allocated_sn
 .bss.DHCP_allocated_gw
                0x200027e2        0x4 ./Core/WIZNET/Internet/DHCP/dhcp.o
                0x200027e2                DHCP_allocated_gw
 .bss.DHCP_allocated_ip
                0x200027e6        0x4 ./Core/WIZNET/Internet/DHCP/dhcp.o
                0x200027e6                DHCP_allocated_ip
 .bss.OLD_allocated_ip
                0x200027ea        0x4 ./Core/WIZNET/Internet/DHCP/dhcp.o
                0x200027ea                OLD_allocated_ip
 .bss.DHCP_REAL_SIP
                0x200027ee        0x4 ./Core/WIZNET/Internet/DHCP/dhcp.o
                0x200027ee                DHCP_REAL_SIP
 .bss.DHCP_SIP  0x200027f2        0x4 ./Core/WIZNET/Internet/DHCP/dhcp.o
                0x200027f2                DHCP_SIP
 .bss.DHCP_SOCKET
                0x200027f6        0x1 ./Core/WIZNET/Internet/DHCP/dhcp.o
                0x200027f6                DHCP_SOCKET
 *fill*         0x200027f7        0x1 
 .bss.uwTick    0x200027f8        0x4 ./Drivers/STM32F1xx_HAL_Driver/Src/stm32f1xx_hal.o
                0x200027f8                uwTick
 .bss.cfgidx.0  0x200027fc        0x1 ./Middlewares/ST/STM32_USB_Device_Library/Core/Src/usbd_ctlreq.o
 *fill*         0x200027fd        0x3 
 .bss.hUsbDeviceFS
                0x20002800      0x2c4 ./USB_DEVICE/App/usb_device.o
                0x20002800                hUsbDeviceFS
 .bss.UserTxBufferFS
                0x20002ac4      0x400 ./USB_DEVICE/App/usbd_cdc_if.o
                0x20002ac4                UserTxBufferFS
 .bss.UserRxBufferFS
                0x20002ec4      0x400 ./USB_DEVICE/App/usbd_cdc_if.o
                0x20002ec4                UserRxBufferFS
 .bss.rx_data   0x200032c4        0x1 ./USB_DEVICE/App/usbd_cdc_if.o
                0x200032c4                rx_data
 .bss.rx_flag   0x200032c5        0x1 ./USB_DEVICE/App/usbd_cdc_if.o
                0x200032c5                rx_flag
 *fill*         0x200032c6        0x2 
 .bss.USBD_StrDesc
                0x200032c8      0x200 ./USB_DEVICE/App/usbd_desc.o
                0x200032c8                USBD_StrDesc
 .bss.mem.0     0x200034c8      0x220 ./USB_DEVICE/Target/usbd_conf.o
 .bss.hpcd_USB_FS
                0x200036e8      0x2d8 ./USB_DEVICE/Target/usbd_conf.o
                0x200036e8                hpcd_USB_FS
 .bss.__sf      0x200039c0      0x138 C:/ST/STM32CubeIDE_2.0.0/STM32CubeIDE/plugins/com.st.stm32cube.ide.mcu.externaltools.gnu-tools-for-stm32.13.3.rel1.win32_1.0.100.202509120712/tools/bin/../lib/gcc/arm-none-eabi/13.3.1/../../../../arm-none-eabi/lib/thumb/v7-m/nofp\libc_nano.a(libc_a-findfp.o)
                0x200039c0                __sf
 .bss.errno     0x20003af8        0x4 C:/ST/STM32CubeIDE_2.0.0/STM32CubeIDE/plugins/com.st.stm32cube.ide.mcu.externaltools.gnu-tools-for-stm32.13.3.rel1.win32_1.0.100.202509120712/tools/bin/../lib/gcc/arm-none-eabi/13.3.1/../../../../arm-none-eabi/lib/thumb/v7-m/nofp\libc_nano.a(libc_a-reent.o)
                0x20003af8                errno
 .bss.__lock___malloc_recursive_mutex
                0x20003afc        0x1 C:/ST/STM32CubeIDE_2.0.0/STM32CubeIDE/plugins/com.st.stm32cube.ide.mcu.externaltools.gnu-tools-for-stm32.13.3.rel1.win32_1.0.100.202509120712/tools/bin/../lib/gcc/arm-none-eabi/13.3.1/../../../../arm-none-eabi/lib/thumb/v7-m/nofp\libc_nano.a(libc_a-lock.o)
                0x20003afc                __lock___malloc_recursive_mutex
 *fill*         0x20003afd        0x3 
 .bss.__malloc_sbrk_start
                0x20003b00        0x4 C:/ST/STM32CubeIDE_2.0.0/STM32CubeIDE/plugins/com.st.stm32cube.ide.mcu.externaltools.gnu-tools-for-stm32.13.3.rel1.win32_1.0.100.202509120712/tools/bin/../lib/gcc/arm-none-eabi/13.3.1/../../../../arm-none-eabi/lib/thumb/v7-m/nofp\libc_nano.a(libc_a-mallocr.o)
                0x20003b00                __malloc_sbrk_start
 .bss.__malloc_free_list
                0x20003b04        0x4 C:/ST/STM32CubeIDE_2.0.0/STM32CubeIDE/plugins/com.st.stm32cube.ide.mcu.externaltools.gnu-tools-for-stm32.13.3.rel1.win32_1.0.100.202509120712/tools/bin/../lib/gcc/arm-none-eabi/13.3.1/../../../../arm-none-eabi/lib/thumb/v7-m/nofp\libc_nano.a(libc_a-mallocr.o)
                0x20003b04                __malloc_free_list
 *(COMMON)
                0x20003b08                        . = ALIGN (0x4)
                0x20003b08                        _ebss = .
                0x20003b08                        __bss_end__ = _ebss

._user_heap_stack
                0x20003b08      0x600 load address 0x080084d4
                0x20003b08                        . = ALIGN (0x8)
                [!provide]                        PROVIDE (end = .)
                0x20003b08                        PROVIDE (_end = .)
                0x20003d08                        . = (. + _Min_Heap_Size)
 *fill*         0x20003b08      0x200 
                0x20004108                        . = (. + _Min_Stack_Size)
 *fill*         0x20003d08      0x400 
                0x20004108                        . = ALIGN (0x8)

/DISCARD/
 libc.a(*)
 libm.a(*)
 libgcc.a(*)

.ARM.attributes
                0x00000000       0x29
 *(.ARM.attributes)
 .ARM.attributes
                0x00000000       0x1d C:/ST/STM32CubeIDE_2.0.0/STM32CubeIDE/plugins/com.st.stm32cube.ide.mcu.externaltools.gnu-tools-for-stm32.13.3.rel1.win32_1.0.100.202509120712/tools/bin/../lib/gcc/arm-none-eabi/13.3.1/thumb/v7-m/nofp/crti.o
 .ARM.attributes
                0x0000001d       0x2d C:/ST/STM32CubeIDE_2.0.0/STM32CubeIDE/plugins/com.st.stm32cube.ide.mcu.externaltools.gnu-tools-for-stm32.13.3.rel1.win32_1.0.100.202509120712/tools/bin/../lib/gcc/arm-none-eabi/13.3.1/thumb/v7-m/nofp/crtbegin.o
 .ARM.attributes
                0x0000004a       0x2d ./Core/App/app_ethernet.o
 .ARM.attributes
                0x00000077       0x2d ./Core/App/app_uart_logic.o
 .ARM.attributes
                0x000000a4       0x2d ./Core/App/app_usb_log.o
 .ARM.attributes
                0x000000d1       0x2d ./Core/App/app_usb_logic.o
 .ARM.attributes
                0x000000fe       0x2d ./Core/App/ws2812b.o
 .ARM.attributes
                0x0000012b       0x2d ./Core/Src/main.o
 .ARM.attributes
                0x00000158       0x2d ./Core/Src/stm32f1xx_hal_msp.o
 .ARM.attributes
                0x00000185       0x2d ./Core/Src/stm32f1xx_it.o
 .ARM.attributes