../Core/App/app_ethernet.c:32:13:W5500_Select	8	static
../Core/App/app_ethernet.c:37:13:W5500_Unselect	8	static
../Core/App/app_ethernet.c:42:16:W5500_ReadByte	24	static
../Core/App/app_ethernet.c:49:6:W5500_WriteByte	16	static
../Core/App/app_ethernet.c:54:13:Get_Unique_MAC	24	static
../Core/App/app_ethernet.c:65:13:cb_ip_assigned	32	static
../Core/App/app_ethernet.c:76:13:cb_ip_conflict	8	static
../Core/App/app_ethernet.c:82:6:App_Ethernet_Init	56	static
../Core/App/app_ethernet.c:108:6:App_Ethernet_Process	16	static
../Core/App/app_ethernet.c:126:6:Ethernet_Send_Command_To_LED	24	static
../Core/App/app_ethernet.c:143:13:Ethernet_Master_UDP_Receiver_Task	288	static
